06-02 04:45:01.930   942  1003 V WindowManagerShell:  Checking filter Pair{{types=[] flags=0x0] notFlags=0x0 checks=[{atype=undefined independent=true modes=[CLOSE,TO_BACK] flags=IN_TASK_WITH_EMBEDDED_ACTIVITY mustBeTask=false order=ANY topActivity=null launchCookie=null taskFragmentToken=android.os.BinderProxy@5801ddb windowingMode=undefined}]} RemoteTransition { remoteTransition = android.window.IRemoteTransition$Stub$Proxy@307a078, appThread = android.app.IApplicationThread$Stub$Proxy@1f41351, debugName = overlayBackTransition }}
06-02 04:45:01.930   942  1003 V WindowManagerShell:  Checking filter Pair{{types=[] flags=0x0] notFlags=0x0 checks=[{atype=dream independent=true modes=[OPEN,TO_FRONT] flags=NONE mustBeTask=false order=ANY topActivity=null launchCookie=null windowingMode=undefined},{atype=home independent=true modes=[CLOSE,TO_BACK] flags=NONE mustBeTask=false order=ANY topActivity=null launchCookie=null windowingMode=undefined}]} RemoteTransition { remoteTransition = android.window.IRemoteTransition$Stub$Proxy@47517b6, appThread = android.app.IApplicationThread$Stub$Proxy@fd8bcb7, debugName = LauncherToDream }}
06-02 04:45:01.931   942  1003 V WindowManagerShell:  Checking filter Pair{{types=[] flags=0x0] notFlags=0x100 checks=[{atype=home independent=true modes=[OPEN,TO_FRONT] flags=NONE mustBeTask=false order=TOP topActivity=ComponentInfo{com.google.android.apps.nexuslauncher/com.google.android.apps.nexuslauncher.NexusLauncherActivity} launchCookie=null windowingMode=undefined},{atype=standard independent=true modes=[CLOSE,TO_BACK] flags=NONE mustBeTask=false order=ANY topActivity=null launchCookie=null windowingMode=undefined},{NOT atype=undefined independent=true modes=[] flags=NONE mustBeTask=true order=ANY topActivity=null launchCookie=null customAnim=true windowingMode=undefined}]} RemoteTransition { remoteTransition = android.window.IRemoteTransition$Stub$Proxy@5524c24, appThread = android.app.IApplicationThread$Stub$Proxy@f15938d, debugName = QuickstepLaunchHome }}
06-02 04:45:01.931   942  1003 V WindowManagerShell:  Delegate animation for (#8) to null
06-02 04:45:01.931   942  1003 V WindowManagerShell: start default transition animation, info = {id=8 t=CLOSE f=0x0 trk=0 r=[0@Point(0, 0)] c=[{m=CHANGE f=SHOW_WALLPAPER|MOVE_TO_TOP leash=Surface(name=Task=1)/@0xe02978c sb=Rect(0, 0 - 1080, 2400) eb=Rect(0, 0 - 1080, 2400) epz=Point(1080, 2400) d=0 taskParent=-1},{m=CLOSE f=TRANSLUCENT leash=Surface(name=Task=6)/@0x38f5ed5 sb=Rect(0, 0 - 1080, 2400) eb=Rect(0, 0 - 1080, 2400) epz=Point(1080, 2400) d=0 taskParent=-1}]}
06-02 04:45:01.946   942  1003 V WindowManagerShell: loadAnimation: anim=android.view.animation.AnimationSet@654db89 animAttr=0x7 type=CLOSE isEntrance=false
06-02 04:45:01.972   687   722 I ActivityManager: Extending process start timeout by 7837ms for ProcessRecord{6101099 2255:com.android.phone/1001}
06-02 04:45:01.983   942  1003 V WindowManagerShell:  animated by com.android.wm.shell.transition.DefaultTransitionHandler@a5be8f
06-02 04:45:02.190   687   712 W Looper  : Drained
06-02 04:45:02.256   687   712 W Looper  : Slow dispatch took 413ms android.fg app=system_server main=false group=FOREGROUND h=android.os.Handler c=<recycled PooledLambda@68aa2e3> m=0
06-02 04:45:02.286   942  1003 V WindowManagerShell: Transition animation finished (aborted=false), notifying core (#8) android.os.BinderProxy@da88ade@0
06-02 04:45:02.389   942  1003 V WindowManagerShell: Track 0 became idle
06-02 04:45:02.389   942  1003 V WindowManagerShell: All active transition animations finished
06-02 04:45:02.678   687   687 W Looper  : Slow dispatch took 334ms main app=system_server main=true group=FOREGROUND h=android.os.Handler c=android.app.LoadedApk$ServiceDispatcher$RunConnection@3ad96cd m=0
06-02 04:45:02.682   687   712 V WindowManager: Sent Transition (#8) createdAt=06-02 04:45:01.114 via request=TransitionRequestInfo { type = CLOSE, triggerTask = TaskInfo{userId=0 taskId=6 effectiveUid=10187 displayId=0 isRunning=false baseIntent=Intent { flg=0x10800000 cmp=com.android.systemui/.usb.UsbDebuggingActivity } baseActivity=null topActivity=null origActivity=null realActivity=ComponentInfo{com.android.systemui/com.android.systemui.usb.UsbDebuggingActivity} numActivities=0 lastActiveTime=75083 supportsMultiWindow=true resizeMode=1 isResizeable=true minWidth=-1 minHeight=-1 defaultMinSize=220 token=WCT{RemoteToken{469db82 Task{be6eede #6 type=standard A=10187:com.android.systemui}}} topActivityType=1 pictureInPictureParams=null shouldDockBigOverlays=false launchIntoPipHostTaskId=-1 lastParentTaskIdBeforePip=-1 displayCutoutSafeInsets=Rect(0, 0 - 0, 0) topActivityInfo=null launchCookies=[] positionInParent=Point(0, 0) parentTaskId=-1 isFocused=true isVisible=true isVisibleRequested=true isTopActivityNoDisplay=false isSleeping=false locusId=null displayAreaFeatureId=1 isTopActivityTransparent=false isActivityStackTransparent=true lastNonFullscreenBounds=Rect(297, 660 - 783, 1740) capturedLink=null capturedLinkTimestamp=0 requestedVisibleTypes=-9 topActivityRequestOpenInBrowserEducationTimestamp=0 appCompatTaskInfo=AppCompatTaskInfo { topActivityInSizeCompat=false eligibleForLetterboxEducation= false isLetterboxEducationEnabled= false isLetterboxDoubleTapEnabled= false eligibleForUserAspectRatioButton= false topActivityBoundsLetterboxed= false isFromLetterboxDoubleTap= false topActivityLetterboxVerticalPosition= -1 topActivityLetterboxHorizontalPosition= -1 topActivityLetterboxWidth=-1 topActivityLetterboxHeight=-1 topActivityAppBounds=Rect(0, 0 - 0, 0) isUserFullscreenOverrideEnabled=false isSystemFullscreenOverrideEnabled=false hasMinAspectRatioOverride=false topActivityLetterboxBounds=null cameraCompatTaskInfo=CameraCompatTaskInfo { freeformCameraCompatMode=undefined}} topActivityMainWindowFrame=null}, pipChange = null, remoteTransition = null, displayChange = null, flags = 0, debugId = 8 }
06-02 04:45:02.682   687   712 V WindowManager:     startWCT=WindowContainerTransaction { changes= {} hops= [] errorCallbackToken=null taskFragmentOrganizer=null }
06-02 04:45:02.683   687   712 V WindowManager:     info={id=8 t=CLOSE f=0x0 trk=0 r=[0@Point(0, 0)] c=[
06-02 04:45:02.683   687   712 V WindowManager:         {WCT{RemoteToken{a804293 Task{3c543b3 #1 type=home}}} m=CHANGE f=SHOW_WALLPAPER|MOVE_TO_TOP leash=Surface(name=Task=1)/@0x6e8a1fa sb=Rect(0, 0 - 1080, 2400) eb=Rect(0, 0 - 1080, 2400) epz=Point(1080, 2400) d=0 taskParent=-1},
06-02 04:45:02.683   687   712 V WindowManager:         {WCT{RemoteToken{469db82 Task{be6eede #6 type=standard A=10187:com.android.systemui}}} m=CLOSE f=TRANSLUCENT leash=Surface(name=Task=6)/@0xef9f745 sb=Rect(0, 0 - 1080, 2400) eb=Rect(0, 0 - 1080, 2400) epz=Point(1080, 2400) d=0 taskParent=-1}
06-02 04:45:02.683   687   712 V WindowManager:     ]}
06-02 04:45:02.690   687   712 W Looper  : Slow delivery took 394ms android.fg app=system_server main=false group=FOREGROUND h=android.os.Handler c=com.android.server.wm.TransitionController$Logger@d9752d0 m=0
06-02 04:45:02.741   687   712 V WindowManager: Finish Transition (#8): created at 06-02 04:45:01.114 collect-started=0.048ms request-sent=0.187ms started=115.865ms ready=588.522ms sent=678.062ms commit=195.651ms finished=1181.248ms
06-02 04:45:02.742   687   712 D AdbDebuggingManager: Logging key QAAAAA8IP5IRGYkOgkvDiS05DSscZm65TbTGKQi1QgmS8qNA5A/hYF+l97+MYM0VvCv2BfJMu3vm7wq99LUdL8hsTEvGGahY33WsZm32ZMQwTnO48G0M7+TWfBUNymZu2FK0b+ER5bmSDPJfTeSR9QI+wrIYsWHQ2dAMFjHBjSddGBnT3eMEAN3tF33HmpMf3YZthIHw5qxF3ckEGNIFp1K8u0PdNb9bMT+lOD7q6Xii1rD+/TglWZnQpeHK3zkEtVbPFIb0y7Ku0yIeUysUvkauOBcwY3aah5EZ0UrJc8dG6w1eN8icJOpumDuD8VKR/8db/9Ss+AuMha56dmUMCDvvpLVHo3ifzQKODb0DqteRt9Is7KmuEivdbeENGG1lpVJimD6TCrrHaebLGEtnDIAiJRNyEdC764FVGonfw1DyKrk/2sDOC1de1zHiDZV8wrqu9iaLYDS1IOiOWWdSkYV/zG46vktmOXom0m9OjQJ8AB2gYf0pTHW+lQXpw1IPykhRzoR9SKM/j76TOZWElQuowyILKqZz6Ckk+6rZQT3pePNWnq0wyND9W0dMS/Tlpmo4zxPoqoqSXMnbZ/vKe08SdlplbQEuo/IWHe/TmsDM00Tz1WJvqWWA8f5urrV2yXbwIJK84HT/NkgqI2YTdca+wvJTFCuachB3AaXJJ6l/p/dna6zABQEAAQA= shaolin@kofi, state = 2, alwaysAllow = false, lastConnectionTime = 0, authWindow = 604800000
06-02 04:45:02.742   687  1012 W ActivityTaskManager: Finishing task with all activities already finished
06-02 04:45:02.742   687  1012 W ActivityTaskManager: Duplicate finish request for r=ActivityRecord{239578649 u0 com.android.systemui/.usb.UsbDebuggingActivity t6 f}}
06-02 04:45:02.784   687   712 W Looper  : Drained
06-02 04:45:02.841   687   687 V NotificationManagerService.NotificationListeners: 0 notification listener service connected: ComponentInfo{com.google.android.as/com.google.android.apps.miphone.aiai.common.notification.service.AiAiNotificationListenerService}
06-02 04:45:02.900   687   900 D BackgroundInstallControlService: Package event received: 0
06-02 04:45:02.900   687   900 D BackgroundInstallControlService: Package event received: 0
06-02 04:45:03.091   687   705 W PackageConfigPersister: App-specific configuration not found for packageName: com.google.android.apps.nexuslauncher and userId: 0
06-02 04:45:03.223   687  2536 I DisplayManager: Choreographer implicitly registered for the refresh rate.
06-02 04:45:03.629   687  1134 D CoreBackPreview: Window{b67a39a u0 com.android.systemui/com.android.systemui.usb.UsbDebuggingActivity}: Setting back callback null
06-02 04:45:03.648   687  1585 W JobScheduler: Job didn't exist in JobStore: 644915b {androidx.work.systemjobscheduler} #u0a137/17 @androidx.work.systemjobscheduler@com.google.android.as/androidx.work.impl.background.systemjob.SystemJobService
06-02 04:45:03.835   687   900 D BackgroundInstallControlService: Package event received: 0
06-02 04:45:03.840   687  1012 I ActivityManager: Enqueued broadcast Intent { act=com.android.emulator.multidisplay.START flg=0x400000 cmp=com.android.emulator.multidisplay/.MultiDisplayServiceReceiver }: 0
06-02 04:45:03.934   249  2421 I keystore2: system/security/keystore2/watchdog/src/lib.rs:377 - Watchdog thread idle -> terminating. Have a great day.
06-02 04:45:03.968   687   900 D BackgroundInstallControlService: Package event received: 0
06-02 04:45:04.290   687   687 W Looper  : Slow dispatch took 199ms main app=system_server main=true group=FOREGROUND h=android.os.Handler c=android.app.LoadedApk$ServiceDispatcher$RunConnection@cf47ea7 m=0
06-02 04:45:04.291   687   687 W Looper  : Slow delivery took 644ms main app=system_server main=true group=FOREGROUND h=com.android.server.power.Notifier$NotifierHandler c=com.android.server.power.Notifier$$ExternalSyntheticLambda2@edaff54 m=0
06-02 04:45:04.619  1476  1476 W ContextImpl: Calling a method in the system process without a qualified user: android.app.ContextImpl.startService:2002 android.content.ContextWrapper.startService:855 android.content.ContextWrapper.startService:855 com.android.emulator.multidisplay.MultiDisplayServiceReceiver.onReceive:34 android.app.ActivityThread.handleReceiver:5029 
06-02 04:45:04.644   687   713 W Looper  : Slow dispatch took 357ms android.ui app=system_server main=false group=TOP_APP h=com.android.server.am.ActivityManagerService$UiHandler c=null m=68
06-02 04:45:04.655   687   713 W Looper  : Slow delivery took 300ms android.ui app=system_server main=false group=TOP_APP h=android.os.Handler c=android.app.LoadedApk$ReceiverDispatcher$Args$$ExternalSyntheticLambda0@4a1c2fa m=0
06-02 04:45:04.806   687   723 W ActivityManager: Slow operation: 179ms so far, now at startProcess: returned from zygote!
06-02 04:45:04.807   687   723 W ActivityManager: Slow operation: 179ms so far, now at startProcess: done updating battery stats
06-02 04:45:04.807   687   723 W ActivityManager: Slow operation: 179ms so far, now at startProcess: building log message
06-02 04:45:04.807   687   723 I ActivityManager: Start proc 2639:com.android.nfc/1027 for broadcast {com.android.nfc/com.android.nfc.NfcMigrationBootCompleteReceiver}
06-02 04:45:04.811   687   723 W ActivityManager: Slow operation: 183ms so far, now at startProcess: starting to update pids map
06-02 04:45:04.812   687   723 I ActivityManager: ProcessObserver broadcast disabled
06-02 04:45:04.812   687   723 W ActivityManager: Slow operation: 185ms so far, now at startProcess: done updating pids map
06-02 04:45:05.172   687   705 D OomAdjuster: Not killing cached processes
06-02 04:45:05.178   687   713 W Looper  : Drained
06-02 04:45:05.185   687   795 D ActivityManager: freezing 2011 com.google.android.partnersetup
06-02 04:45:05.239   687   687 W Looper  : Drained
06-02 04:45:05.285   687   712 W Looper  : Slow delivery took 292ms android.fg app=system_server main=false group=FOREGROUND h=android.os.Handler c=com.android.server.power.hint.HintManagerService$MyUidObserver$$ExternalSyntheticLambda0@9ab75e4 m=0
06-02 04:45:05.370   687   712 W Looper  : Drained
06-02 04:45:05.867   687   795 D ActivityManager: freezing 1612 com.google.android.permissioncontroller
06-02 04:45:06.072   687   838 E NetworkPolicy: Missing subscriberId for subId 1
06-02 04:45:06.199   687   852 E AppOps  : attributionTag VCN not declared in manifest of android
06-02 04:45:06.249   687   852 E AppOps  : attributionTag VCN not declared in manifest of android
06-02 04:45:07.141   687   705 W ActivityManager: Slow operation: 282ms so far, now at finishAttachApplicationInner: after mServices.attachApplicationLocked
06-02 04:45:07.147   687   705 W ActivityManager: Slow operation: 287ms so far, now at finishAttachApplicationInner: after dispatching broadcasts
06-02 04:45:07.251   687   722 W ActivityManager: Slow operation: 81ms so far, now at startProcess: done starting proc!
06-02 04:45:07.251   687   723 W ActivityManager: Slow operation: 80ms so far, now at startProcess: asking zygote to start proc
06-02 04:45:07.275   687   723 W ActivityManager: Slow operation: 104ms so far, now at startProcess: returned from zygote!
06-02 04:45:07.282   687   723 W ActivityManager: Slow operation: 111ms so far, now at startProcess: done updating battery stats
06-02 04:45:07.283   687   723 W ActivityManager: Slow operation: 111ms so far, now at startProcess: building log message
06-02 04:45:07.283   687   723 I ActivityManager: Start proc 2666:com.android.providers.calendar/u0a99 for broadcast {com.android.providers.calendar/com.android.providers.calendar.CalendarReceiver}
06-02 04:45:07.283   687   723 W ActivityManager: Slow operation: 111ms so far, now at startProcess: starting to update pids map
06-02 04:45:07.283   687   723 I ActivityManager: ProcessObserver broadcast disabled
06-02 04:45:07.283   687   723 W ActivityManager: Slow operation: 112ms so far, now at startProcess: done updating pids map
06-02 04:45:07.324   687   713 W Looper  : Slow dispatch took 152ms android.ui app=system_server main=false group=TOP_APP h=com.android.server.am.ActivityManagerService$UiHandler c=null m=68
06-02 04:45:07.394   687   749 I ActivityManager: Killing 2639:com.android.nfc/1027 (adj 0): change com.android.nfc
06-02 04:45:07.523   687   900 D BackgroundInstallControlService: Package event received: 0
06-02 04:45:07.534   687   922 D ActivityManager: sync unfroze 1612 com.google.android.permissioncontroller for 6
06-02 04:45:07.535   687   900 D BackgroundInstallControlService: Package event received: 0
06-02 04:45:07.658   687   705 V ActivityManager: Got obituary of 2639:com.android.nfc
06-02 04:45:07.727   687   705 I SoundTriggerMiddlewareLogging: LIST_MODULE [client= "com.google.android.as"] () -> [ {Id: 0, Implementor: android, Version: 1} ]
06-02 04:45:07.762   687   897 D ShortcutService: received package broadcast intent: Intent { act=android.intent.action.PACKAGE_CHANGED dat=package: flg=0x5000010 (has extras) }
06-02 04:45:07.762   687   897 D ShortcutService: changing package: com.android.nfc userId=0
06-02 04:45:07.779   687   900 D BackgroundInstallControlService: Package event received: 0
06-02 04:45:07.782   687   922 W Looper  : Slow dispatch took 119ms android.perm app=system_server main=false group=FOREGROUND h=android.os.Handler c=com.android.internal.infra.ServiceConnector$Impl$$ExternalSyntheticLambda2@bbc5256 m=0
06-02 04:45:07.998   687   687 W Looper  : Slow dispatch took 143ms main app=system_server main=true group=FOREGROUND h=android.app.ActivityThread$H c=android.app.LoadedApk$ServiceDispatcher$RunConnection@6bd9953 m=0
06-02 04:45:08.012   687   712 W Looper  : Slow dispatch took 518ms android.fg app=system_server main=false group=FOREGROUND h=android.os.Handler c=com.android.server.servicewatcher.ServiceWatcherImpl$$ExternalSyntheticLambda0@261e789 m=0
06-02 04:45:08.047   687   712 W Looper  : Slow delivery took 482ms android.fg app=system_server main=false group=FOREGROUND h=android.os.Handler c=com.android.server.location.injector.SystemPackageResetHelper$Receiver$$ExternalSyntheticLambda0@9fe77af m=0
06-02 04:45:08.227   687  1592 W ProcessStats: Tracking association SourceState{171a31 system/1000 ImpFg #648} whose proc state 5 is better than process ProcessState{32ed874 com.google.android.permissioncontroller/10192 pkg=com.google.android.permissioncontroller} proc state 14 (0 skipped)
06-02 04:45:08.231   687   712 W Looper  : Drained
06-02 04:45:08.351   942  1069 W Looper  : Slow delivery took 1815ms BroadcastRunning app=com.android.systemui main=false group=FOREGROUND h=com.android.systemui.broadcast.BroadcastDispatcher$handler$1 c=null m=1
06-02 04:45:08.352   942  1069 W Looper  : Drained
06-02 04:45:08.603   687  1948 W ActivityManager: pid 2255 com.android.phone sent binder code 58 with flags 2 to frozen apps and got error -74
06-02 04:45:08.710   687   723 W ActivityManager: Slow operation: 108ms so far, now at startProcess: returned from zygote!
06-02 04:45:08.727   687   723 W ActivityManager: Slow operation: 125ms so far, now at startProcess: done updating battery stats
06-02 04:45:08.727   687   723 W ActivityManager: Slow operation: 125ms so far, now at startProcess: building log message
06-02 04:45:08.727   687   723 I ActivityManager: Start proc 2690:com.android.shell/2000 for broadcast {com.android.shell/com.android.shell.HeapDumpReceiver}
06-02 04:45:08.727   687   723 W ActivityManager: Slow operation: 125ms so far, now at startProcess: starting to update pids map
06-02 04:45:08.727   687   723 I ActivityManager: ProcessObserver broadcast disabled
06-02 04:45:08.727   687   723 W ActivityManager: Slow operation: 125ms so far, now at startProcess: done updating pids map
06-02 04:45:08.909   687  1947 W JobScheduler: Job didn't exist in JobStore: 5720fa0 {androidx.work.systemjobscheduler} #u0a137/22 @androidx.work.systemjobscheduler@com.google.android.as/androidx.work.impl.background.systemjob.SystemJobService
06-02 04:45:08.965   942  1055 W Looper  : Slow dispatch took 1670ms SysUiBg app=com.android.systemui main=false group=FOREGROUND h=android.os.Handler c=android.telephony.TelephonyRegistryManager$1$$ExternalSyntheticLambda0@fc2570d m=0
06-02 04:45:09.080   942  1055 W Looper  : Slow delivery took 2832ms SysUiBg app=com.android.systemui main=false group=FOREGROUND h=android.os.Handler c=com.android.keyguard.KeyguardUpdateMonitor$$ExternalSyntheticLambda7@d5336c2 m=0
06-02 04:45:09.298   687  1585 W ActivityManager: Slow operation: 59ms so far, now at attachApplicationLocked: after updateOomAdjLocked
06-02 04:45:09.361   687  1583 D ActivityManager: sync unfroze 2105 com.google.android.gms.unstable for 6
06-02 04:45:09.364   687   900 D BackgroundInstallControlService: Package event received: 0
06-02 04:45:10.436   687   779 D OomAdjuster: Not killing cached processes
06-02 04:45:10.532   687  1012 W JobScheduler: Job didn't exist in JobStore: 9079f9 #u0a137/272538963 com.google.android.as/com.google.android.apps.miphone.aiai.common.superpacks.impl.PeriodicCleanupService
06-02 04:45:10.638   687   722 D CompatChangeReporter: Compat change id reported: 135754954; UID 10133; state: ENABLED
06-02 04:45:10.640   687   723 D CompatChangeReporter: Compat change id reported: 143937733; UID 10133; state: ENABLED
06-02 04:45:10.702   687   723 W ActivityManager: Slow operation: 65ms so far, now at startProcess: returned from zygote!
06-02 04:45:10.703   687   723 W ActivityManager: Slow operation: 65ms so far, now at startProcess: done updating battery stats
06-02 04:45:10.703   687   723 W ActivityManager: Slow operation: 66ms so far, now at startProcess: building log message
06-02 04:45:10.703   687   723 I ActivityManager: Start proc 2719:com.google.android.configupdater/u0a133 for broadcast {com.google.android.configupdater/com.google.android.configupdater.MainReceiver}
06-02 04:45:10.703   687   723 W ActivityManager: Slow operation: 66ms so far, now at startProcess: starting to update pids map
06-02 04:45:10.703   687   723 I ActivityManager: ProcessObserver broadcast disabled
06-02 04:45:10.704   687   723 W ActivityManager: Slow operation: 66ms so far, now at startProcess: done updating pids map
06-02 04:45:10.997   687   687 W Looper  : Slow delivery took 227ms main app=system_server main=true group=FOREGROUND h=com.android.server.power.Notifier$NotifierHandler c=com.android.server.power.Notifier$$ExternalSyntheticLambda2@7da6ec7 m=0
06-02 04:45:11.270   687  1460 W ActivityManager: Slow operation: 69ms so far, now at attachApplicationLocked: after updateOomAdjLocked
06-02 04:45:11.721   687   687 W Looper  : Slow dispatch took 717ms main app=system_server main=true group=FOREGROUND h=android.app.ActivityThread$H c=android.app.LoadedApk$ServiceDispatcher$RunConnection@af697b7 m=0
06-02 04:45:11.860   687   687 W Looper  : Drained
06-02 04:45:12.225   687   713 W Looper  : Slow delivery took 247ms android.ui app=system_server main=false group=TOP_APP h=com.android.server.am.ActivityManagerService$UiHandler c=com.android.server.am.UidObserverController$$ExternalSyntheticLambda0@f736d8f m=0
06-02 04:45:12.521   687  1460 I Telecom : TelecomServiceImpl$1: registerPhoneAccount: account=[[ ] PhoneAccount: ComponentInfo{com.android.phone/com.android.services.telephony.TelephonyConnectionService}, E, UserHandle{0} Capabilities: CallProvider MultiUser PlaceEmerg SimSub  Audio Routes: BESW Schemes: tel voicemail  Extras: Bundle[{android.telecom.extra.SUPPORTS_VIDEO_CALLING_FALLBACK=true}] GroupId: *** SC Restrictions: [ ]]: TSI.rPA(cap)@AEc
06-02 04:45:12.532   687  1460 I Telecom : PhoneAccountRegistrar: New phone account registered: [[ ] PhoneAccount: ComponentInfo{com.android.phone/com.android.services.telephony.TelephonyConnectionService}, E, UserHandle{0} Capabilities: CallProvider MultiUser PlaceEmerg SimSub  Audio Routes: BESW Schemes: tel voicemail  Extras: Bundle[{android.telecom.extra.SUPPORTS_VIDEO_CALLING_FALLBACK=true}] GroupId: *** SC Restrictions: [ ]]: TSI.rPA(cap)@AEc
06-02 04:45:13.223   687   713 W Looper  : Drained
06-02 04:45:13.263   687  1947 W ActivityManager: Slow operation: 114ms so far, now at finishAttachApplicationInner: after dispatching broadcasts
06-02 04:45:13.338   687  1460 I Telecom : CallsManager: Sending phone-account ComponentInfo{com.android.phone/com.android.services.telephony.TelephonyConnectionService}, E, UserHandle{0} registered intent as user: TSI.rPA(cap)@AEc
06-02 04:45:13.440   687   900 D BackgroundInstallControlService: Package event received: 0
06-02 04:45:13.535   687   687 W Looper  : Slow dispatch took 224ms main app=system_server main=true group=FOREGROUND h=android.app.ActivityThread$H c=android.app.LoadedApk$ServiceDispatcher$RunConnection@df98f80 m=0
06-02 04:45:13.607   687  1460 I Telecom : CallsManager: Sending phone-account registered intent to default dialer: TSI.rPA(cap)@AEc
06-02 04:45:13.626   687  1460 I Telecom : PhoneAccountRegistrar: getSimCallManager: SimCallManager for subId -1 queried, returning: null: TSI.rPA(cap)@AEc
06-02 04:45:13.626   687  1460 I Telecom : PhoneAccountRegistrar: Notifying telephony of voice service override change for 1 SIMs, hasService = false: TSI.rPA(cap)@AEc
06-02 04:45:13.632   687  1460 I Telecom : PhoneAccountRegistrar: maybeNotifyTelephonyForVoiceServiceState: simTm is null.: TSI.rPA(cap)@AEc
06-02 04:45:13.794   687   723 W ActivityManager: Slow operation: 100ms so far, now at startProcess: returned from zygote!
06-02 04:45:13.819   687   722 W ActivityManager: Slow operation: 126ms so far, now at startProcess: done starting proc!
06-02 04:45:13.822   687   705 I Telecom : CallsManager: Sending phone-account ComponentInfo{com.android.phone/com.android.services.telephony.TelephonyConnectionService}, 1, UserHandle{0} unregistered intent as user: TSI.uPA(cap)@AEk
06-02 04:45:13.969   687  1460 W ContentProviderHelper: Slow operation: 100ms so far, now at getContentProviderImpl: after updateOomAdj
06-02 04:45:13.970   687  1460 W ContentProviderHelper: Slow operation: 100ms so far, now at getContentProviderImpl: done!
06-02 04:45:13.980   687   723 W ActivityManager: Slow operation: 285ms so far, now at startProcess: done updating battery stats
06-02 04:45:13.981   687   723 W ActivityManager: Slow operation: 286ms so far, now at startProcess: building log message
06-02 04:45:13.981   687   723 I ActivityManager: Start proc 2743:com.google.android.federatedcompute/u0a206 for broadcast {com.google.android.federatedcompute/com.android.federatedcompute.services.FederatedComputeBroadcastReceiver}
06-02 04:45:13.981   687   723 W ActivityManager: Slow operation: 286ms so far, now at startProcess: starting to update pids map
06-02 04:45:13.981   687   723 I ActivityManager: ProcessObserver broadcast disabled
06-02 04:45:13.981   687   723 W ActivityManager: Slow operation: 287ms so far, now at startProcess: done updating pids map
06-02 04:45:14.016   687   705 I Telecom : CallsManager: Sending phone-account unregistered intent to default dialer: TSI.uPA(cap)@AEk
06-02 04:45:14.882   687   779 W ActivityManager: Slow operation: 111ms so far, now at attachApplicationLocked: after updateOomAdjLocked
06-02 04:45:15.083   687  1134 W AlarmManager: No in-flight alarm for listener android.os.BinderProxy@7aa06d4
06-02 04:45:15.237   687   769 I ActivityManager: Process com.android.keychain (pid 1528) has died: cch+85 CEM 
06-02 04:45:15.525   687  2102 I ActivityManager: Process com.android.localtransport (pid 1748) has died: cch+75 CEM 
06-02 04:45:15.540   687   687 W Looper  : Slow dispatch took 1158ms main app=system_server main=true group=FOREGROUND h=android.app.ActivityThread$H c=android.app.LoadedApk$ServiceDispatcher$RunConnection@e6dfcb1 m=0
06-02 04:45:15.588   687   687 W Looper  : Slow delivery took 1178ms main app=system_server main=true group=FOREGROUND h=com.android.server.power.Notifier$NotifierHandler c=com.android.server.power.Notifier$$ExternalSyntheticLambda2@2fd3517 m=0
06-02 04:45:15.604   687   687 D OomAdjuster: Not killing cached processes
06-02 04:45:15.638   687  1943 I ActivityManager: Process com.android.printspooler (pid 1477) has died: cch+75 CEM 
06-02 04:45:15.737   687   687 W Looper  : Slow dispatch took 101ms main app=system_server main=true group=FOREGROUND h=android.app.ActivityThread$H c=android.app.LoadedApk$ServiceDispatcher$RunConnection@2c6cd04 m=0
06-02 04:45:15.816   687   687 W Looper  : Drained
06-02 04:45:15.851   687   795 D ActivityManager: freezing 2153 com.google.android.cellbroadcastreceiver
06-02 04:45:16.835   687   687 W Looper  : Slow delivery took 202ms main app=system_server main=true group=FOREGROUND h=com.android.server.power.Notifier$NotifierHandler c=null m=7
06-02 04:45:16.836   687   712 W Looper  : Slow delivery took 224ms android.fg app=system_server main=false group=FOREGROUND h=android.os.Handler c=com.android.server.am.SameProcessApplicationThread$$ExternalSyntheticLambda1@1ad3e2b m=0
06-02 04:45:16.928   687   712 W Looper  : Drained
06-02 04:45:16.933   687   713 W Looper  : Slow dispatch took 168ms android.ui app=system_server main=false group=TOP_APP h=com.android.server.am.ActivityManagerService$UiHandler c=null m=68
06-02 04:45:16.933   687   713 W Looper  : Slow delivery took 378ms android.ui app=system_server main=false group=TOP_APP h=com.android.server.am.ActivityManagerService$UiHandler c=null m=68
06-02 04:45:16.934   687   687 W Looper  : Drained
06-02 04:45:17.032   687   723 W ActivityManager: Slow operation: 111ms so far, now at startProcess: returned from zygote!
06-02 04:45:17.072   687   723 W ActivityManager: Slow operation: 152ms so far, now at startProcess: done updating battery stats
06-02 04:45:17.081   687   723 W ActivityManager: Slow operation: 161ms so far, now at startProcess: building log message
06-02 04:45:17.081   687   723 I ActivityManager: Start proc 2780:com.google.android.healthconnect.controller/u0a208 for broadcast {com.google.android.healthconnect.controller/com.android.healthconnect.controller.safetycenter.SafetySourceBroadcastReceiver}
06-02 04:45:17.081   687   723 W ActivityManager: Slow operation: 161ms so far, now at startProcess: starting to update pids map
06-02 04:45:17.716   687  1197 D CountryDetector: No listener is left
06-02 04:45:17.915   687   723 I ActivityManager: ProcessObserver broadcast disabled
06-02 04:45:18.594   687   723 W ActivityManager: Slow operation: 1674ms so far, now at startProcess: done updating pids map
06-02 04:45:18.720   687  1944 I ActivityManager: Process com.android.settings (pid 1109) has died: cch+55 CEM 
06-02 04:45:18.971   687  1948 W ActivityManager: Slow operation: 92ms so far, now at attachApplicationLocked: before bindApplication
06-02 04:45:18.977   687  1948 W ActivityManager: Slow operation: 97ms so far, now at attachApplicationLocked: immediately before bindApplication
06-02 04:45:19.018   687  1948 W ActivityManager: Slow operation: 138ms so far, now at attachApplicationLocked: immediately after bindApplication
06-02 04:45:19.037   687  1948 W ActivityManager: Slow operation: 157ms so far, now at attachApplicationLocked: after updateLruProcessLocked
06-02 04:45:19.138   687   687 W Looper  : Slow delivery took 227ms main app=system_server main=true group=FOREGROUND h=android.os.Handler c=ServiceConnector@175(Intent { act=android.permission.PermissionControllerService xflg=0x4 cmp=com.google.android.permissioncontroller/com.android.permissioncontroller.permission.service.PermissionControllerServiceImpl }, user: 0)[Unbinding...] m=0
06-02 04:45:19.788   687   687 W Looper  : Drained
06-02 04:45:19.882   687  1948 W ActivityManager: Slow operation: 1003ms so far, now at attachApplicationLocked: after updateOomAdjLocked
06-02 04:45:19.883   687  1460 I ActivityManager: Process android.process.acore (pid 1379) has died: cch+65 CEM 
06-02 04:45:19.920   687  1583 I ActivityManager: Process com.google.android.partnersetup (pid 2011) has died: cch+35 CEM 
06-02 04:45:21.355   687   900 D BackgroundInstallControlService: Package event received: 0
06-02 04:45:21.476   687   705 D OomAdjuster: Not killing cached processes
06-02 04:45:22.252   687  1589 I ActivityManager: Process com.android.imsserviceentitlement (pid 2479) has died: cch+15 CEM 
06-02 04:45:22.734   687   922 W Looper  : Slow dispatch took 3346ms android.perm app=system_server main=false group=FOREGROUND h=android.os.Handler c=com.android.internal.infra.ServiceConnector$Impl$$ExternalSyntheticLambda0@62aa760 m=0
06-02 04:45:22.748   687   713 W Looper  : Slow dispatch took 5111ms android.ui app=system_server main=false group=TOP_APP h=com.android.server.am.ActivityManagerService$UiHandler c=null m=68
06-02 04:45:22.845   687   795 D ActivityManager: freezing 2234 com.android.traceur
06-02 04:45:22.851   687   687 W Looper  : Slow dispatch took 799ms main app=system_server main=true group=FOREGROUND h=com.android.server.power.Notifier$NotifierHandler c=com.android.server.power.Notifier$$ExternalSyntheticLambda2@ff6febf m=0
06-02 04:45:22.860   687   687 W Looper  : Slow delivery took 1393ms main app=system_server main=true group=FOREGROUND h=com.android.server.power.Notifier$NotifierHandler c=com.android.server.power.Notifier$$ExternalSyntheticLambda2@482d98c m=0
06-02 04:45:22.956   687  1950 I ActivityManager: Process com.android.dynsystem:dynsystem (pid 2470) has died: cch+15 CEM 
06-02 04:45:22.963   687   713 W Looper  : Drained
06-02 04:45:24.292   687   687 W Looper  : Slow dispatch took 1313ms main app=system_server main=true group=FOREGROUND h=com.android.server.power.Notifier$NotifierHandler c=com.android.server.power.Notifier$$ExternalSyntheticLambda2@8a6c7db m=0
06-02 04:45:24.349   687   687 W Looper  : Drained
06-02 04:45:24.362   687  1458 W ContentProviderHelper: Slow operation: 74ms so far, now at getContentProviderImpl: after updateOomAdj
06-02 04:45:24.385   687  1458 W ContentProviderHelper: Slow operation: 97ms so far, now at getContentProviderImpl: done!
06-02 04:45:24.412   687  1301 I ActivityManager: Process com.android.dynsystem (pid 2440) has died: cch+25 CEM 
06-02 04:45:24.597   687  1589 D CompatChangeReporter: Compat change id reported: 311208629; UID 10148; state: ENABLED
06-02 04:45:25.804   687   712 W Looper  : Slow dispatch took 787ms android.fg app=system_server main=false group=FOREGROUND h=android.os.Handler c=android.app.LoadedApk$ServiceDispatcher$RunConnection@a2d4fbb m=0
06-02 04:45:25.832   687   795 D ActivityManager: freezing 1658 android.process.media
06-02 04:45:25.837   687   795 D ActivityManager: freezing 2321 com.google.android.onetimeinitializer
06-02 04:45:25.848   687   687 W Looper  : Slow delivery took 742ms main app=system_server main=true group=FOREGROUND h=com.android.server.power.Notifier$NotifierHandler c=null m=7
06-02 04:45:26.272   687   795 D ActivityManager: freezing 2357 com.android.camera2
06-02 04:45:26.469   687  1592 D TextToSpeechManagerPerUserService: Trying to start connection to TTS engine: com.google.android.tts
06-02 04:45:26.536   687  2825 D ActivityManager: created ANR temporary file:/data/anr/temp_anr_2855361080735175449.txt
06-02 04:45:26.537   687  2825 I ActivityManager: Collecting stacks for pid 1341 into temporary file temp_anr_2855361080735175449.txt
06-02 04:45:26.723   687   815 V AccessibilityManagerService: onUserStateChangedLocked for userId: 0, forceUpdate: false
06-02 04:45:26.726   687   815 W MagnificationConnectionManager: requestConnection duplicated request: connect=false, mConnectionState=DISCONNECTED
06-02 04:45:26.732   687  1948 D OomAdjuster: Not killing cached processes
06-02 04:45:27.419   687   915 I Telecom : TelecomServiceImpl$1: registerPhoneAccount: account=[[ ] PhoneAccount: ComponentInfo{com.android.phone/com.android.services.telephony.TelephonyConnectionService}, E, UserHandle{0} Capabilities: CallProvider MultiUser PlaceEmerg SimSub  Audio Routes: BESW Schemes: tel voicemail  Extras: Bundle[{android.telecom.extra.SUPPORTS_VIDEO_CALLING_FALLBACK=true}] GroupId: *** SC Restrictions: [ ]]: TSI.rPA(cap)@AEo
06-02 04:45:27.590   687   795 D ActivityManager: freezing 2216 com.google.android.apps.wallpaper
06-02 04:45:27.676   687  2102 W ActivityManager: Slow operation: 475ms so far, now at finishAttachApplicationInner: after mServices.attachApplicationLocked
06-02 04:45:27.749   687   915 I Telecom : PhoneAccountRegistrar: Modify account: [ComponentInfo{com.android.phone/com.android.services.telephony.TelephonyConnectionService}, E, UserHandle{0}]: TSI.rPA(cap)@AEo
06-02 04:45:27.764   687  2102 W ActivityManager: Slow operation: 564ms so far, now at finishAttachApplicationInner: after dispatching broadcasts
06-02 04:45:27.823   687  2826 I ActivityManager: dumpStackTraces pids=null
06-02 04:45:27.929   687   915 I Telecom : CallsManager: handlePhoneAccountChanged: phoneAccount=[[X] PhoneAccount: ComponentInfo{com.android.phone/com.android.services.telephony.TelephonyConnectionService}, E, UserHandle{0} Capabilities: CallProvider MultiUser PlaceEmerg SimSub  Audio Routes: BESW Schemes: tel voicemail  Extras: Bundle[{android.telecom.extra.SUPPORTS_VIDEO_CALLING_FALLBACK=true}] GroupId: *** SC Restrictions: [ ]]: TSI.rPA(cap)@AEo
06-02 04:45:27.937   687  2826 I ActivityManager: Dumping to /data/anr/anr_2026-06-02-04-45-27-823
06-02 04:45:28.094   687   915 I Telecom : PhoneAccountRegistrar: getSimCallManager: SimCallManager for subId -1 queried, returning: null: TSI.rPA(cap)@AEo
06-02 04:45:28.094   687   915 I Telecom : PhoneAccountRegistrar: Notifying telephony of voice service override change for 1 SIMs, hasService = false: TSI.rPA(cap)@AEo
06-02 04:45:28.095   687   915 I Telecom : PhoneAccountRegistrar: maybeNotifyTelephonyForVoiceServiceState: simTm is null.: TSI.rPA(cap)@AEo
06-02 04:45:28.342   687   852 E AppOps  : attributionTag VCN not declared in manifest of android
06-02 04:45:28.407   687   713 W Looper  : Slow dispatch took 474ms android.ui app=system_server main=false group=TOP_APP h=com.android.server.am.ActivityManagerService$UiHandler c=null m=68
06-02 04:45:28.415   687   687 W Looper  : Slow dispatch took 2366ms main app=system_server main=true group=FOREGROUND h=android.app.ActivityThread$H c=android.app.LoadedApk$ServiceDispatcher$RunConnection@d1e2878 m=0
06-02 04:45:28.460   687   712 W Looper  : Slow delivery took 518ms android.fg app=system_server main=false group=FOREGROUND h=android.os.Handler c=com.android.server.net.NetworkManagementService$NetdUnsolicitedEventListener$$ExternalSyntheticLambda0@582dfb6 m=0
06-02 04:45:28.720   687  2256 I AppsFilter: interaction: PackageSetting{cbc886c com.android.microdroid.empty_payload/10204} -> PackageSetting{b71c389 com.google.android.healthconnect.controller/10208} BLOCKED
06-02 04:45:28.783   687   712 W Looper  : Slow dispatch took 312ms android.fg app=system_server main=false group=FOREGROUND h=android.os.Handler c=android.telephony.TelephonyRegistryManager$1$$ExternalSyntheticLambda0@dfa2f8e m=0
06-02 04:45:28.829   687   749 E ActivityManager: Unable to freeze binder for 2780: -11
06-02 04:45:28.831   687   749 I ActivityManager: Killing 2780:com.google.android.healthconnect.controller/u0a208 (adj 0): change com.google.android.healthconnect.controller
06-02 04:45:28.901   687   712 W Looper  : Drained
06-02 04:45:29.307   687   713 W Looper  : Slow delivery took 441ms android.ui app=system_server main=false group=TOP_APP h=com.android.server.am.ActivityManagerService$UiHandler c=com.android.server.am.UidObserverController$$ExternalSyntheticLambda0@f736d8f m=0
06-02 04:45:29.836   687  1192 W AppOpService: Ignored setUidMode call for runtime permission app op: uid = 10143, code = READ_CELL_BROADCASTS, mode = allow, callingUid = 1001, oldMode = allow
06-02 04:45:29.868   687  1192 W AppOpService: Ignored setUidMode call for runtime permission app op: uid = 1001, code = READ_SMS, mode = allow, callingUid = 1001, oldMode = allow
06-02 04:45:29.871   687  1192 W AppOpService: Ignored setUidMode call for runtime permission app op: uid = 1001, code = RECEIVE_SMS, mode = allow, callingUid = 1001, oldMode = allow
06-02 04:45:29.873   687  1192 W AppOpService: Ignored setUidMode call for runtime permission app op: uid = 1001, code = RECEIVE_WAP_PUSH, mode = allow, callingUid = 1001, oldMode = allow
06-02 04:45:29.875   687  1192 W AppOpService: Ignored setUidMode call for runtime permission app op: uid = 1001, code = SEND_SMS, mode = allow, callingUid = 1001, oldMode = allow
06-02 04:45:29.876   687  1192 W AppOpService: Ignored setUidMode call for runtime permission app op: uid = 1001, code = READ_CELL_BROADCASTS, mode = allow, callingUid = 1001, oldMode = allow
06-02 04:45:29.958   687  1192 W AppOpService: Ignored setUidMode call for runtime permission app op: uid = 10143, code = READ_CELL_BROADCASTS, mode = allow, callingUid = 1001, oldMode = allow
06-02 04:45:29.977   687  1192 W AppOpService: Ignored setUidMode call for runtime permission app op: uid = 1001, code = READ_SMS, mode = allow, callingUid = 1001, oldMode = allow
06-02 04:45:29.984   687  1192 W AppOpService: Ignored setUidMode call for runtime permission app op: uid = 1001, code = RECEIVE_SMS, mode = allow, callingUid = 1001, oldMode = allow
06-02 04:45:30.022   687  1192 W AppOpService: Ignored setUidMode call for runtime permission app op: uid = 1001, code = RECEIVE_WAP_PUSH, mode = allow, callingUid = 1001, oldMode = allow
06-02 04:45:30.026   687  1192 W AppOpService: Ignored setUidMode call for runtime permission app op: uid = 1001, code = SEND_SMS, mode = allow, callingUid = 1001, oldMode = allow
06-02 04:45:30.030   687  1192 W AppOpService: Ignored setUidMode call for runtime permission app op: uid = 1001, code = READ_CELL_BROADCASTS, mode = allow, callingUid = 1001, oldMode = allow
06-02 04:45:30.483   687   815 V AccessibilityManagerService: onUserStateChangedLocked for userId: 0, forceUpdate: false
06-02 04:45:30.486   687   815 W MagnificationConnectionManager: requestConnection duplicated request: connect=false, mConnectionState=DISCONNECTED
06-02 04:45:30.749   687  2102 E AppOps  : attributionTag VCN not declared in manifest of android
06-02 04:45:30.797   687  1592 V ActivityManager: Got obituary of 2780:com.google.android.healthconnect.controller
06-02 04:45:31.130   687  1583 W ContentProviderHelper: Slow operation: 328ms so far, now at getContentProviderImpl: done!
06-02 04:45:31.671   687   687 D CompatChangeReporter: Compat change id reported: 151861875; UID 10152; state: ENABLED
06-02 04:45:31.672   687   687 W ActivityManager: Slow operation: 251ms so far, now at startProcess: done creating new process record
06-02 04:45:31.673   687   687 W ActivityManager: Slow operation: 251ms so far, now at startProcess: stepping in to startProcess
06-02 04:45:31.693   942  1055 W Looper  : Slow dispatch took 3457ms SysUiBg app=com.android.systemui main=false group=FOREGROUND h=android.os.Handler c=com.android.keyguard.KeyguardUpdateMonitor$$ExternalSyntheticLambda7@1df0670 m=0
06-02 04:45:31.711   687   687 W ActivityManager: Slow operation: 289ms so far, now at startProcess: done starting proc!
06-02 04:45:31.712   687   687 W Looper  : Slow dispatch took 3219ms main app=system_server main=true group=FOREGROUND h=android.os.Handler c=com.android.internal.infra.ServiceConnector$Impl$$ExternalSyntheticLambda2@72fcd13 m=0
06-02 04:45:31.743   687  1012 D OomAdjuster: Not killing cached processes
06-02 04:45:32.034   687   723 W ActivityManager: Slow operation: 360ms so far, now at startProcess: returned from zygote!
06-02 04:45:32.459   687   723 W ActivityManager: Slow operation: 786ms so far, now at startProcess: done updating battery stats
06-02 04:45:32.459   687   723 W ActivityManager: Slow operation: 787ms so far, now at startProcess: building log message
06-02 04:45:32.459   687   723 I ActivityManager: Start proc 2842:com.google.android.tts/u0a152 for service {com.google.android.tts/com.google.android.apps.speech.tts.googletts.service.GoogleTtsService}
06-02 04:45:32.459   687   723 W ActivityManager: Slow operation: 787ms so far, now at startProcess: starting to update pids map
06-02 04:45:32.460   687   723 I ActivityManager: ProcessObserver broadcast disabled
06-02 04:45:32.460   687   723 W ActivityManager: Slow operation: 787ms so far, now at startProcess: done updating pids map
06-02 04:45:32.483   687   713 W Looper  : Drained
06-02 04:45:32.489   687   795 D ActivityManager: freezing 2395 com.android.devicediagnostics
06-02 04:45:32.591   687   687 W Looper  : Slow dispatch took 143ms main app=system_server main=true group=FOREGROUND h=com.android.server.accessibility.AccessibilityManagerService$MainHandler c=com.android.server.accessibility.AccessibilityManagerService$$ExternalSyntheticLambda4@d2d2880 m=0
06-02 04:45:32.736   687   712 W Looper  : Slow delivery took 250ms android.fg app=system_server main=false group=FOREGROUND h=android.os.Handler c=com.android.server.power.hint.HintManagerService$MyUidObserver$$ExternalSyntheticLambda0@1916eb9 m=0
06-02 04:45:32.959   687   687 W Looper  : Slow dispatch took 245ms main app=system_server main=true group=FOREGROUND h=com.android.server.power.Notifier$NotifierHandler c=com.android.server.power.Notifier$$ExternalSyntheticLambda2@82fca5f m=0
06-02 04:45:33.272   687   900 D BackgroundInstallControlService: Package event received: 0
06-02 04:45:33.273   687   900 D BackgroundInstallControlService: Package event received: 0
06-02 04:45:33.325   687   687 W Looper  : Slow dispatch took 333ms main app=system_server main=true group=FOREGROUND h=com.android.server.power.Notifier$NotifierHandler c=com.android.server.power.Notifier$$ExternalSyntheticLambda2@d053bf1 m=0
06-02 04:45:33.750   687   687 W Looper  : Slow dispatch took 328ms main app=system_server main=true group=FOREGROUND h=com.android.server.power.Notifier$NotifierHandler c=com.android.server.power.Notifier$$ExternalSyntheticLambda2@e56a762 m=0
06-02 04:45:34.427   687  2826 I ActivityManager: dumpStackTraces nativepids=null
06-02 04:45:34.429   687  2826 I ActivityManager: dumpStackTraces extraPids=null
06-02 04:45:34.429   687  2826 I ActivityManager: Done dumping
06-02 04:45:34.508   687  1951 D CompatChangeReporter: Compat change id reported: 311208749; UID 10147; state: ENABLED
06-02 04:45:34.568   687  1951 I ActivityManager: Background started FGS: Allowed [callingPackage: com.google.android.apps.wellbeing; callingUid: 10147; uidState: BTOP; uidBFSL: [BFSL]; intent: Intent { xflg=0x4 cmp=com.google.android.apps.wellbeing/com.google.apps.tiktok.concurrent.InternalForegroundService (has extras) }; code:BACKGROUND_ACTIVITY_PERMISSION; tempAllowListReason:<null>; allowWiu:58; targetSdkVersion:35; callerTargetSdkVersion:35; startForegroundCount:0; bindFromPackage:null: isBindService:false]
06-02 04:45:35.043   687  2256 W ActivityManager: Slow operation: 163ms so far, now at attachApplicationLocked: immediately after bindApplication
06-02 04:45:35.047   687  2256 W ActivityManager: Slow operation: 166ms so far, now at attachApplicationLocked: after updateLruProcessLocked
06-02 04:45:35.140   687  2256 W ActivityManager: Slow operation: 259ms so far, now at attachApplicationLocked: after updateOomAdjLocked
06-02 04:45:35.164   687   712 W Looper  : Drained
06-02 04:45:35.927   687   795 D ActivityManager: freezing 1612 com.google.android.permissioncontroller
06-02 04:45:36.168   687   687 W Looper  : Slow dispatch took 2180ms main app=system_server main=true group=FOREGROUND h=android.app.ActivityThread$H c=android.app.LoadedApk$ServiceDispatcher$RunConnection@64a3b78 m=0
06-02 04:45:36.325   687   900 D BackgroundInstallControlService: Package event received: 0
06-02 04:45:36.343   687   687 W Looper  : Slow dispatch took 164ms main app=system_server main=true group=FOREGROUND h=com.android.server.accessibility.AccessibilityManagerService$MainHandler c=<recycled PooledLambda@da8bc42> m=0
06-02 04:45:36.947   687  2826 E ActivityManager: ANR in com.google.android.apps.wellbeing
06-02 04:45:36.947   687  2826 E ActivityManager: PID: 1341
06-02 04:45:36.947   687  2826 E ActivityManager: Reason: Broadcast of Intent { act=com.google.com.android.gms.contextmanager.CONTEXT_MANAGER_RESTARTED flg=0x10000010 xflg=0x4 pkg=com.google.android.apps.wellbeing cmp=com.google.android.apps.wellbeing/.common.receiver.coalescedreceivers.ContextManagerRestartedCoalescedBroadcast_Receiver }
06-02 04:45:36.947   687  2826 E ActivityManager: ErrorId: c1e5e234-2e27-4466-9541-beb056124c0d
06-02 04:45:36.947   687  2826 E ActivityManager: Frozen: false
06-02 04:45:36.947   687  2826 E ActivityManager: Load: 0.0 / 0.0 / 0.0
06-02 04:45:36.947   687  2826 E ActivityManager: ----- Output from /proc/pressure/memory -----
06-02 04:45:36.947   687  2826 E ActivityManager: some avg10=31.73 avg60=14.45 avg300=4.18 total=14169048
06-02 04:45:36.947   687  2826 E ActivityManager: full avg10=13.14 avg60=5.11 avg300=1.37 total=4827075
06-02 04:45:36.947   687  2826 E ActivityManager: ----- End output from /proc/pressure/memory -----
06-02 04:45:36.947   687  2826 E ActivityManager: ----- Output from /proc/pressure/cpu -----
06-02 04:45:36.947   687  2826 E ActivityManager: some avg10=81.84 avg60=69.83 avg300=27.27 total=99683319
06-02 04:45:36.947   687  2826 E ActivityManager: full avg10=0.00 avg60=0.00 avg300=0.00 total=0
06-02 04:45:36.947   687  2826 E ActivityManager: ----- End output from /proc/pressure/cpu -----
06-02 04:45:36.947   687  2826 E ActivityManager: ----- Output from /proc/pressure/io -----
06-02 04:45:36.947   687  2826 E ActivityManager: some avg10=18.93 avg60=22.55 avg300=10.56 total=41161504
06-02 04:45:36.947   687  2826 E ActivityManager: full avg10=0.51 avg60=1.82 avg300=1.65 total=8242702
06-02 04:45:36.947   687  2826 E ActivityManager: ----- End output from /proc/pressure/io -----
06-02 04:45:36.947   687  2826 E ActivityManager: 
06-02 04:45:36.947   687  2826 E ActivityManager: CPU usage from 147ms to 8082ms later (2026-06-02 04:45:26.716 to 2026-06-02 04:45:34.650):
06-02 04:45:36.947   687  2826 E ActivityManager:   20% 687/system_server: 11% user + 9.1% kernel / faults: 2000 minor 19 major
06-02 04:45:36.947   687  2826 E ActivityManager:   15% 1106/com.google.android.apps.nexuslauncher: 8.6% user + 6.8% kernel / faults: 7777 minor 1 major
06-02 04:45:36.947   687  2826 E ActivityManager:   9.2% 57/kswapd0: 0% user + 9.2% kernel
06-02 04:45:36.947   687  2826 E ActivityManager:   4.9% 2198/com.google.android.gms.persistent: 3.8% user + 1.1% kernel / faults: 650 minor 30 major
06-02 04:45:36.947   687  2826 E ActivityManager:   4.1% 1341/com.google.android.apps.wellbeing: 2.9% user + 1.2% kernel / faults: 800 minor 56 major
06-02 04:45:36.947   687  2826 E ActivityManager:   3.8% 1308/com.google.android.inputmethod.latin: 2.3% user + 1.4% kernel / faults: 354 minor 1 major
06-02 04:45:36.947   687  2826 E ActivityManager:   2.3% 2255/com.android.phone: 1.5% user + 0.7% kernel / faults: 247 minor 4 major
06-02 04:45:36.947   687  2826 E ActivityManager:   2.1% 2277/com.google.android.as: 1.4% user + 0.6% kernel / faults: 250 minor 18 major
