06-02 04:46:03.861   687   723 W ActivityManager: Slow operation: 185ms so far, now at startProcess: done updating battery stats
06-02 04:46:03.863   687   723 W ActivityManager: Slow operation: 188ms so far, now at startProcess: building log message
06-02 04:46:03.866   687   723 I ActivityManager: Start proc 3106:com.google.android.packageinstaller/u0a106 for broadcast {com.google.android.packageinstaller/com.android.packageinstaller.common.TemporaryFileManager}
06-02 04:46:03.867   687   723 W ActivityManager: Slow operation: 192ms so far, now at startProcess: starting to update pids map
06-02 04:46:03.871   687   723 I ActivityManager: ProcessObserver broadcast disabled
06-02 04:46:03.871   687   723 W ActivityManager: Slow operation: 196ms so far, now at startProcess: done updating pids map
06-02 04:46:03.874   687   712 W Looper  : Drained
06-02 04:46:03.929   687  2102 W ContextImpl: Calling a method in the system process without a qualified user: android.app.ContextImpl.sendBroadcastMultiplePermissions:1319 android.content.Context.sendBroadcastMultiplePermissions:2583 com.android.server.TelephonyRegistry.broadcastServiceStateChanged:4159 com.android.server.TelephonyRegistry.notifyServiceStateForPhoneId:1848 com.android.internal.telephony.ITelephonyRegistry$Stub.onTransact:613 
06-02 04:46:03.938   687  2102 W ContextImpl: Calling a method in the system process without a qualified user: android.app.ContextImpl.sendBroadcastMultiplePermissions:1352 com.android.server.TelephonyRegistry.broadcastServiceStateChanged:4164 com.android.server.TelephonyRegistry.notifyServiceStateForPhoneId:1848 com.android.internal.telephony.ITelephonyRegistry$Stub.onTransact:613 android.os.Binder.execTransactInternal:1421 
06-02 04:46:03.981   687  2102 W ContextImpl: Calling a method in the system process without a qualified user: android.app.ContextImpl.sendBroadcastMultiplePermissions:1352 com.android.server.TelephonyRegistry.broadcastServiceStateChanged:4173 com.android.server.TelephonyRegistry.notifyServiceStateForPhoneId:1848 com.android.internal.telephony.ITelephonyRegistry$Stub.onTransact:613 android.os.Binder.execTransactInternal:1421 
06-02 04:46:04.002   687   922 W Looper  : Slow dispatch took 135ms android.perm app=system_server main=false group=FOREGROUND h=android.os.Handler c=com.android.internal.infra.ServiceConnector$Impl$$ExternalSyntheticLambda0@2e7d291 m=0
06-02 04:46:04.004   687  2102 W ContextImpl: Calling a method in the system process without a qualified user: android.app.ContextImpl.sendBroadcastMultiplePermissions:1352 com.android.server.TelephonyRegistry.broadcastServiceStateChanged:4179 com.android.server.TelephonyRegistry.notifyServiceStateForPhoneId:1848 com.android.internal.telephony.ITelephonyRegistry$Stub.onTransact:613 android.os.Binder.execTransactInternal:1421 
06-02 04:46:04.602   687  1008 W PackageManager: Cannot suspend package "com.android.dynsystem": has OP_SYSTEM_EXEMPT_FROM_SUSPENSION set
06-02 04:46:04.753   687  1008 W PackageManager: Cannot suspend package "com.android.vending": required for package verification
06-02 04:46:04.769   687  1008 W PackageManager: Cannot suspend package "android": has OP_SYSTEM_EXEMPT_FROM_SUSPENSION set
06-02 04:46:04.876   687  1008 W PackageManager: Cannot suspend package "com.google.android.permissioncontroller": required for permissions management
06-02 04:46:04.879   687  1008 W PackageManager: Cannot suspend package "com.android.providers.settings": has OP_SYSTEM_EXEMPT_FROM_SUSPENSION set
06-02 04:46:05.019   687  1008 W PackageManager: Cannot suspend package "com.android.inputdevices": has OP_SYSTEM_EXEMPT_FROM_SUSPENSION set
06-02 04:46:05.063   687  1008 W PackageManager: Cannot suspend package "com.google.android.dialer": is the default dialer
06-02 04:46:05.221   687  1008 W PackageManager: Cannot suspend package "com.android.server.telecom": has OP_SYSTEM_EXEMPT_FROM_SUSPENSION set
06-02 04:46:05.235   687  1008 W PackageManager: Cannot suspend package "com.android.keychain": has OP_SYSTEM_EXEMPT_FROM_SUSPENSION set
06-02 04:46:05.263   687  1008 W PackageManager: Cannot suspend package "com.google.android.packageinstaller": required for package installation
06-02 04:46:05.269   687  1944 W AppOpService: Ignored setUidMode call for runtime permission app op: uid = 10143, code = READ_CELL_BROADCASTS, mode = allow, callingUid = 1001, oldMode = allow
06-02 04:46:05.279   687  1008 W PackageManager: Cannot suspend package "com.android.localtransport": has OP_SYSTEM_EXEMPT_FROM_SUSPENSION set
06-02 04:46:05.338   687  1008 W PackageManager: Cannot suspend package "com.google.android.apps.nexuslauncher": contains the active launcher
06-02 04:46:05.350   687  1944 W AppOpService: Ignored setUidMode call for runtime permission app op: uid = 1001, code = READ_SMS, mode = allow, callingUid = 1001, oldMode = allow
06-02 04:46:05.381   687  1008 W PackageManager: Cannot suspend package "com.android.DeviceAsWebcam": has OP_SYSTEM_EXEMPT_FROM_SUSPENSION set
06-02 04:46:05.405   687  2256 W AppOpService: Ignored setUidMode call for runtime permission app op: uid = 1001, code = RECEIVE_SMS, mode = allow, callingUid = 1001, oldMode = allow
06-02 04:46:05.419   687  2102 W AppOpService: Ignored setUidMode call for runtime permission app op: uid = 1001, code = RECEIVE_WAP_PUSH, mode = allow, callingUid = 1001, oldMode = allow
06-02 04:46:05.429   687  1589 W AppOpService: Ignored setUidMode call for runtime permission app op: uid = 1001, code = SEND_SMS, mode = allow, callingUid = 1001, oldMode = allow
06-02 04:46:05.497   687  2102 W AppOpService: Ignored setUidMode call for runtime permission app op: uid = 1001, code = READ_CELL_BROADCASTS, mode = allow, callingUid = 1001, oldMode = allow
06-02 04:46:05.525   687   900 D BackgroundInstallControlService: Package event received: 0
06-02 04:46:05.598   687   723 W ActivityManager: Slow operation: 70ms so far, now at startProcess: returned from zygote!
06-02 04:46:05.655   687  1134 W ActivityManager: Slow operation: 128ms so far, now at startProcess: done starting proc!
06-02 04:46:05.716   687  1008 W PackageManager: Cannot suspend package "com.android.emulator.multidisplay": has OP_SYSTEM_EXEMPT_FROM_SUSPENSION set
06-02 04:46:05.727   687  1134 W ContentProviderHelper: Slow operation: 240ms so far, now at getContentProviderImpl: after start process
06-02 04:46:05.728   687  1134 W ContentProviderHelper: Slow operation: 241ms so far, now at getContentProviderImpl: updating data structures
06-02 04:46:05.774   687  1134 W ContentProviderHelper: Slow operation: 287ms so far, now at getContentProviderImpl: done!
06-02 04:46:05.805   687  1008 W PackageManager: Cannot suspend package "com.android.settings": has OP_SYSTEM_EXEMPT_FROM_SUSPENSION set
06-02 04:46:05.839   687   723 W ActivityManager: Slow operation: 310ms so far, now at startProcess: done updating battery stats
06-02 04:46:05.839   687   723 W ActivityManager: Slow operation: 311ms so far, now at startProcess: building log message
06-02 04:46:05.839   687   723 I ActivityManager: Start proc 3136:android.process.acore/u0a96 for content provider {com.android.providers.contacts/com.android.providers.contacts.CallLogProvider}
06-02 04:46:05.839   687   723 W ActivityManager: Slow operation: 311ms so far, now at startProcess: starting to update pids map
06-02 04:46:05.840   687   723 I ActivityManager: ProcessObserver broadcast disabled
06-02 04:46:05.843   687   723 W ActivityManager: Slow operation: 315ms so far, now at startProcess: done updating pids map
06-02 04:46:05.901   687  1008 W PackageManager: Cannot suspend package "com.android.location.fused": has OP_SYSTEM_EXEMPT_FROM_SUSPENSION set
06-02 04:46:06.030   687  1460 W ActivityManager: Slow operation: 191ms so far, now at finishAttachApplicationInner: after mServices.attachApplicationLocked
06-02 04:46:06.067   687  1460 W ActivityManager: Slow operation: 228ms so far, now at finishAttachApplicationInner: after dispatching broadcasts
06-02 04:46:06.271   687  1583 W ActivityManager: Slow operation: 100ms so far, now at attachApplicationLocked: after updateOomAdjLocked
06-02 04:46:06.349   687   723 W ActivityManager: Slow operation: 187ms so far, now at startProcess: done updating battery stats
06-02 04:46:06.349   687   723 W ActivityManager: Slow operation: 188ms so far, now at startProcess: building log message
06-02 04:46:06.349   687   723 I ActivityManager: Start proc 3147:com.google.android.projection.gearhead:car/u0a134 for broadcast {com.google.android.projection.gearhead/com.google.android.apps.auto.carservice.gmscorecompatstub.StubComponentInitReceiver}
06-02 04:46:06.349   687   723 W ActivityManager: Slow operation: 188ms so far, now at startProcess: starting to update pids map
06-02 04:46:06.349   687   723 I ActivityManager: ProcessObserver broadcast disabled
06-02 04:46:06.350   687   723 W ActivityManager: Slow operation: 189ms so far, now at startProcess: done updating pids map
06-02 04:46:06.394   687   687 W Looper  : Slow dispatch took 222ms main app=system_server main=true group=FOREGROUND h=android.app.ActivityThread$H c=android.app.LoadedApk$ReceiverDispatcher$Args$$ExternalSyntheticLambda0@b06a69e m=0
06-02 04:46:06.404   687   687 W Looper  : Slow delivery took 226ms main app=system_server main=true group=FOREGROUND h=com.android.server.alarm.AlarmManagerService$AlarmHandler c=null m=7
06-02 04:46:06.667   942  1055 W Looper  : Slow dispatch took 1314ms SysUiBg app=com.android.systemui main=false group=FOREGROUND h=android.os.Handler c=android.telephony.TelephonyCallback$IPhoneStateListenerStub$$ExternalSyntheticLambda72@e5cec90 m=0
06-02 04:46:06.692   687   687 W Looper  : Drained
06-02 04:46:06.710   687   705 W AppOpService: Ignored setUidMode call for runtime permission app op: uid = 10143, code = READ_CELL_BROADCASTS, mode = allow, callingUid = 1001, oldMode = allow
06-02 04:46:06.734   687   705 W AppOpService: Ignored setUidMode call for runtime permission app op: uid = 1001, code = READ_SMS, mode = allow, callingUid = 1001, oldMode = allow
06-02 04:46:06.746   687   705 W AppOpService: Ignored setUidMode call for runtime permission app op: uid = 1001, code = RECEIVE_SMS, mode = allow, callingUid = 1001, oldMode = allow
06-02 04:46:06.747   249  2900 I keystore2: system/security/keystore2/watchdog/src/lib.rs:377 - Watchdog thread idle -> terminating. Have a great day.
06-02 04:46:06.748   687   769 W AppOpService: Ignored setUidMode call for runtime permission app op: uid = 1001, code = RECEIVE_WAP_PUSH, mode = allow, callingUid = 1001, oldMode = allow
06-02 04:46:06.757   687   769 W AppOpService: Ignored setUidMode call for runtime permission app op: uid = 1001, code = SEND_SMS, mode = allow, callingUid = 1001, oldMode = allow
06-02 04:46:06.758   687   769 W AppOpService: Ignored setUidMode call for runtime permission app op: uid = 1001, code = READ_CELL_BROADCASTS, mode = allow, callingUid = 1001, oldMode = allow
06-02 04:46:06.950   687  1460 W AppOpService: Ignored setUidMode call for runtime permission app op: uid = 10143, code = READ_CELL_BROADCASTS, mode = allow, callingUid = 1001, oldMode = allow
06-02 04:46:06.968   687   705 W AppOpService: Ignored setUidMode call for runtime permission app op: uid = 1001, code = READ_SMS, mode = allow, callingUid = 1001, oldMode = allow
06-02 04:46:06.974   687   915 W AppOpService: Ignored setUidMode call for runtime permission app op: uid = 1001, code = RECEIVE_SMS, mode = allow, callingUid = 1001, oldMode = allow
06-02 04:46:06.977   687   915 W AppOpService: Ignored setUidMode call for runtime permission app op: uid = 1001, code = RECEIVE_WAP_PUSH, mode = allow, callingUid = 1001, oldMode = allow
06-02 04:46:06.978   687   705 W AppOpService: Ignored setUidMode call for runtime permission app op: uid = 1001, code = SEND_SMS, mode = allow, callingUid = 1001, oldMode = allow
06-02 04:46:06.979   687   915 W AppOpService: Ignored setUidMode call for runtime permission app op: uid = 1001, code = READ_CELL_BROADCASTS, mode = allow, callingUid = 1001, oldMode = allow
06-02 04:46:07.035   687   705 W AppOpService: Ignored setUidMode call for runtime permission app op: uid = 10143, code = READ_CELL_BROADCASTS, mode = allow, callingUid = 1001, oldMode = allow
06-02 04:46:07.048   687   915 W AppOpService: Ignored setUidMode call for runtime permission app op: uid = 1001, code = READ_SMS, mode = allow, callingUid = 1001, oldMode = allow
06-02 04:46:07.058   687  1460 W AppOpService: Ignored setUidMode call for runtime permission app op: uid = 1001, code = RECEIVE_SMS, mode = allow, callingUid = 1001, oldMode = allow
06-02 04:46:07.059   687   769 W AppOpService: Ignored setUidMode call for runtime permission app op: uid = 1001, code = RECEIVE_WAP_PUSH, mode = allow, callingUid = 1001, oldMode = allow
06-02 04:46:07.060   687   769 W AppOpService: Ignored setUidMode call for runtime permission app op: uid = 1001, code = SEND_SMS, mode = allow, callingUid = 1001, oldMode = allow
06-02 04:46:07.060   687   769 W AppOpService: Ignored setUidMode call for runtime permission app op: uid = 1001, code = READ_CELL_BROADCASTS, mode = allow, callingUid = 1001, oldMode = allow
06-02 04:46:07.388   687  1460 W AppOpService: Ignored setUidMode call for runtime permission app op: uid = 10143, code = READ_CELL_BROADCASTS, mode = allow, callingUid = 1001, oldMode = allow
06-02 04:46:07.389   687   769 W JobScheduler: Job didn't exist in JobStore: dded0e4 #u0a149/-353 com.google.android.googlequicksearchbox/com.google.android.apps.gsa.tasks.BackgroundTasksJobService
06-02 04:46:07.421   687  1951 W AppOpService: Ignored setUidMode call for runtime permission app op: uid = 1001, code = READ_SMS, mode = allow, callingUid = 1001, oldMode = allow
06-02 04:46:07.464   687  1585 W AppOpService: Ignored setUidMode call for runtime permission app op: uid = 1001, code = RECEIVE_SMS, mode = allow, callingUid = 1001, oldMode = allow
06-02 04:46:07.464   687  1951 W AppOpService: Ignored setUidMode call for runtime permission app op: uid = 1001, code = RECEIVE_WAP_PUSH, mode = allow, callingUid = 1001, oldMode = allow
06-02 04:46:07.491   687  1944 W AppOpService: Ignored setUidMode call for runtime permission app op: uid = 1001, code = SEND_SMS, mode = allow, callingUid = 1001, oldMode = allow
06-02 04:46:07.745   687  1585 W ContentProviderHelper: Slow operation: 213ms so far, now at getContentProviderImpl: updating data structures
06-02 04:46:07.745   687  1585 W ContentProviderHelper: Slow operation: 214ms so far, now at getContentProviderImpl: done!
06-02 04:46:08.454   687  1951 D OomAdjuster: Not killing cached processes
06-02 04:46:08.652   687   687 W Looper  : Slow delivery took 204ms main app=system_server main=true group=FOREGROUND h=com.android.server.power.Notifier$NotifierHandler c=com.android.server.power.Notifier$$ExternalSyntheticLambda2@dc3520c m=0
06-02 04:46:08.785   687  1944 W AppOpService: Ignored setUidMode call for runtime permission app op: uid = 1001, code = READ_CELL_BROADCASTS, mode = allow, callingUid = 1001, oldMode = allow
06-02 04:46:08.791   687   687 W Looper  : Drained
06-02 04:46:08.879   687   900 D BackgroundInstallControlService: Package event received: 0
06-02 04:46:09.117   687   722 D CompatChangeReporter: Compat change id reported: 151861875; UID 10145; state: ENABLED
06-02 04:46:09.157   687   722 W ActivityManager: Slow operation: 62ms so far, now at startProcess: done starting proc!
06-02 04:46:09.166   687  1951 W JobScheduler: Job didn't exist in JobStore: ca3c290 #u0a149/-49 com.google.android.googlequicksearchbox/com.google.android.apps.gsa.tasks.BackgroundTasksJobService
06-02 04:46:09.247   687   723 W ActivityManager: Slow operation: 130ms so far, now at startProcess: done updating battery stats
06-02 04:46:09.247   687   723 W ActivityManager: Slow operation: 130ms so far, now at startProcess: building log message
06-02 04:46:09.247   687   723 I ActivityManager: Start proc 3176:com.google.android.settings.intelligence/u0a145 for broadcast {com.google.android.settings.intelligence/com.google.android.settings.intelligence.libs.instrumentation.snapshot.SnapshotBroadcastReceiver}
06-02 04:46:09.247   687   723 W ActivityManager: Slow operation: 130ms so far, now at startProcess: starting to update pids map
06-02 04:46:09.260   687   723 I ActivityManager: ProcessObserver broadcast disabled
06-02 04:46:09.260   687   723 W ActivityManager: Slow operation: 143ms so far, now at startProcess: done updating pids map
06-02 04:46:09.386   687   713 W Looper  : Slow dispatch took 299ms android.ui app=system_server main=false group=TOP_APP h=com.android.server.am.ActivityManagerService$UiHandler c=null m=68
06-02 04:46:09.387   687   713 W Looper  : Slow delivery took 223ms android.ui app=system_server main=false group=TOP_APP h=com.android.server.am.ActivityManagerService$UiHandler c=com.android.server.am.UidObserverController$$ExternalSyntheticLambda0@f736d8f m=0
06-02 04:46:09.395   687   713 W Looper  : Drained
06-02 04:46:09.502   687  1583 W AppOpService: Ignored setUidMode call for runtime permission app op: uid = 10143, code = READ_CELL_BROADCASTS, mode = allow, callingUid = 1001, oldMode = allow
06-02 04:46:09.522   687   769 W AppOpService: Ignored setUidMode call for runtime permission app op: uid = 1001, code = READ_SMS, mode = allow, callingUid = 1001, oldMode = allow
06-02 04:46:09.524   687   769 W AppOpService: Ignored setUidMode call for runtime permission app op: uid = 1001, code = RECEIVE_SMS, mode = allow, callingUid = 1001, oldMode = allow
06-02 04:46:09.524   687   769 W AppOpService: Ignored setUidMode call for runtime permission app op: uid = 1001, code = RECEIVE_WAP_PUSH, mode = allow, callingUid = 1001, oldMode = allow
06-02 04:46:09.524   687   769 W AppOpService: Ignored setUidMode call for runtime permission app op: uid = 1001, code = SEND_SMS, mode = allow, callingUid = 1001, oldMode = allow
06-02 04:46:09.525   687   769 W AppOpService: Ignored setUidMode call for runtime permission app op: uid = 1001, code = READ_CELL_BROADCASTS, mode = allow, callingUid = 1001, oldMode = allow
06-02 04:46:09.945   687   705 D CountryDetector: The first listener is added
06-02 04:46:09.950   687   900 D BackgroundInstallControlService: Package event received: 0
06-02 04:46:10.129   687   900 D BackgroundInstallControlService: Package event received: 0
06-02 04:46:10.300   687   900 D BackgroundInstallControlService: Package event received: 0
06-02 04:46:10.300   687   900 D BackgroundInstallControlService: Package event received: 0
06-02 04:46:10.300   687   900 D BackgroundInstallControlService: Package event received: 0
06-02 04:46:10.300   687   900 D BackgroundInstallControlService: Package event received: 0
06-02 04:46:10.317   687   768 I Telecom : TelecomServiceImpl$1: registerPhoneAccount: account=[[ ] PhoneAccount: ComponentInfo{com.android.phone/com.android.services.telephony.TelephonyConnectionService}, 1, UserHandle{0} Capabilities: CallProvider MultiUser PlaceEmerg SimSub  Audio Routes: BESW Schemes: tel voicemail  Extras: Bundle[{android.telecom.extra.SUPPORTS_VIDEO_CALLING_FALLBACK=true}] GroupId: *** SC Restrictions: [ ]]: TSI.rPA(cap)@AFw
06-02 04:46:10.544   687   768 I Telecom : PhoneAccountRegistrar: New phone account registered: [[ ] PhoneAccount: ComponentInfo{com.android.phone/com.android.services.telephony.TelephonyConnectionService}, 1, UserHandle{0} Capabilities: CallProvider MultiUser PlaceEmerg SimSub  Audio Routes: BESW Schemes: tel voicemail  Extras: Bundle[{android.telecom.extra.SUPPORTS_VIDEO_CALLING_FALLBACK=true}] GroupId: *** SC Restrictions: [ ]]: TSI.rPA(cap)@AFw
06-02 04:46:10.547   687   768 I Telecom : CallsManager: Sending phone-account ComponentInfo{com.android.phone/com.android.services.telephony.TelephonyConnectionService}, 1, UserHandle{0} registered intent as user: TSI.rPA(cap)@AFw
06-02 04:46:10.557   687   768 I Telecom : CallsManager: Sending phone-account registered intent to default dialer: TSI.rPA(cap)@AFw
06-02 04:46:10.625   687   768 I Telecom : PhoneAccountRegistrar: getSimCallManager: SimCallManager for subId 1 queried, returning: null: TSI.rPA(cap)@AFw
06-02 04:46:10.625   687   768 I Telecom : PhoneAccountRegistrar: Notifying telephony of voice service override change for 1 SIMs, hasService = false: TSI.rPA(cap)@AFw
06-02 04:46:10.881   687  1008 I Telecom : CallsManager: Sending phone-account ComponentInfo{com.android.phone/com.android.services.telephony.TelephonyConnectionService}, E, UserHandle{0} unregistered intent as user: TSI.uPA(cap)@AGA
06-02 04:46:10.887   687  1008 I Telecom : CallsManager: Sending phone-account unregistered intent to default dialer: TSI.uPA(cap)@AGA
06-02 04:46:11.070   687   705 W ContextImpl: Calling a method in the system process without a qualified user: android.app.ContextImpl.sendBroadcastMultiplePermissions:1319 android.content.Context.sendBroadcastMultiplePermissions:2583 com.android.server.TelephonyRegistry.broadcastServiceStateChanged:4159 com.android.server.TelephonyRegistry.notifyServiceStateForPhoneId:1848 com.android.internal.telephony.ITelephonyRegistry$Stub.onTransact:613 
06-02 04:46:11.078   687   705 W ContextImpl: Calling a method in the system process without a qualified user: android.app.ContextImpl.sendBroadcastMultiplePermissions:1352 com.android.server.TelephonyRegistry.broadcastServiceStateChanged:4164 com.android.server.TelephonyRegistry.notifyServiceStateForPhoneId:1848 com.android.internal.telephony.ITelephonyRegistry$Stub.onTransact:613 android.os.Binder.execTransactInternal:1421 
06-02 04:46:11.094   687   705 W ContextImpl: Calling a method in the system process without a qualified user: android.app.ContextImpl.sendBroadcastMultiplePermissions:1352 com.android.server.TelephonyRegistry.broadcastServiceStateChanged:4173 com.android.server.TelephonyRegistry.notifyServiceStateForPhoneId:1848 com.android.internal.telephony.ITelephonyRegistry$Stub.onTransact:613 android.os.Binder.execTransactInternal:1421 
06-02 04:46:11.140   687   712 W Looper  : Slow dispatch took 328ms android.fg app=system_server main=false group=FOREGROUND h=android.os.Handler c=com.android.server.net.NetworkManagementService$NetdUnsolicitedEventListener$$ExternalSyntheticLambda0@a50bf59 m=0
06-02 04:46:11.199   687   705 W ContextImpl: Calling a method in the system process without a qualified user: android.app.ContextImpl.sendBroadcastMultiplePermissions:1352 com.android.server.TelephonyRegistry.broadcastServiceStateChanged:4179 com.android.server.TelephonyRegistry.notifyServiceStateForPhoneId:1848 com.android.internal.telephony.ITelephonyRegistry$Stub.onTransact:613 android.os.Binder.execTransactInternal:1421 
06-02 04:46:11.555   687  1008 I Telecom : PhoneAccountRegistrar: getSimCallManager: SimCallManager for subId 1 queried, returning: null: TSI.gPA(capc)@AGE
06-02 04:46:11.695   687  1944 I Telecom : PhoneAccountRegistrar: getSimCallManager: SimCallManager for subId 1 queried, returning: null: TSI.gPA(capc)@AGI
06-02 04:46:12.105   942  1055 W Looper  : Drained
06-02 04:46:13.079   687  1585 D CompatChangeReporter: Compat change id reported: 311402873; UID 10145; state: ENABLED
06-02 04:46:13.079   687  1585 D CompatChangeReporter: Compat change id reported: 323349338; UID 10145; state: ENABLED
06-02 04:46:13.276   687  2256 I Telecom : TelecomServiceImpl$1: registerPhoneAccount: account=[[ ] PhoneAccount: ComponentInfo{com.android.phone/com.android.services.telephony.TelephonyConnectionService}, 1, UserHandle{0} Capabilities: CallProvider MultiUser PlaceEmerg SimSub  Audio Routes: BESW Schemes: tel voicemail  Extras: Bundle[{android.telecom.extra.SUPPORTS_VIDEO_CALLING_FALLBACK=true}] GroupId: *** SC Restrictions: [ ]]: TSI.rPA(cap)@AGU
06-02 04:46:13.278   687  2256 I Telecom : PhoneAccountRegistrar: Modify account: [ComponentInfo{com.android.phone/com.android.services.telephony.TelephonyConnectionService}, 1, UserHandle{0}]: TSI.rPA(cap)@AGU
06-02 04:46:13.286   687  2256 I Telecom : CallsManager: handlePhoneAccountChanged: phoneAccount=[[X] PhoneAccount: ComponentInfo{com.android.phone/com.android.services.telephony.TelephonyConnectionService}, 1, UserHandle{0} Capabilities: CallProvider MultiUser PlaceEmerg SimSub  Audio Routes: BESW Schemes: tel voicemail  Extras: Bundle[{android.telecom.extra.SUPPORTS_VIDEO_CALLING_FALLBACK=true}] GroupId: *** SC Restrictions: [ ]]: TSI.rPA(cap)@AGU
06-02 04:46:13.329   687  2256 I Telecom : PhoneAccountRegistrar: getSimCallManager: SimCallManager for subId 1 queried, returning: null: TSI.rPA(cap)@AGU
06-02 04:46:13.329   687  2256 I Telecom : PhoneAccountRegistrar: Notifying telephony of voice service override change for 1 SIMs, hasService = false: TSI.rPA(cap)@AGU
06-02 04:46:13.495   687   915 D OomAdjuster: Not killing cached processes
06-02 04:46:13.571   687  1458 I Telecom : TelecomServiceImpl$1: registerPhoneAccount: account=[[ ] PhoneAccount: ComponentInfo{com.android.phone/com.android.services.telephony.TelephonyConnectionService}, 1, UserHandle{0} Capabilities: CallProvider MultiUser PlaceEmerg SimSub  Audio Routes: BESW Schemes: tel voicemail  Extras: Bundle[{android.telecom.extra.SUPPORTS_VIDEO_CALLING_FALLBACK=true}] GroupId: *** SC Restrictions: [ ]]: TSI.rPA(cap)@AGc
06-02 04:46:13.583   687   723 W ActivityManager: Slow operation: 56ms so far, now at startProcess: done updating battery stats
06-02 04:46:13.583   687   723 W ActivityManager: Slow operation: 56ms so far, now at startProcess: building log message
06-02 04:46:13.584   687   723 I ActivityManager: Start proc 3224:com.google.android.photopicker/u0a198 for broadcast {com.google.android.photopicker/com.android.photopicker.PhotopickerDeviceConfigReceiver}
06-02 04:46:13.584   687   723 W ActivityManager: Slow operation: 56ms so far, now at startProcess: starting to update pids map
06-02 04:46:13.584   687   723 I ActivityManager: ProcessObserver broadcast disabled
06-02 04:46:13.584   687   723 W ActivityManager: Slow operation: 57ms so far, now at startProcess: done updating pids map
06-02 04:46:13.596   687  1458 I Telecom : PhoneAccountRegistrar: Modify account: [ComponentInfo{com.android.phone/com.android.services.telephony.TelephonyConnectionService}, 1, UserHandle{0}]: TSI.rPA(cap)@AGc
06-02 04:46:13.608   687  1458 I Telecom : CallsManager: handlePhoneAccountChanged: phoneAccount=[[X] PhoneAccount: ComponentInfo{com.android.phone/com.android.services.telephony.TelephonyConnectionService}, 1, UserHandle{0} Capabilities: CallProvider MultiUser PlaceEmerg SimSub  Audio Routes: BESW Schemes: tel voicemail  Extras: Bundle[{android.telecom.extra.SUPPORTS_VIDEO_CALLING_FALLBACK=true}] GroupId: *** SC Restrictions: [ ]]: TSI.rPA(cap)@AGc
06-02 04:46:13.623   687  1458 I Telecom : PhoneAccountRegistrar: getSimCallManager: SimCallManager for subId 1 queried, returning: null: TSI.rPA(cap)@AGc
06-02 04:46:13.624   687  1458 I Telecom : PhoneAccountRegistrar: Notifying telephony of voice service override change for 1 SIMs, hasService = false: TSI.rPA(cap)@AGc
06-02 04:46:13.829   687   795 D ActivityManager: freezing 3048 com.google.android.apps.wallpaper
06-02 04:46:13.859   687  1458 I Telecom : TelecomServiceImpl$1: registerPhoneAccount: account=[[ ] PhoneAccount: ComponentInfo{com.android.phone/com.android.services.telephony.TelephonyConnectionService}, 1, UserHandle{0} Capabilities: CallProvider MultiUser PlaceEmerg SimSub  Audio Routes: BESW Schemes: tel voicemail  Extras: Bundle[{android.telecom.extra.SUPPORTS_VIDEO_CALLING_FALLBACK=true}] GroupId: *** SC Restrictions: [ ]]: TSI.rPA(cap)@AGk
06-02 04:46:13.880   687  1458 I Telecom : PhoneAccountRegistrar: Modify account: [ComponentInfo{com.android.phone/com.android.services.telephony.TelephonyConnectionService}, 1, UserHandle{0}]: TSI.rPA(cap)@AGk
06-02 04:46:13.882   687  1458 I Telecom : CallsManager: handlePhoneAccountChanged: phoneAccount=[[X] PhoneAccount: ComponentInfo{com.android.phone/com.android.services.telephony.TelephonyConnectionService}, 1, UserHandle{0} Capabilities: CallProvider MultiUser PlaceEmerg SimSub  Audio Routes: BESW Schemes: tel voicemail  Extras: Bundle[{android.telecom.extra.SUPPORTS_VIDEO_CALLING_FALLBACK=true}] GroupId: *** SC Restrictions: [ ]]: TSI.rPA(cap)@AGk
06-02 04:46:14.004   687  1458 I Telecom : PhoneAccountRegistrar: getSimCallManager: SimCallManager for subId 1 queried, returning: null: TSI.rPA(cap)@AGk
06-02 04:46:14.004   687  1458 I Telecom : PhoneAccountRegistrar: Notifying telephony of voice service override change for 1 SIMs, hasService = false: TSI.rPA(cap)@AGk
06-02 04:46:14.047   687   795 D ActivityManager: freezing 1612 com.google.android.permissioncontroller
06-02 04:46:14.356   687   749 I AppsFilter: interaction: PackageSetting{cbc886c com.android.microdroid.empty_payload/10204} -> PackageSetting{ee14f93 com.google.android.settings.intelligence/10145} BLOCKED
06-02 04:46:14.379   687   877 D AppWidgetServiceImpl: Trying to notify widget providers changed
06-02 04:46:14.401   687   877 D AppWidgetServiceImpl: Trying to notify widget providers changed
06-02 04:46:14.416   687   687 V ConditionProviders: enabling condition provider for 0: ComponentInfo{com.google.android.apps.wellbeing/com.google.android.apps.wellbeing.azr.impl.AzrConditionProviderService}
06-02 04:46:14.416   687   687 V ConditionProviders: Not registering ComponentInfo{com.google.android.apps.wellbeing/com.google.android.apps.wellbeing.azr.impl.AzrConditionProviderService} is already bound
06-02 04:46:14.424   687   897 D ShortcutService: received package broadcast intent: Intent { act=android.intent.action.PACKAGE_CHANGED dat=package: flg=0x45000010 pkg=android (has extras) }
06-02 04:46:14.424   687   897 D ShortcutService: changing package: com.google.android.settings.intelligence userId=0
06-02 04:46:14.433   687   897 D ShortcutService: received package broadcast intent: Intent { act=android.intent.action.PACKAGE_CHANGED dat=package: flg=0x45000010 (has extras) }
06-02 04:46:14.433   687   897 D ShortcutService: changing package: com.google.android.settings.intelligence userId=0
06-02 04:46:14.486   687   687 V ConditionProviders: enabling condition provider for 0: ComponentInfo{com.google.android.apps.wellbeing/com.google.android.apps.wellbeing.azr.impl.AzrConditionProviderService}
06-02 04:46:14.486   687   687 V ConditionProviders: Not registering ComponentInfo{com.google.android.apps.wellbeing/com.google.android.apps.wellbeing.azr.impl.AzrConditionProviderService} is already bound
06-02 04:46:14.506   687   900 D BackgroundInstallControlService: Package event received: 0
06-02 04:46:14.508   687   922 D ActivityManager: sync unfroze 1612 com.google.android.permissioncontroller for 6
06-02 04:46:14.557   687  1947 I AppsFilter: interaction: PackageSetting{cbc886c com.android.microdroid.empty_payload/10204} -> PackageSetting{b9f5d8d com.google.android.settings.intelligence/10145} BLOCKED
06-02 04:46:14.564   687  1947 I AppsFilter: interaction: PackageSetting{cbc886c com.android.microdroid.empty_payload/10204} -> PackageSetting{969fb42 com.google.android.settings.intelligence/10145} BLOCKED
06-02 04:46:14.687   687   900 D BackgroundInstallControlService: Package event received: 0
06-02 04:46:14.687   687   922 W Looper  : Slow dispatch took 303ms android.perm app=system_server main=false group=FOREGROUND h=android.os.Handler c=com.android.internal.infra.ServiceConnector$Impl$$ExternalSyntheticLambda2@51805af m=0
06-02 04:46:14.687   687   922 W Looper  : Slow delivery took 209ms android.perm app=system_server main=false group=FOREGROUND h=android.os.Handler c=com.android.internal.infra.ServiceConnector$Impl$$ExternalSyntheticLambda2@14fedbc m=0
06-02 04:46:14.735   687   749 E ActivityManager: Unable to freeze binder for 3176: -11
06-02 04:46:14.888   687   749 I ActivityManager: Killing 3176:com.google.android.settings.intelligence/u0a145 (adj 0): change com.google.android.settings.intelligence
06-02 04:46:14.909   687   687 W Looper  : Slow dispatch took 134ms main app=system_server main=true group=FOREGROUND h=com.android.server.power.Notifier$NotifierHandler c=com.android.server.power.Notifier$$ExternalSyntheticLambda2@308723e m=0
06-02 04:46:14.937   687   749 W ActivityManager: Scheduling restart of crashed service com.google.android.settings.intelligence/.modules.routines.impl.RoutinesJobIntentService in 1000ms for connection
06-02 04:46:15.098   687  1947 W ActivityManager: finishReceiver: no app for android.os.BinderProxy@6adba02
06-02 04:46:15.125   687   922 W Looper  : Drained
06-02 04:46:15.125   687  1585 W ProcessStats: Tracking association SourceState{171a31 system/1000 ImpFg #1143} whose proc state 5 is better than process ProcessState{32ed874 com.google.android.permissioncontroller/10192 pkg=com.google.android.permissioncontroller} proc state 14 (2 skipped)
06-02 04:46:15.175   687   786 W ActivityManager: ProcessRecord{ebf131f 0:com.google.android.settings.intelligence/u0a145} is attached to a previous process 3176
06-02 04:46:15.276   687   786 W ActivityManager: Slow operation: 119ms so far, now at startProcess: done creating new process record
06-02 04:46:15.287   687   786 W ActivityManager: Slow operation: 130ms so far, now at startProcess: stepping in to startProcess
06-02 04:46:15.288   687   786 W ActivityManager: Slow operation: 131ms so far, now at startProcess: done starting proc!
06-02 04:46:15.341   687   877 D AppWidgetServiceImpl: Trying to notify widget providers changed
06-02 04:46:15.367   687  1008 W ActivityManager: pid 2198 com.google.android.gms.persistent sent binder code 3 with flags 0 to frozen apps and got error -32
06-02 04:46:15.383   687   897 D ShortcutService: received package broadcast intent: Intent { act=android.intent.action.PACKAGE_CHANGED dat=package: flg=0x45000010 (has extras) }
06-02 04:46:15.383   687   897 D ShortcutService: changing package: com.google.android.settings.intelligence userId=0
06-02 04:46:15.384   687   749 I ActivityManager: Killing 0:com.google.android.settings.intelligence/u0a145 (adj -10000): change com.google.android.settings.intelligence
06-02 04:46:15.388   687  1947 V ActivityManager: Got obituary of 3176:com.google.android.settings.intelligence
06-02 04:46:15.477   687   877 D AppWidgetServiceImpl: Trying to notify widget providers changed
06-02 04:46:15.485   687   897 D ShortcutService: received package broadcast intent: Intent { act=android.intent.action.PACKAGE_CHANGED dat=package: flg=0x45000010 pkg=android (has extras) }
06-02 04:46:15.485   687   897 D ShortcutService: changing package: com.google.android.settings.intelligence userId=0
06-02 04:46:15.497   687   723 W ActivityManager: Slow operation: 74ms so far, now at startProcess: returned from zygote!
06-02 04:46:15.515   687   687 D CompatChangeReporter: Compat change id reported: 311208629; UID 10145; state: ENABLED
06-02 04:46:15.517   687   723 W ActivityManager: Slow operation: 94ms so far, now at startProcess: done updating battery stats
06-02 04:46:15.520   687   723 W ActivityManager: Slow operation: 96ms so far, now at startProcess: building log message
06-02 04:46:15.520   687   723 I ActivityManager: Start proc 3242:com.google.android.settings.intelligence/u0a145 for service {com.google.android.settings.intelligence/com.google.android.settings.intelligence.modules.routines.impl.ComputeNewInferencesJobService}
06-02 04:46:15.521   687   723 W ActivityManager: Slow operation: 97ms so far, now at startProcess: starting to update pids map
06-02 04:46:15.521   687   723 I ActivityManager: ProcessObserver broadcast disabled
06-02 04:46:15.522   687   723 W ActivityManager: Slow operation: 98ms so far, now at startProcess: done updating pids map
06-02 04:46:16.038   687   687 W Looper  : Slow dispatch took 200ms main app=system_server main=true group=FOREGROUND h=android.app.ActivityThread$H c=android.app.LoadedApk$ServiceDispatcher$RunConnection@a1c2e91 m=0
06-02 04:46:16.041   687   687 W Looper  : Slow delivery took 714ms main app=system_server main=true group=FOREGROUND h=android.app.ActivityThread$H c=android.app.LoadedApk$ReceiverDispatcher$Args$$ExternalSyntheticLambda0@73069f7 m=0
06-02 04:46:16.096   687   687 V ConditionProviders: enabling condition provider for 0: ComponentInfo{com.google.android.apps.wellbeing/com.google.android.apps.wellbeing.azr.impl.AzrConditionProviderService}
06-02 04:46:16.096   687   687 V ConditionProviders: Not registering ComponentInfo{com.google.android.apps.wellbeing/com.google.android.apps.wellbeing.azr.impl.AzrConditionProviderService} is already bound
06-02 04:46:16.120   687   687 V ConditionProviders: enabling condition provider for 0: ComponentInfo{com.google.android.apps.wellbeing/com.google.android.apps.wellbeing.azr.impl.AzrConditionProviderService}
06-02 04:46:16.120   687   687 V ConditionProviders: Not registering ComponentInfo{com.google.android.apps.wellbeing/com.google.android.apps.wellbeing.azr.impl.AzrConditionProviderService} is already bound
06-02 04:46:16.229   687   687 W Looper  : Drained
06-02 04:46:16.296   687   768 W ActivityManager: Slow operation: 51ms so far, now at attachApplicationLocked: after updateOomAdjLocked
06-02 04:46:17.059   687  1460 I Telecom : TelecomServiceImpl$1: registerPhoneAccount: account=[[ ] PhoneAccount: ComponentInfo{com.android.phone/com.android.services.telephony.TelephonyConnectionService}, 1, UserHandle{0} Capabilities: CallProvider MultiUser PlaceEmerg SimSub  Audio Routes: BESW Schemes: tel voicemail  Extras: Bundle[{android.telecom.extra.SUPPORTS_VIDEO_CALLING_FALLBACK=true}] GroupId: *** SC Restrictions: [ ]]: TSI.rPA(cap)@AHE
06-02 04:46:17.066   687  1460 I Telecom : PhoneAccountRegistrar: Modify account: [ComponentInfo{com.android.phone/com.android.services.telephony.TelephonyConnectionService}, 1, UserHandle{0}(addr: tel:************ -> tel:)(subAddr: tel:************ -> tel:)]: TSI.rPA(cap)@AHE
06-02 04:46:17.087   687  1460 I Telecom : CallsManager: handlePhoneAccountChanged: phoneAccount=[[X] PhoneAccount: ComponentInfo{com.android.phone/com.android.services.telephony.TelephonyConnectionService}, 1, UserHandle{0} Capabilities: CallProvider MultiUser PlaceEmerg SimSub  Audio Routes: BESW Schemes: tel voicemail  Extras: Bundle[{android.telecom.extra.SUPPORTS_VIDEO_CALLING_FALLBACK=true}] GroupId: *** SC Restrictions: [ ]]: TSI.rPA(cap)@AHE
06-02 04:46:17.104   687  1460 I Telecom : PhoneAccountRegistrar: getSimCallManager: SimCallManager for subId 1 queried, returning: null: TSI.rPA(cap)@AHE
06-02 04:46:17.109   687  1460 I Telecom : PhoneAccountRegistrar: Notifying telephony of voice service override change for 1 SIMs, hasService = false: TSI.rPA(cap)@AHE
06-02 04:46:17.135   687  1947 W AppOpService: Ignored setUidMode call for runtime permission app op: uid = 10143, code = READ_CELL_BROADCASTS, mode = allow, callingUid = 1001, oldMode = allow
06-02 04:46:17.148   687  1947 W AppOpService: Ignored setUidMode call for runtime permission app op: uid = 1001, code = READ_SMS, mode = allow, callingUid = 1001, oldMode = allow
06-02 04:46:17.149   687  1947 W AppOpService: Ignored setUidMode call for runtime permission app op: uid = 1001, code = RECEIVE_SMS, mode = allow, callingUid = 1001, oldMode = allow
06-02 04:46:17.149   687  1947 W AppOpService: Ignored setUidMode call for runtime permission app op: uid = 1001, code = RECEIVE_WAP_PUSH, mode = allow, callingUid = 1001, oldMode = allow
06-02 04:46:17.150   687  1947 W AppOpService: Ignored setUidMode call for runtime permission app op: uid = 1001, code = SEND_SMS, mode = allow, callingUid = 1001, oldMode = allow
06-02 04:46:17.150   687  1134 W AppOpService: Ignored setUidMode call for runtime permission app op: uid = 1001, code = READ_CELL_BROADCASTS, mode = allow, callingUid = 1001, oldMode = allow
06-02 04:46:17.283   687   768 W AppOpService: Ignored setUidMode call for runtime permission app op: uid = 10143, code = READ_CELL_BROADCASTS, mode = allow, callingUid = 1001, oldMode = allow
06-02 04:46:17.291   687   768 W AppOpService: Ignored setUidMode call for runtime permission app op: uid = 1001, code = READ_SMS, mode = allow, callingUid = 1001, oldMode = allow
06-02 04:46:17.314   687  1134 W AppOpService: Ignored setUidMode call for runtime permission app op: uid = 1001, code = RECEIVE_SMS, mode = allow, callingUid = 1001, oldMode = allow
06-02 04:46:17.315   687  1134 W AppOpService: Ignored setUidMode call for runtime permission app op: uid = 1001, code = RECEIVE_WAP_PUSH, mode = allow, callingUid = 1001, oldMode = allow
06-02 04:46:17.315   687  1134 W AppOpService: Ignored setUidMode call for runtime permission app op: uid = 1001, code = SEND_SMS, mode = allow, callingUid = 1001, oldMode = allow
06-02 04:46:17.315   687  1134 W AppOpService: Ignored setUidMode call for runtime permission app op: uid = 1001, code = READ_CELL_BROADCASTS, mode = allow, callingUid = 1001, oldMode = allow
06-02 04:46:17.352   687   768 W AppOpService: Ignored setUidMode call for runtime permission app op: uid = 10143, code = READ_CELL_BROADCASTS, mode = allow, callingUid = 1001, oldMode = allow
06-02 04:46:17.367   687   768 W AppOpService: Ignored setUidMode call for runtime permission app op: uid = 1001, code = READ_SMS, mode = allow, callingUid = 1001, oldMode = allow
06-02 04:46:17.368   687   768 W AppOpService: Ignored setUidMode call for runtime permission app op: uid = 1001, code = RECEIVE_SMS, mode = allow, callingUid = 1001, oldMode = allow
06-02 04:46:17.369   687  1134 W AppOpService: Ignored setUidMode call for runtime permission app op: uid = 1001, code = RECEIVE_WAP_PUSH, mode = allow, callingUid = 1001, oldMode = allow
06-02 04:46:17.369   687  1134 W AppOpService: Ignored setUidMode call for runtime permission app op: uid = 1001, code = SEND_SMS, mode = allow, callingUid = 1001, oldMode = allow
06-02 04:46:17.370   687  1134 W AppOpService: Ignored setUidMode call for runtime permission app op: uid = 1001, code = READ_CELL_BROADCASTS, mode = allow, callingUid = 1001, oldMode = allow
06-02 04:46:17.434   687  1460 W AppOpService: Ignored setUidMode call for runtime permission app op: uid = 10143, code = READ_CELL_BROADCASTS, mode = allow, callingUid = 1001, oldMode = allow
06-02 04:46:17.450   687  1460 W AppOpService: Ignored setUidMode call for runtime permission app op: uid = 1001, code = READ_SMS, mode = allow, callingUid = 1001, oldMode = allow
06-02 04:46:17.462   687  1460 W AppOpService: Ignored setUidMode call for runtime permission app op: uid = 1001, code = RECEIVE_SMS, mode = allow, callingUid = 1001, oldMode = allow
06-02 04:46:17.464   687   768 W AppOpService: Ignored setUidMode call for runtime permission app op: uid = 1001, code = RECEIVE_WAP_PUSH, mode = allow, callingUid = 1001, oldMode = allow
06-02 04:46:17.466   687   768 W AppOpService: Ignored setUidMode call for runtime permission app op: uid = 1001, code = SEND_SMS, mode = allow, callingUid = 1001, oldMode = allow
06-02 04:46:17.476   687   768 W AppOpService: Ignored setUidMode call for runtime permission app op: uid = 1001, code = READ_CELL_BROADCASTS, mode = allow, callingUid = 1001, oldMode = allow
06-02 04:46:17.984   687   815 V AccessibilityManagerService: onUserStateChangedLocked for userId: 0, forceUpdate: false
06-02 04:46:17.993   687   815 W MagnificationConnectionManager: requestConnection duplicated request: connect=false, mConnectionState=DISCONNECTED
06-02 04:46:18.173   687   723 I ActivityManager: Start proc 3274:com.android.vending/u0a146 for broadcast {com.android.vending/com.google.android.finsky.simhandler.SimStateReceiver}
06-02 04:46:18.173   687   723 I ActivityManager: ProcessObserver broadcast disabled
06-02 04:46:18.283   687   815 V AccessibilityManagerService: onUserStateChangedLocked for userId: 0, forceUpdate: false
06-02 04:46:18.284   687   815 W MagnificationConnectionManager: requestConnection duplicated request: connect=false, mConnectionState=DISCONNECTED
06-02 04:46:18.287   687   815 V AccessibilityManagerService: onUserStateChangedLocked for userId: 0, forceUpdate: false
06-02 04:46:18.289   687   815 W MagnificationConnectionManager: requestConnection duplicated request: connect=false, mConnectionState=DISCONNECTED
06-02 04:46:18.471   687   749 I AppsFilter: interaction: PackageSetting{cbc886c com.android.microdroid.empty_payload/10204} -> PackageSetting{70db0d2 com.google.android.settings.intelligence/10145} BLOCKED
06-02 04:46:18.546   687   897 D ShortcutService: received package broadcast intent: Intent { act=android.intent.action.PACKAGE_CHANGED dat=package: flg=0x45000010 pkg=android (has extras) }
06-02 04:46:18.563   687   897 D ShortcutService: changing package: com.google.android.settings.intelligence userId=0
06-02 04:46:18.619   687   877 D AppWidgetServiceImpl: Trying to notify widget providers changed
06-02 04:46:18.620   687   877 D AppWidgetServiceImpl: Trying to notify widget providers changed
06-02 04:46:18.629   687   897 D ShortcutService: received package broadcast intent: Intent { act=android.intent.action.PACKAGE_CHANGED dat=package: flg=0x45000010 (has extras) }
06-02 04:46:18.629   687   897 D ShortcutService: changing package: com.google.android.settings.intelligence userId=0
06-02 04:46:18.697   687   687 V ConditionProviders: enabling condition provider for 0: ComponentInfo{com.google.android.apps.wellbeing/com.google.android.apps.wellbeing.azr.impl.AzrConditionProviderService}
06-02 04:46:18.714   687   687 V ConditionProviders: Not registering ComponentInfo{com.google.android.apps.wellbeing/com.google.android.apps.wellbeing.azr.impl.AzrConditionProviderService} is already bound
06-02 04:46:18.816   687  1134 D OomAdjuster: Not killing cached processes
06-02 04:46:19.010   687   768 D CompatChangeReporter: Compat change id reported: 151861875; UID 10146; state: ENABLED
06-02 04:46:19.150   687  1458 W AppOpService: Ignored setUidMode call for runtime permission app op: uid = 10143, code = READ_CELL_BROADCASTS, mode = allow, callingUid = 1001, oldMode = allow
06-02 04:46:19.150   687   687 W Looper  : Slow dispatch took 331ms main app=system_server main=true group=FOREGROUND h=android.app.ActivityThread$H c=android.app.LoadedApk$ReceiverDispatcher$Args$$ExternalSyntheticLambda0@68f7b50 m=0
06-02 04:46:19.152   687   687 W Looper  : Slow delivery took 560ms main app=system_server main=true group=FOREGROUND h=android.app.ActivityThread$H c=android.app.LoadedApk$ReceiverDispatcher$Args$$ExternalSyntheticLambda0@d83ca4e m=0
06-02 04:46:19.189   687   900 D BackgroundInstallControlService: Package event received: 0
06-02 04:46:19.192   687   900 D BackgroundInstallControlService: Package event received: 0
06-02 04:46:19.242   687   768 W ActivityManager: Slow operation: 390ms so far, now at attachApplicationLocked: immediately after bindApplication
06-02 04:46:19.242   687   768 W ActivityManager: Slow operation: 390ms so far, now at attachApplicationLocked: after updateLruProcessLocked
06-02 04:46:19.465   687  1585 W AppOpService: Ignored setUidMode call for runtime permission app op: uid = 1001, code = READ_SMS, mode = allow, callingUid = 1001, oldMode = allow
06-02 04:46:19.467   687  1944 W AppOpService: Ignored setUidMode call for runtime permission app op: uid = 1001, code = RECEIVE_SMS, mode = allow, callingUid = 1001, oldMode = allow
06-02 04:46:19.467   687  1944 W AppOpService: Ignored setUidMode call for runtime permission app op: uid = 1001, code = RECEIVE_WAP_PUSH, mode = allow, callingUid = 1001, oldMode = allow
06-02 04:46:19.468   687  1192 W AppOpService: Ignored setUidMode call for runtime permission app op: uid = 1001, code = SEND_SMS, mode = allow, callingUid = 1001, oldMode = allow
06-02 04:46:19.468   687  1944 W AppOpService: Ignored setUidMode call for runtime permission app op: uid = 1001, code = READ_CELL_BROADCASTS, mode = allow, callingUid = 1001, oldMode = allow
06-02 04:46:19.487   687   768 W ActivityManager: Slow operation: 626ms so far, now at attachApplicationLocked: after updateOomAdjLocked
06-02 04:46:19.489   687   687 W Looper  : Slow dispatch took 311ms main app=system_server main=true group=FOREGROUND h=android.app.ActivityThread$H c=android.app.LoadedApk$ReceiverDispatcher$Args$$ExternalSyntheticLambda0@1276b4b m=0
06-02 04:46:19.656   687   687 W Looper  : Slow dispatch took 163ms main app=system_server main=true group=FOREGROUND h=android.app.ActivityThread$H c=android.app.LoadedApk$ReceiverDispatcher$Args$$ExternalSyntheticLambda0@e0ab56c m=0
06-02 04:46:19.772   249  3278 W keystore2: system/security/keystore2/watchdog/src/lib.rs:143 - ### Keystore Watchdog report - BEGIN ###
06-02 04:46:19.773   249  3278 W keystore2: system/security/keystore2/watchdog/src/lib.rs:152 - When extracting from a bug report, please include this header and all 1 records below (to footer)
06-02 04:46:19.773   249  3278 W keystore2: system/security/keystore2/watchdog/src/lib.rs:199 - ThreadId(1) Calling get_rkpd_attestation_key() Started: 06-02 08:46:18.706 UTC Pending: 1.067039241s Overdue 67.040172ms
06-02 04:46:19.773   249  3278 W keystore2: system/security/keystore2/watchdog/src/lib.rs:211 - ### Keystore Watchdog report - END ###
06-02 04:46:19.859   687   915 W AppOpService: Ignored setUidMode call for runtime permission app op: uid = 10143, code = READ_CELL_BROADCASTS, mode = allow, callingUid = 1001, oldMode = allow
06-02 04:46:19.866   942  1055 W Looper  : Slow delivery took 1138ms SysUiBg app=com.android.systemui main=false group=FOREGROUND h=android.os.Handler c=com.android.systemui.controls.management.ControlsListingControllerImpl$changeUser$1@4669fa7 m=0
06-02 04:46:19.924   687   687 W Looper  : Slow dispatch took 266ms main app=system_server main=true group=FOREGROUND h=android.app.ActivityThread$H c=android.app.LoadedApk$ReceiverDispatcher$Args$$ExternalSyntheticLambda0@82e06c6 m=0
