--------- beginning of system
06-02 04:44:33.037  1308  1954 E ActivityThread: Failed to find provider info for com.google.android.gms.fonts
06-02 04:44:33.043   687  1592 W JobScheduler: Job didn't exist in JobStore: 924f1df {androidx.work.systemjobscheduler} #u0a159/6 @androidx.work.systemjobscheduler@com.google.android.inputmethod.latin/androidx.work.impl.background.systemjob.SystemJobService
06-02 04:44:33.087   687   722 E ActivityManager: Timeout waiting for provider com.google.android.gms/10148 for provider com.google.android.gms.fonts caller=ProcessRecord{9cb87a 1308:com.google.android.inputmethod.latin/u0a159}
06-02 04:44:33.310   687  1197 W ActivityManager: Slow operation: 219ms so far, now at attachApplicationLocked: before bindApplication
06-02 04:44:33.310   687  1197 W ActivityManager: Slow operation: 219ms so far, now at attachApplicationLocked: immediately before bindApplication
06-02 04:44:33.313   687  1197 W ActivityManager: Slow operation: 222ms so far, now at attachApplicationLocked: immediately after bindApplication
06-02 04:44:33.314   687  1197 W ActivityManager: Slow operation: 222ms so far, now at attachApplicationLocked: after updateLruProcessLocked
06-02 04:44:33.314   687  1197 W ActivityManager: Slow operation: 223ms so far, now at attachApplicationLocked: after updateOomAdjLocked
06-02 04:44:33.341   687   749 I AppsFilter: interaction: PackageSetting{cbc886c com.android.microdroid.empty_payload/10204} -> PackageSetting{14468f3 com.google.android.partnersetup/10141} BLOCKED
06-02 04:44:33.628  1222  1582 D ActivityThread: Too many transaction errors, throttling freezer binder callback.
06-02 04:44:33.863   687   712 W Looper  : Slow dispatch took 270ms android.fg app=system_server main=false group=FOREGROUND h=android.os.Handler c=com.android.internal.content.PackageMonitor$$ExternalSyntheticLambda0@6fb9c1a m=0
06-02 04:44:33.865   687   712 W Looper  : Slow delivery took 335ms android.fg app=system_server main=false group=FOREGROUND h=android.os.Handler c=com.android.internal.content.PackageMonitor$$ExternalSyntheticLambda0@8cd934b m=0
06-02 04:44:33.892   687   704 W PackageManager: Cannot suspend package "com.android.vending": required for package verification
06-02 04:44:33.901   687   704 W PackageManager: Cannot suspend package "android": has OP_SYSTEM_EXEMPT_FROM_SUSPENSION set
06-02 04:44:33.952   687   704 W PackageManager: Cannot suspend package "com.google.android.permissioncontroller": required for permissions management
06-02 04:44:34.005   687   704 W PackageManager: Cannot suspend package "com.android.providers.settings": has OP_SYSTEM_EXEMPT_FROM_SUSPENSION set
06-02 04:44:34.016   687   704 W PackageManager: Cannot suspend package "com.android.inputdevices": has OP_SYSTEM_EXEMPT_FROM_SUSPENSION set
06-02 04:44:34.050   687   704 W PackageManager: Cannot suspend package "com.google.android.dialer": is the default dialer
06-02 04:44:34.319   687   704 W PackageManager: Cannot suspend package "com.android.server.telecom": has OP_SYSTEM_EXEMPT_FROM_SUSPENSION set
06-02 04:44:34.320   687  1197 D OomAdjuster: Not killing cached processes
06-02 04:44:34.321   687   704 W PackageManager: Cannot suspend package "com.android.keychain": has OP_SYSTEM_EXEMPT_FROM_SUSPENSION set
06-02 04:44:34.341   687   704 W PackageManager: Cannot suspend package "com.google.android.packageinstaller": required for package installation
06-02 04:44:34.359   687   704 W PackageManager: Cannot suspend package "com.android.localtransport": has OP_SYSTEM_EXEMPT_FROM_SUSPENSION set
06-02 04:44:34.369   687   704 W PackageManager: Cannot suspend package "com.google.android.apps.nexuslauncher": contains the active launcher
06-02 04:44:34.380   687   704 W PackageManager: Cannot suspend package "com.android.DeviceAsWebcam": has OP_SYSTEM_EXEMPT_FROM_SUSPENSION set
06-02 04:44:34.684   687   704 W PackageManager: Cannot suspend package "com.android.emulator.multidisplay": has OP_SYSTEM_EXEMPT_FROM_SUSPENSION set
06-02 04:44:34.994   942  1055 W Looper  : Slow dispatch took 2124ms SysUiBg app=com.android.systemui main=false group=TOP_APP h=android.os.Handler c=android.telephony.TelephonyCallback$IPhoneStateListenerStub$$ExternalSyntheticLambda38@2a2e088 m=0
06-02 04:44:35.079   687   900 D BackgroundInstallControlService: Package event received: 0
06-02 04:44:35.087  1308  1732 E ActivityThread: Failed to find provider info for com.google.android.gsf.gservices
06-02 04:44:35.088   687   704 W PackageManager: Cannot suspend package "com.android.settings": has OP_SYSTEM_EXEMPT_FROM_SUSPENSION set
06-02 04:44:35.093   687  1458 W ActivityManager: Service lookup failed: association not allowed between packages com.google.android.as.oss and com.google.android.gms
06-02 04:44:35.179   687   900 D BackgroundInstallControlService: Package event received: 0
06-02 04:44:35.208   687   704 W PackageManager: Cannot suspend package "com.android.location.fused": has OP_SYSTEM_EXEMPT_FROM_SUSPENSION set
06-02 04:44:35.246   687   815 V AccessibilityManagerService: onUserStateChangedLocked for userId: 0, forceUpdate: false
06-02 04:44:35.277   687   712 W Looper  : Drained
06-02 04:44:35.296   687   900 D BackgroundInstallControlService: Package event received: 0
06-02 04:44:35.832   687   721 E StatsPullAtomService: subInfo of subId 1 is invalid, ignored.
06-02 04:44:35.843  1222  1550 D ActivityThread: Too many transaction errors, throttling freezer binder callback.
06-02 04:44:36.266   687  1592 I Telecom : TelecomServiceImpl$1: registerPhoneAccount: account=[[ ] PhoneAccount: ComponentInfo{com.android.phone/com.android.services.telephony.TelephonyConnectionService}, 1, UserHandle{0} Capabilities: CallProvider MultiUser PlaceEmerg SimSub  Audio Routes: BESW Schemes: tel voicemail  Extras: Bundle[{android.telecom.extra.SUPPORTS_VIDEO_CALLING_FALLBACK=true}] GroupId: *** SC Restrictions: [ ]]: TSI.rPA(cap)@AC8
06-02 04:44:36.618   687   815 W MagnificationConnectionManager: requestConnection duplicated request: connect=false, mConnectionState=DISCONNECTED
06-02 04:44:36.753   687  1592 I Telecom : PhoneAccountRegistrar: Modify account: [ComponentInfo{com.android.phone/com.android.services.telephony.TelephonyConnectionService}, 1, UserHandle{0}]: TSI.rPA(cap)@AC8
06-02 04:44:36.767   687  1592 I Telecom : CallsManager: handlePhoneAccountChanged: phoneAccount=[[X] PhoneAccount: ComponentInfo{com.android.phone/com.android.services.telephony.TelephonyConnectionService}, 1, UserHandle{0} Capabilities: CallProvider MultiUser PlaceEmerg SimSub  Audio Routes: BESW Schemes: tel voicemail  Extras: Bundle[{android.telecom.extra.SUPPORTS_VIDEO_CALLING_FALLBACK=true}] GroupId: *** SC Restrictions: [ ]]: TSI.rPA(cap)@AC8
06-02 04:44:36.870   942  1055 W Looper  : Slow delivery took 2357ms SysUiBg app=com.android.systemui main=false group=TOP_APP h=android.os.Handler c=com.android.keyguard.KeyguardUpdateMonitor$$ExternalSyntheticLambda7@f33a21 m=0
06-02 04:44:36.871   942  1055 W Looper  : Slow dispatch took 1872ms SysUiBg app=com.android.systemui main=false group=TOP_APP h=android.os.Handler c=com.android.keyguard.KeyguardUpdateMonitor$$ExternalSyntheticLambda7@f33a21 m=0
06-02 04:44:36.898  1627  2057 V Configuration: Updating configuration, locales updated from [] to [en_US]
06-02 04:44:36.966   687   922 W Looper  : Slow dispatch took 1086ms android.perm app=system_server main=false group=FOREGROUND h=android.os.Handler c=com.android.internal.infra.ServiceConnector$Impl$$ExternalSyntheticLambda2@43ff860 m=0
06-02 04:44:36.968   687   922 W Looper  : Slow delivery took 351ms android.perm app=system_server main=false group=FOREGROUND h=android.os.Handler c=android.app.LoadedApk$ServiceDispatcher$RunConnection@72a3119 m=0
06-02 04:44:36.989  1627  2057 V Configuration: Updating configuration, locales updated from [] to [en_US]
06-02 04:44:37.054  1627  2057 V Configuration: Updating configuration, locales updated from [] to [en_US]
06-02 04:44:37.064   942  1055 W Looper  : Drained
06-02 04:44:37.096   687   687 W Looper  : Slow dispatch took 2123ms main app=system_server main=true group=FOREGROUND h=android.app.ActivityThread$H c=android.app.LoadedApk$ServiceDispatcher$RunConnection@44051ea m=0
06-02 04:44:37.101   687   687 W Looper  : Slow delivery took 2081ms main app=system_server main=true group=FOREGROUND h=com.android.server.power.Notifier$NotifierHandler c=null m=7
06-02 04:44:37.215   687   687 W Looper  : Drained
06-02 04:44:37.258   687  1197 W JobScheduler: Job didn't exist in JobStore: 5e01927 {androidx.work.systemjobscheduler} #u0a159/10 @androidx.work.systemjobscheduler@com.google.android.inputmethod.latin/androidx.work.impl.background.systemjob.SystemJobService
06-02 04:44:37.345  1627  2057 V Configuration: Updating configuration, locales updated from [] to [en_US]
06-02 04:44:37.399  1627  2057 V Configuration: Updating configuration, locales updated from [] to [en_US]
06-02 04:44:37.432   687   900 D BackgroundInstallControlService: Package event received: 0
06-02 04:44:37.494  1627  2057 V Configuration: Updating configuration, locales updated from [] to [en_US]
06-02 04:44:37.501  1627  2057 V Configuration: Updating configuration, locales updated from [] to [en_US]
06-02 04:44:37.510  1627  2057 V Configuration: Updating configuration, locales updated from [] to [en_US]
06-02 04:44:37.550   687  1592 I Telecom : PhoneAccountRegistrar: getSimCallManager: SimCallManager for subId 1 queried, returning: null: TSI.rPA(cap)@AC8
06-02 04:44:37.550   687  1592 I Telecom : PhoneAccountRegistrar: Notifying telephony of voice service override change for 1 SIMs, hasService = false: TSI.rPA(cap)@AC8
06-02 04:44:38.029   687  1460 W PackageConfigPersister: App-specific configuration not found for packageName: com.google.android.apps.nexuslauncher and userId: 0
06-02 04:44:38.642   687  1589 W ActivityManager: Slow operation: 102ms so far, now at startProcess: done starting proc!
06-02 04:44:38.649   687   723 W ActivityManager: Slow operation: 107ms so far, now at startProcess: asking zygote to start proc
06-02 04:44:38.724   687   900 D BackgroundInstallControlService: Package event received: 0
06-02 04:44:39.021   687   687 W Looper  : Slow delivery took 244ms main app=system_server main=true group=FOREGROUND h=com.android.server.power.Notifier$NotifierHandler c=com.android.server.power.Notifier$$ExternalSyntheticLambda2@3379428 m=0
06-02 04:44:39.021   687   723 W ActivityManager: Slow operation: 331ms so far, now at startProcess: returned from zygote!
06-02 04:44:39.097   687  1944 W ActivityManager: Slow operation: 556ms so far, now at startProcess: done updating battery stats
06-02 04:44:39.098   687  1944 W ActivityManager: Slow operation: 556ms so far, now at startProcess: building log message
06-02 04:44:39.098   687  1944 I ActivityManager: Start proc 2105:com.google.android.gms.unstable/u0a148 for service {com.google.android.gms/com.google.android.gms.droidguard.DroidGuardService}
06-02 04:44:39.098   687  1944 W ActivityManager: Slow operation: 556ms so far, now at startProcess: starting to update pids map
06-02 04:44:39.098   687  1944 I ActivityManager: ProcessObserver broadcast disabled
06-02 04:44:39.099   687  1944 W ActivityManager: Slow operation: 558ms so far, now at startProcess: done updating pids map
06-02 04:44:39.100   687  1944 D CompatChangeReporter: Compat change id reported: 151861875; UID 10148; state: ENABLED
06-02 04:44:39.237   687  1944 W AppOpService: Ignored setUidMode call for runtime permission app op: uid = 10143, code = READ_CELL_BROADCASTS, mode = allow, callingUid = 1001, oldMode = allow
06-02 04:44:39.296   687  1948 W AppOpService: Ignored setUidMode call for runtime permission app op: uid = 1001, code = READ_SMS, mode = allow, callingUid = 1001, oldMode = allow
06-02 04:44:39.302   687   768 W AppOpService: Ignored setUidMode call for runtime permission app op: uid = 1001, code = RECEIVE_SMS, mode = allow, callingUid = 1001, oldMode = allow
06-02 04:44:39.303   687   768 W AppOpService: Ignored setUidMode call for runtime permission app op: uid = 1001, code = RECEIVE_WAP_PUSH, mode = allow, callingUid = 1001, oldMode = allow
06-02 04:44:39.313   687  1948 W AppOpService: Ignored setUidMode call for runtime permission app op: uid = 1001, code = SEND_SMS, mode = allow, callingUid = 1001, oldMode = allow
06-02 04:44:39.318   687  1583 W AppOpService: Ignored setUidMode call for runtime permission app op: uid = 1001, code = READ_CELL_BROADCASTS, mode = allow, callingUid = 1001, oldMode = allow
06-02 04:44:39.324   687  2030 W ActivityManager: Dumping Java threads failed, initiating native stack dump.
06-02 04:44:39.369   687  1197 D OomAdjuster: Not killing cached processes
06-02 04:44:39.376   687  1197 W JobScheduler: Job didn't exist in JobStore: 1efda8d {androidx.work.systemjobscheduler} #u0a159/11 @androidx.work.systemjobscheduler@com.google.android.inputmethod.latin/androidx.work.impl.background.systemjob.SystemJobService
06-02 04:44:39.384   687   687 W Looper  : Slow dispatch took 247ms main app=system_server main=true group=FOREGROUND h=android.app.ActivityThread$H c=android.app.LoadedApk$ServiceDispatcher$RunConnection@dc4420b m=0
06-02 04:44:39.711   687   687 W ContentProviderHelper: Slow operation: 51ms so far, now at getContentProviderImpl: done!
06-02 04:44:40.105   687   900 D BackgroundInstallControlService: Package event received: 0
06-02 04:44:40.106   687   900 D BackgroundInstallControlService: Package event received: 0
06-02 04:44:40.106   687   900 D BackgroundInstallControlService: Package event received: 0
06-02 04:44:40.212   687  1999 E ActivityManager: Aborted stack trace dump (current primary pid=1413); deadline exceeded.
06-02 04:44:40.228   687  1999 D ActivityManager: created ANR temporary file:/data/anr/temp_anr_2916666459431149463.txt
06-02 04:44:40.228   687  1999 I ActivityManager: Collecting stacks for pid 1094 into temporary file temp_anr_2916666459431149463.txt
06-02 04:44:40.690  1627  1769 V Configuration: Updating configuration, locales updated from [] to [en_US]
06-02 04:44:40.983   687   897 D ShortcutService: received package broadcast intent: Intent { act=android.intent.action.PACKAGE_CHANGED dat=package: flg=0x45000010 (has extras) }
06-02 04:44:40.983   687   897 D ShortcutService: changing package: com.android.stk userId=0
06-02 04:44:41.061   687   687 W Looper  : Slow dispatch took 1573ms main app=system_server main=true group=FOREGROUND h=android.app.ActivityThread$H c=android.app.LoadedApk$ReceiverDispatcher$Args$$ExternalSyntheticLambda0@4aa5d3d m=0
06-02 04:44:41.104   687   877 D AppWidgetServiceImpl: Trying to notify widget providers changed
06-02 04:44:41.186   687   897 D ShortcutService: received package broadcast intent: Intent { act=android.intent.action.PACKAGE_CHANGED dat=package: flg=0x45000010 (has extras) }
06-02 04:44:41.187   687   897 D ShortcutService: changing package: com.google.android.apps.wellbeing userId=0
06-02 04:44:41.188   687   897 D ShortcutService: received package broadcast intent: Intent { act=android.intent.action.PACKAGE_CHANGED dat=package: flg=0x45000010 pkg=android (has extras) }
06-02 04:44:41.188   687   897 D ShortcutService: changing package: com.google.android.inputmethod.latin userId=0
06-02 04:44:41.332   942  1003 V WindowManagerShell: Transition requested (#6): android.os.BinderProxy@ab684f6 TransitionRequestInfo { type = CLOSE, triggerTask = null, pipChange = null, remoteTransition = RemoteTransition { remoteTransition = android.window.IRemoteTransition$Stub$Proxy@87dc0f7, appThread = null, debugName = TaskFragmentComponent }, displayChange = null, flags = 0, debugId = 6 }
06-02 04:44:41.333   942  1003 V WindowManagerShell: RemoteTransition directly requested for (#6) android.os.BinderProxy@ab684f6: RemoteTransition { remoteTransition = android.window.IRemoteTransition$Stub$Proxy@87dc0f7, appThread = null, debugName = TaskFragmentComponent }
06-02 04:44:41.334   942  1003 V WindowManagerShell: Transition (#6): request handled by RemoteTransitionHandler
06-02 04:44:41.351   942  1642 V WindowManagerShell: onTransitionReady(transaction=2950642532660)
06-02 04:44:41.366   942  1003 V WindowManagerShell: onTransitionReady (#6) android.os.BinderProxy@ab684f6: {id=6 t=CLOSE f=0x0 trk=0 r=[] c=[]}
06-02 04:44:41.368   942  1003 V WindowManagerShell: No transition roots in (#6) android.os.BinderProxy@ab684f6@0 so abort
06-02 04:44:41.386   687   768 D CompatChangeReporter: Compat change id reported: 297989574; UID 10141; state: ENABLED
06-02 04:44:41.386   942  1003 V WindowManagerShell: Transition animation finished (aborted=true), notifying core (#6) android.os.BinderProxy@ab684f6@0
06-02 04:44:41.388   942  1003 V WindowManagerShell: Track 0 became idle
06-02 04:44:41.388   942  1003 V WindowManagerShell: All active transition animations finished
06-02 04:44:41.388   942  1003 V WindowManagerShell: Transition requested (#7): android.os.BinderProxy@a3e09d0 TransitionRequestInfo { type = CHANGE, triggerTask = null, pipChange = null, remoteTransition = null, displayChange = null, flags = 0, debugId = 7 }
06-02 04:44:41.389   687   712 V WindowManager: Sent Transition (#6) createdAt=06-02 04:44:41.290 via request=TransitionRequestInfo { type = CLOSE, triggerTask = null, pipChange = null, remoteTransition = RemoteTransition { remoteTransition = android.window.IRemoteTransition$Stub$Proxy@29ab0cb, appThread = null, debugName = TaskFragmentComponent }, displayChange = null, flags = 0, debugId = 6 }
06-02 04:44:41.389   687   712 V WindowManager:     startWCT=WindowContainerTransaction { changes= {} hops= [] errorCallbackToken=null taskFragmentOrganizer=null }
06-02 04:44:41.389   687   712 V WindowManager:     info={id=6 t=CLOSE f=0x0 trk=0 r=[] c=[]}
06-02 04:44:41.390   687   712 V WindowManager: Finish Transition (#6): created at 06-02 04:44:41.290 collect-started=4.714ms request-sent=39.149ms started=56.362ms ready=56.3ms sent=58.819ms finished=96.625ms
06-02 04:44:41.390   687   897 D ShortcutService: received package broadcast intent: Intent { act=android.intent.action.PACKAGE_CHANGED dat=package: flg=0x45000010 (has extras) }
06-02 04:44:41.390   687   897 D ShortcutService: changing package: com.google.android.inputmethod.latin userId=0
06-02 04:44:41.393   942  1642 V WindowManagerShell: onTransitionReady(transaction=2950642532667)
06-02 04:44:41.396   942  1003 V WindowManagerShell: onTransitionReady (#7) android.os.BinderProxy@a3e09d0: {id=7 t=CHANGE f=0x0 trk=1 r=[] c=[]}
06-02 04:44:41.396   687   897 D ShortcutService: received package broadcast intent: Intent { act=android.intent.action.PACKAGE_CHANGED dat=package: flg=0x45000010 (has extras) }
06-02 04:44:41.396   942  1003 V WindowManagerShell: No transition roots in (#7) android.os.BinderProxy@a3e09d0@1 so abort
06-02 04:44:41.396   687   897 D ShortcutService: changing package: com.google.android.partnersetup userId=0
06-02 04:44:41.397   687  2030 W ActivityManager: Native stack dump failed!
06-02 04:44:41.397   942  1003 V WindowManagerShell: Transition animation finished (aborted=true), notifying core (#7) android.os.BinderProxy@a3e09d0@1
06-02 04:44:41.398   687  2030 E ActivityManager: Aborted stack trace dump (current primary pid=1222); deadline exceeded.
06-02 04:44:41.409   687  2000 I ActivityManager: dumpStackTraces nativepids=null
06-02 04:44:41.411   687  2000 I ActivityManager: dumpStackTraces extraPids=null
06-02 04:44:41.412   687  2000 I ActivityManager: Done dumping
06-02 04:44:41.423   687   712 V WindowManager: Sent Transition (#7) createdAt=06-02 04:44:41.351 via request=TransitionRequestInfo { type = CHANGE, triggerTask = null, pipChange = null, remoteTransition = null, displayChange = null, flags = 0, debugId = 7 }
06-02 04:44:41.423   687   712 V WindowManager:     startWCT=WindowContainerTransaction { changes= {} hops= [] errorCallbackToken=null taskFragmentOrganizer=null }
06-02 04:44:41.423   687   712 V WindowManager:     info={id=7 t=CHANGE f=0x0 trk=1 r=[] c=[]}
06-02 04:44:41.424   687   712 V WindowManager: Finish Transition (#7): created at 06-02 04:44:41.351 collect-started=0.049ms request-sent=0.298ms started=38.279ms ready=38.246ms sent=40.092ms finished=51.094ms
06-02 04:44:41.570   942  1003 V WindowManagerShell: Track 1 became idle
06-02 04:44:41.571   942  1003 V WindowManagerShell: All active transition animations finished
06-02 04:44:41.622   687   722 W ActivityManager: Slow operation: 152ms so far, now at startProcess: done creating new process record
06-02 04:44:41.622   687   722 W ActivityManager: Slow operation: 153ms so far, now at startProcess: stepping in to startProcess
06-02 04:44:41.623   687   722 W ActivityManager: Slow operation: 154ms so far, now at startProcess: done starting proc!
06-02 04:44:41.658   687   723 I ActivityManager: Start proc 2153:com.google.android.cellbroadcastreceiver/u0a190 for broadcast {com.google.android.cellbroadcastreceiver/com.android.cellbroadcastreceiver.CellBroadcastReceiver}
06-02 04:44:41.658   687   723 I ActivityManager: ProcessObserver broadcast disabled
06-02 04:44:41.687   687   687 W JobScheduler: Job didn't exist in JobStore: 778cdda {androidx.work.systemjobscheduler} #u0a159/13 @androidx.work.systemjobscheduler@com.google.android.inputmethod.latin/androidx.work.impl.background.systemjob.SystemJobService
06-02 04:44:41.687   687   687 W Looper  : Slow dispatch took 612ms main app=system_server main=true group=FOREGROUND h=android.app.ActivityThread$H c=android.app.LoadedApk$ServiceDispatcher$RunConnection@4f47847 m=0
06-02 04:44:41.718   687  1947 D CompatChangeReporter: Compat change id reported: 311208629; UID 10141; state: ENABLED
06-02 04:44:41.770  1627  1769 V Configuration: Updating configuration, locales updated from [] to [en_US]
06-02 04:44:41.840   687   687 W JobScheduler: Job didn't exist in JobStore: 55dd3a1 {androidx.work.systemjobscheduler} #u0a159/14 @androidx.work.systemjobscheduler@com.google.android.inputmethod.latin/androidx.work.impl.background.systemjob.SystemJobService
06-02 04:44:41.915   687   687 W Looper  : Slow dispatch took 118ms main app=system_server main=true group=FOREGROUND h=android.app.ActivityThread$H c=android.app.LoadedApk$ServiceDispatcher$RunConnection@df22341 m=0
06-02 04:44:41.987   687   912 D TextClassificationManagerService: Binding to ComponentInfo{com.google.android.as/com.google.android.apps.miphone.aiai.textclassifier.service.QAiaiTextClassifierService}
06-02 04:44:41.996   687   900 D BackgroundInstallControlService: Package event received: 0
06-02 04:44:42.116  1627  1769 V Configuration: Updating configuration, locales updated from [] to [en_US]
06-02 04:44:42.203   687   922 W Looper  : Drained
06-02 04:44:42.292   687  1943 W ActivityManager: Slow operation: 54ms so far, now at attachApplicationLocked: before bindApplication
06-02 04:44:42.292   687  1943 W ActivityManager: Slow operation: 55ms so far, now at attachApplicationLocked: immediately before bindApplication
06-02 04:44:42.302   687  1943 W ActivityManager: Slow operation: 65ms so far, now at attachApplicationLocked: immediately after bindApplication
06-02 04:44:42.302   687  1943 W ActivityManager: Slow operation: 65ms so far, now at attachApplicationLocked: after updateLruProcessLocked
06-02 04:44:42.322   687  1943 W ActivityManager: Slow operation: 84ms so far, now at attachApplicationLocked: after updateOomAdjLocked
06-02 04:44:42.396   687   687 W Looper  : Slow dispatch took 101ms main app=system_server main=true group=FOREGROUND h=android.app.ActivityThread$H c=android.app.LoadedApk$ReceiverDispatcher$Args$$ExternalSyntheticLambda0@e2e923 m=0
06-02 04:44:42.438   687   815 V AccessibilityManagerService: onUserStateChangedLocked for userId: 0, forceUpdate: false
06-02 04:44:42.439   687   815 W MagnificationConnectionManager: requestConnection duplicated request: connect=false, mConnectionState=DISCONNECTED
06-02 04:44:42.455   687   769 W ActivityManager: Slow operation: 270ms so far, now at finishAttachApplicationInner: after mServices.attachApplicationLocked
06-02 04:44:42.456   687   769 W ActivityManager: Slow operation: 270ms so far, now at finishAttachApplicationInner: after dispatching broadcasts
06-02 04:44:42.469   687   900 D BackgroundInstallControlService: Package event received: 0
06-02 04:44:42.471   687  2000 E ActivityManager: ANR in com.google.android.gms.persistent
06-02 04:44:42.471   687  2000 E ActivityManager: PID: 1222
06-02 04:44:42.471   687  2000 E ActivityManager: Reason: executing service com.google.android.gms/.chimera.PersistentDirectBootAwareApiService, waited 22014ms
06-02 04:44:42.471   687  2000 E ActivityManager: ErrorId: 4164bcd4-14a5-466b-a77c-ebdecd908858
06-02 04:44:42.471   687  2000 E ActivityManager: Frozen: false
06-02 04:44:42.471   687  2000 E ActivityManager: Load: 0.0 / 0.0 / 0.0
06-02 04:44:42.471   687  2000 E ActivityManager: ----- Output from /proc/pressure/memory -----
06-02 04:44:42.471   687  2000 E ActivityManager: some avg10=13.03 avg60=5.22 avg300=1.28 total=4213321
06-02 04:44:42.471   687  2000 E ActivityManager: full avg10=3.01 avg60=1.12 avg300=0.27 total=1062770
06-02 04:44:42.471   687  2000 E ActivityManager: ----- End output from /proc/pressure/memory -----
06-02 04:44:42.471   687  2000 E ActivityManager: ----- Output from /proc/pressure/cpu -----
06-02 04:44:42.471   687  2000 E ActivityManager: some avg10=82.17 avg60=51.52 avg300=15.74 total=53170949
06-02 04:44:42.471   687  2000 E ActivityManager: full avg10=0.00 avg60=0.00 avg300=0.00 total=0
06-02 04:44:42.471   687  2000 E ActivityManager: ----- End output from /proc/pressure/cpu -----
06-02 04:44:42.471   687  2000 E ActivityManager: ----- Output from /proc/pressure/io -----
06-02 04:44:42.471   687  2000 E ActivityManager: some avg10=35.18 avg60=23.33 avg300=7.90 total=27732689
06-02 04:44:42.471   687  2000 E ActivityManager: full avg10=1.18 avg60=3.54 avg300=1.84 total=7522191
06-02 04:44:42.471   687  2000 E ActivityManager: ----- End output from /proc/pressure/io -----
06-02 04:44:42.471   687  2000 E ActivityManager: 
06-02 04:44:42.471   687  2000 E ActivityManager: CPU usage from 590ms to -10698ms ago (2026-06-02 04:44:30.153 to 2026-06-02 04:44:41.440):
06-02 04:44:42.471   687  2000 E ActivityManager:   23% 687/system_server: 14% user + 8.1% kernel / faults: 3836 minor 16 major
06-02 04:44:42.471   687  2000 E ActivityManager:   18% 537/surfaceflinger: 3.8% user + 14% kernel / faults: 7 minor 127 major
06-02 04:44:42.471   687  2000 E ActivityManager:   15% 1106/com.google.android.apps.nexuslauncher: 8% user + 6.9% kernel / faults: 9172 minor 64 major
06-02 04:44:42.471   687  2000 E ActivityManager:   13% 1308/com.google.android.inputmethod.latin: 10% user + 3.7% kernel / faults: 3596 minor
06-02 04:44:42.471   687  2000 E ActivityManager:   12% 1222/com.google.android.gms.persistent: 8.2% user + 4% kernel / faults: 6711 minor 25 major
06-02 04:44:42.471   687  2000 E ActivityManager:   8.9% 1413/com.google.android.as: 7% user + 1.8% kernel / faults: 5016 minor 17 major
06-02 04:44:42.471   687  2000 E ActivityManager:   8.1% 1437/com.google.android.googlequicksearchbox:interactor: 6.7% user + 1.3% kernel / faults: 2175 minor 39 major
06-02 04:44:42.471   687  2000 E ActivityManager:   4.3% 1341/com.google.android.apps.wellbeing: 3.1% user + 1.1% kernel / faults: 1045 minor 2 major
06-02 04:44:42.471   687  2000 E ActivityManager:   3.9% 1094/com.android.phone: 3% user + 0.9% kernel / faults: 1565 minor 117 major
06-02 04:44:42.471   687  2000 E ActivityManager:   3.7% 1627/com.google.android.gms: 2.6% user + 1.1% kernel / faults: 1451 minor 2 major
06-02 04:44:42.471   687  2000 E ActivityManager: 95% TOTAL: 44% user + 36% kernel + 2.5% iowait + 7.5% irq + 3.3% softirq
06-02 04:44:42.471   687  2000 E ActivityManager: CPU usage from 118515ms to 118515ms ago (1969-12-31 19:00:00.000 to 1969-12-31 19:00:00.000) with 0% awake:
06-02 04:44:42.471   687  2000 E ActivityManager: 0% TOTAL: 0% user + 0% kernel
06-02 04:44:42.476   687  2000 I ActivityManager: Killing 1222:com.google.android.gms.persistent/u0a148 (adj 0): bg anr
06-02 04:44:42.502   687  2173 I DropBoxManagerService: add tag=system_app_anr isTagEnabled=true flags=0x2
06-02 04:44:42.595   687  2000 D ActivityManager: Completed ANR of com.google.android.gms.persistent in 11853ms, latency 2926ms (expired, only dump ANR app)
06-02 04:44:42.605   687   712 D CompatChangeReporter: Compat change id reported: 296060945; UID 10148; state: ENABLED
06-02 04:44:42.703   687   712 W Looper  : Slow dispatch took 155ms android.fg app=system_server main=false group=FOREGROUND h=com.android.server.DropBoxManagerService$DropBoxManagerBroadcastHandler c=null m=1
06-02 04:44:42.792   687   687 W Looper  : Slow dispatch took 113ms main app=system_server main=true group=FOREGROUND h=android.os.Handler c=android.telecom.Logging.SessionManager$$ExternalSyntheticLambda2@318be6 m=0
06-02 04:44:42.862   687  2000 I ActivityManager: dumpStackTraces pids=null
06-02 04:44:42.976   687  2000 I ActivityManager: Dumping to /data/anr/anr_2026-06-02-04-44-42-862
06-02 04:44:42.983   687  2000 I ActivityManager: dumpStackTraces nativepids=null
06-02 04:44:42.993   687   687 W Looper  : Slow dispatch took 199ms main app=system_server main=true group=FOREGROUND h=android.app.ActivityThread$H c=android.app.LoadedApk$ReceiverDispatcher$Args$$ExternalSyntheticLambda0@4c0f5b1 m=0
06-02 04:44:43.054   687   687 V ConditionProviders: enabling condition provider for 0: ComponentInfo{com.google.android.apps.wellbeing/com.google.android.apps.wellbeing.azr.impl.AzrConditionProviderService}
06-02 04:44:43.054   687   687 V ConditionProviders: Not registering ComponentInfo{com.google.android.apps.wellbeing/com.google.android.apps.wellbeing.azr.impl.AzrConditionProviderService} is already bound
06-02 04:44:43.100   687  2000 I ActivityManager: dumpStackTraces extraPids=null
06-02 04:44:43.100   687  2000 I ActivityManager: Done dumping
06-02 04:44:43.162   687  1583 I Telecom : TelecomServiceImpl$1: registerPhoneAccount: account=[[ ] PhoneAccount: ComponentInfo{com.android.phone/com.android.services.telephony.TelephonyConnectionService}, 1, UserHandle{0} Capabilities: CallProvider MultiUser PlaceEmerg SimSub  Audio Routes: BESW Schemes: tel voicemail  Extras: Bundle[{android.telecom.extra.SUPPORTS_VIDEO_CALLING_FALLBACK=true}] GroupId: *** SC Restrictions: [ ]]: TSI.rPA(cap)@AD0
06-02 04:44:43.166   687  1583 I Telecom : PhoneAccountRegistrar: Modify account: [ComponentInfo{com.android.phone/com.android.services.telephony.TelephonyConnectionService}, 1, UserHandle{0}(addr: tel:************ -> tel:)(subAddr: tel:************ -> tel:)]: TSI.rPA(cap)@AD0
06-02 04:44:43.177   687  1583 I Telecom : CallsManager: handlePhoneAccountChanged: phoneAccount=[[X] PhoneAccount: ComponentInfo{com.android.phone/com.android.services.telephony.TelephonyConnectionService}, 1, UserHandle{0} Capabilities: CallProvider MultiUser PlaceEmerg SimSub  Audio Routes: BESW Schemes: tel voicemail  Extras: Bundle[{android.telecom.extra.SUPPORTS_VIDEO_CALLING_FALLBACK=true}] GroupId: *** SC Restrictions: [ ]]: TSI.rPA(cap)@AD0
06-02 04:44:43.184   687  1583 I Telecom : PhoneAccountRegistrar: getSimCallManager: SimCallManager for subId 1 queried, returning: null: TSI.rPA(cap)@AD0
06-02 04:44:43.184   687  1583 I Telecom : PhoneAccountRegistrar: Notifying telephony of voice service override change for 1 SIMs, hasService = false: TSI.rPA(cap)@AD0
06-02 04:44:43.232   687  1583 W AppOpService: Ignored setUidMode call for runtime permission app op: uid = 10143, code = READ_CELL_BROADCASTS, mode = allow, callingUid = 1001, oldMode = allow
06-02 04:44:43.270  1627  1769 V Configuration: Updating configuration, locales updated from [] to [en_US]
06-02 04:44:43.333   687  2102 W ActivityManager: pid 2011 com.google.android.partnersetup sent binder code 2 with flags 2 to frozen apps and got error -32
06-02 04:44:43.333   687  2102 W ActivityManager: pid 1308 com.google.android.inputmethod.latin sent binder code 6 with flags 2 to frozen apps and got error -32
06-02 04:44:43.333   687  2102 D ActivityManager: Too many transaction errors, throttling freezer binder callback.
06-02 04:44:43.336   687  1592 W ActivityManager: pid 1437 com.google.android.googlequicksearchbox:interactor sent binder code 31 with flags 2 to frozen apps and got error -32
06-02 04:44:43.336   687  1592 D ActivityManager: Too many transaction errors, throttling freezer binder callback.
06-02 04:44:43.339   687  1592 E ContentProviderHelper: ProcessRecord{98ed681 1222:com.google.android.gms.persistent/u0a148} was killed by AM but isn't really dead
06-02 04:44:43.354   687   687 W Looper  : Drained
06-02 04:44:43.427   687  1592 W ContentProviderHelper: Slow operation: 89ms so far, now at getContentProviderImpl: before resolveContentProvider
06-02 04:44:43.427   687  1592 W ContentProviderHelper: Slow operation: 89ms so far, now at getContentProviderImpl: after resolveContentProvider
06-02 04:44:43.427   687  1592 W ContentProviderHelper: Slow operation: 89ms so far, now at getContentProviderImpl: got app info for user
06-02 04:44:43.428   687  1592 W ContentProviderHelper: Slow operation: 89ms so far, now at getContentProviderImpl: before checkContentProviderPermission
06-02 04:44:43.428   687  1592 W ContentProviderHelper: Slow operation: 89ms so far, now at getContentProviderImpl: after checkContentProviderPermission
06-02 04:44:43.428   687  1592 W ContentProviderHelper: Slow operation: 89ms so far, now at getContentProviderImpl: before getProviderByClass
06-02 04:44:43.428   687  1592 W ContentProviderHelper: Slow operation: 89ms so far, now at getContentProviderImpl: after getProviderByClass
06-02 04:44:43.428   687  1592 W ContentProviderHelper: Slow operation: 89ms so far, now at getContentProviderImpl: before getApplicationInfo
06-02 04:44:43.432   687  1592 W ContentProviderHelper: Slow operation: 90ms so far, now at getContentProviderImpl: after getApplicationInfo
06-02 04:44:43.432   687  1592 W ContentProviderHelper: Slow operation: 94ms so far, now at getContentProviderImpl: now have ContentProviderRecord
06-02 04:44:43.432   687  1592 W ContentProviderHelper: Slow operation: 94ms so far, now at getContentProviderImpl: before set stopped state
06-02 04:44:43.433   687  1592 W ContentProviderHelper: Slow operation: 94ms so far, now at getContentProviderImpl: after set stopped state
06-02 04:44:43.433   687  1592 W ContentProviderHelper: Slow operation: 94ms so far, now at getContentProviderImpl: looking for process record
06-02 04:44:43.433   687  1592 W ContentProviderHelper: Slow operation: 94ms so far, now at getContentProviderImpl: before start process
06-02 04:44:43.433   687  1592 W ActivityManager: ProcessRecord{98ed681 1222:com.google.android.gms.persistent/u0a148} is attached to a previous process
06-02 04:44:43.433   687  1592 W ActivityManager: Existing proc ProcessRecord{98ed681 1222:com.google.android.gms.persistent/u0a148} was killed 850ms ago when adding ProcessRecord{b065f80 0:com.google.android.gms.persistent/u0a148}
06-02 04:44:43.434   687  1592 W ContentProviderHelper: Slow operation: 96ms so far, now at getContentProviderImpl: after start process
06-02 04:44:43.434   687  1592 W ContentProviderHelper: Slow operation: 96ms so far, now at getContentProviderImpl: updating data structures
06-02 04:44:43.434   687  1592 W ContentProviderHelper: Slow operation: 96ms so far, now at getContentProviderImpl: done!
06-02 04:44:43.439   687   769 D CompatChangeReporter: Compat change id reported: 311208629; UID 10148; state: ENABLED
06-02 04:44:43.442   687   769 W ActivityManager: Scheduling restart of crashed service com.google.android.gms/.clearcut.debug.ClearcutDebugDumpService in 9184ms for start-requested
06-02 04:44:43.442   687   769 W ActivityManager: Scheduling restart of crashed service com.google.android.gms/com.google.android.location.network.NetworkLocationService in 19184ms for connection
06-02 04:44:43.442   687   769 W ActivityManager: Scheduling restart of crashed service com.google.android.gms/com.google.android.location.internal.GoogleLocationManagerService in 33864ms for start-requested
06-02 04:44:43.442   687   769 W ActivityManager: Scheduling restart of crashed service com.google.android.gms/.auth.account.authenticator.GoogleAccountAuthenticatorService in 43864ms for connection
06-02 04:44:43.442   687   769 W ActivityManager: Scheduling restart of crashed service com.google.android.gms/.chimera.PersistentDirectBootAwareApiService in 53864ms for connection
06-02 04:44:43.442   687   769 W ActivityManager: Scheduling restart of crashed service com.google.android.gms/.gcm.nts.SchedulerService in 63864ms for start-requested
06-02 04:44:43.443   687   769 W ActivityManager: Scheduling restart of crashed service com.google.android.gms/.chimera.PersistentInternalBoundBrokerService in 73864ms for connection
06-02 04:44:43.443   687   769 W ActivityManager: Scheduling restart of crashed service com.google.android.gms/com.google.android.location.internal.server.HardwareArProviderService in 83864ms for connection
06-02 04:44:43.443   687   769 W ActivityManager: Scheduling restart of crashed service com.google.android.gms/.chimera.PersistentApiService in 93864ms for connection
06-02 04:44:43.534   687   769 W ActivityManager: Scheduling restart of crashed service com.google.android.gms/.gcm.GcmService in 103773ms for start-requested
06-02 04:44:43.534   687   769 W ActivityManager: Scheduling restart of crashed service com.google.android.gms/com.google.android.location.fused.FusedLocationService in 113772ms for connection
06-02 04:44:43.534   687   769 W ActivityManager: Scheduling restart of crashed service com.google.android.gms/.location.geocode.GeocodeService in 123772ms for connection
06-02 04:44:43.535   687   769 W ActivityManager: Scheduling restart of crashed service com.google.android.gms/.chimera.PersistentIntentOperationService in 133772ms for start-requested
06-02 04:44:43.535   687   769 W ActivityManager: Scheduling restart of crashed service com.google.android.gms/.auth.GetToken in 143772ms for connection
06-02 04:44:43.535   687   769 W ActivityManager: Scheduling restart of crashed service com.google.android.gms/com.google.android.location.internal.server.GoogleLocationService in 153771ms for start-requested
06-02 04:44:43.535   687   769 W ActivityManager: Scheduling restart of crashed service com.google.android.gms/.chimera.PersistentBoundBrokerService in 163771ms for connection
06-02 04:44:43.536   687   769 W ActivityManager: Scheduling restart of crashed service com.google.android.gms/com.google.android.contextmanager.service.ContextManagerService in 173771ms for start-requested
06-02 04:44:43.536   687   769 W ActivityManager: Scheduling restart of crashed service com.google.android.gms/.play.integrity.api.service.IntegrityApiPersistentService in 183771ms for start-requested
06-02 04:44:43.536   687   769 W ActivityManager: Scheduling restart of crashed service com.google.android.gms/.geotimezone.GeoTimeZoneService in 193770ms for connection
06-02 04:44:43.537   687   723 W ActivityManager: Slow operation: 71ms so far, now at startProcess: asking zygote to start proc
06-02 04:44:43.537   687  2000 E ActivityManager: ANR in com.google.android.as
06-02 04:44:43.537   687  2000 E ActivityManager: PID: 1413
06-02 04:44:43.537   687  2000 E ActivityManager: Reason: executing service com.google.android.as/com.google.android.apps.miphone.aiai.common.superpacks.impl.AiAiSuperpacksService, waited 20041ms
06-02 04:44:43.537   687  2000 E ActivityManager: ErrorId: 99c1da6e-a1a0-439d-8edc-f91842816030
06-02 04:44:43.537   687  2000 E ActivityManager: Frozen: false
06-02 04:44:43.537   687  2000 E ActivityManager: Load: 0.0 / 0.0 / 0.0
06-02 04:44:43.537   687  2000 E ActivityManager: ----- Output from /proc/pressure/memory -----
06-02 04:44:43.537   687  2000 E ActivityManager: some avg10=9.62 avg60=5.65 avg300=1.53 total=5143865
06-02 04:44:43.537   687  2000 E ActivityManager: full avg10=2.62 avg60=1.32 avg300=0.35 total=1345139
06-02 04:44:43.537   687  2000 E ActivityManager: ----- End output from /proc/pressure/memory -----
06-02 04:44:43.537   687  2000 E ActivityManager: ----- Output from /proc/pressure/cpu -----
06-02 04:44:43.537   687  2000 E ActivityManager: some avg10=82.40 avg60=57.25 avg300=18.47 total=62868999
06-02 04:44:43.537   687  2000 E ActivityManager: full avg10=0.00 avg60=0.00 avg300=0.00 total=0
06-02 04:44:43.537   687  2000 E ActivityManager: ----- End output from /proc/pressure/cpu -----
06-02 04:44:43.537   687  2000 E ActivityManager: ----- Output from /proc/pressure/io -----
06-02 04:44:43.537   687  2000 E ActivityManager: some avg10=33.19 avg60=25.10 avg300=8.92 total=31643740
06-02 04:44:43.537   687  2000 E ActivityManager: full avg10=0.88 avg60=3.02 avg300=1.80 total=7667098
06-02 04:44:43.537   687  2000 E ActivityManager: ----- End output from /proc/pressure/io -----
06-02 04:44:43.537   687  2000 E ActivityManager: 
06-02 04:44:43.537   687  2000 E ActivityManager: CPU usage from 12491ms to 1203ms ago (2026-06-02 04:44:30.153 to 2026-06-02 04:44:41.440):
06-02 04:44:43.537   687  2000 E ActivityManager:   23% 687/system_server: 14% user + 8.1% kernel / faults: 3836 minor 16 major
06-02 04:44:43.537   687  2000 E ActivityManager:   18% 537/surfaceflinger: 3.8% user + 14% kernel / faults: 7 minor 127 major
06-02 04:44:43.537   687  2000 E ActivityManager:   15% 1106/com.google.android.apps.nexuslauncher: 8% user + 6.9% kernel / faults: 9172 minor 64 major
06-02 04:44:43.537   687  2000 E ActivityManager:   13% 1308/com.google.android.inputmethod.latin: 10% user + 3.7% kernel / faults: 3596 minor
06-02 04:44:43.537   687  2000 E ActivityManager:   12% 1222/com.google.android.gms.persistent: 8.2% user + 4% kernel / faults: 6711 minor 25 major
06-02 04:44:43.537   687  2000 E ActivityManager:   8.9% 1413/com.google.android.as: 7% user + 1.8% kernel / faults: 5016 minor 17 major
06-02 04:44:43.537   687  2000 E ActivityManager:   8.1% 1437/com.google.android.googlequicksearchbox:interactor: 6.7% user + 1.3% kernel / faults: 2175 minor 39 major
06-02 04:44:43.537   687  2000 E ActivityManager:   4.3% 1341/com.google.android.apps.wellbeing: 3.1% user + 1.1% kernel / faults: 1045 minor 2 major
06-02 04:44:43.537   687  2000 E ActivityManager:   3.9% 1094/com.android.phone: 3% user + 0.9% kernel / faults: 1565 minor 117 major
06-02 04:44:43.537   687  2000 E ActivityManager:   3.7% 1627/com.google.android.gms: 2.6% user + 1.1% kernel / faults: 1451 minor 2 major
06-02 04:44:43.537   687  2000 E ActivityManager: 95% TOTAL: 44% user + 36% kernel + 2.5% iowait + 7.5% irq + 3.3% softirq
06-02 04:44:43.537   687  2000 E ActivityManager: CPU usage from 130416ms to 130416ms ago (1969-12-31 19:00:00.000 to 1969-12-31 19:00:00.000) with 0% awake:
06-02 04:44:43.537   687  2000 E ActivityManager: 0% TOTAL: 0% user + 0% kernel
06-02 04:44:43.538   687   900 D BackgroundInstallControlService: Package event received: 0
06-02 04:44:43.549   687  2196 I DropBoxManagerService: add tag=system_app_anr isTagEnabled=true flags=0x6
06-02 04:44:43.570   687  2102 W AppOpService: Ignored setUidMode call for runtime permission app op: uid = 1001, code = READ_SMS, mode = allow, callingUid = 1001, oldMode = allow
06-02 04:44:43.571   687   768 W AppOpService: Ignored setUidMode call for runtime permission app op: uid = 1001, code = RECEIVE_SMS, mode = allow, callingUid = 1001, oldMode = allow
06-02 04:44:43.571   687   768 W AppOpService: Ignored setUidMode call for runtime permission app op: uid = 1001, code = RECEIVE_WAP_PUSH, mode = allow, callingUid = 1001, oldMode = allow
06-02 04:44:43.572   687  2102 W AppOpService: Ignored setUidMode call for runtime permission app op: uid = 1001, code = SEND_SMS, mode = allow, callingUid = 1001, oldMode = allow
06-02 04:44:43.576   687   723 W ActivityManager: Slow operation: 143ms so far, now at startProcess: returned from zygote!
06-02 04:44:43.577   687   723 W ActivityManager: Slow operation: 143ms so far, now at startProcess: done updating battery stats
06-02 04:44:43.577   687   723 W ActivityManager: Slow operation: 144ms so far, now at startProcess: building log message
06-02 04:44:43.577   687   723 I ActivityManager: Start proc 2198:com.google.android.gms.persistent/u0a148 for content provider {com.google.android.gms/com.google.android.gms.phenotype.provider.ConfigurationProvider}
06-02 04:44:43.577   687   723 W ActivityManager: Slow operation: 144ms so far, now at startProcess: starting to update pids map
06-02 04:44:43.577   687   723 I ActivityManager: ProcessObserver broadcast disabled
06-02 04:44:43.588   687   723 W ActivityManager: Slow operation: 154ms so far, now at startProcess: done updating pids map
06-02 04:44:43.593   687  1458 W AppOpService: Ignored setUidMode call for runtime permission app op: uid = 1001, code = READ_CELL_BROADCASTS, mode = allow, callingUid = 1001, oldMode = allow
06-02 04:44:43.634   687   687 V ConditionProviders: enabling condition provider for 0: ComponentInfo{com.google.android.apps.wellbeing/com.google.android.apps.wellbeing.azr.impl.AzrConditionProviderService}
06-02 04:44:43.634   687   687 V ConditionProviders: Not registering ComponentInfo{com.google.android.apps.wellbeing/com.google.android.apps.wellbeing.azr.impl.AzrConditionProviderService} is already bound
06-02 04:44:43.667   687   877 D AppWidgetServiceImpl: Trying to notify widget providers changed
06-02 04:44:43.667   687   877 D AppWidgetServiceImpl: Trying to notify widget providers changed
06-02 04:44:43.705   687   897 D ShortcutService: received package broadcast intent: Intent { act=android.intent.action.PACKAGE_CHANGED dat=package: flg=0x45000010 pkg=android (has extras) }
06-02 04:44:43.705   687   897 D ShortcutService: changing package: com.google.android.apps.wellbeing userId=0
06-02 04:44:43.726   687   897 D ShortcutService: received package broadcast intent: Intent { act=android.intent.action.PACKAGE_CHANGED dat=package: flg=0x45000010 (has extras) }
06-02 04:44:43.726   687   897 D ShortcutService: changing package: com.google.android.apps.wellbeing userId=0
06-02 04:44:43.751   687   900 D BackgroundInstallControlService: Package event received: 0
06-02 04:44:43.751   687   900 D BackgroundInstallControlService: Package event received: 0
06-02 04:44:43.751   687   900 D BackgroundInstallControlService: Package event received: 0
06-02 04:44:43.752   687  2000 I ActivityManager: Killing 1413:com.google.android.as/u0a137 (adj 0): bg anr
06-02 04:44:43.753   687  2000 D ActivityManager: Completed ANR of com.google.android.as in 1134ms, latency 13647ms (expired, only dump ANR app)
06-02 04:44:43.762   687  2000 I ActivityManager: dumpStackTraces pids=null
06-02 04:44:43.763   687  2000 I ActivityManager: Dumping to /data/anr/anr_2026-06-02-04-44-43-762
06-02 04:44:43.795  1627  1769 V Configuration: Updating configuration, locales updated from [] to [en_US]
06-02 04:44:43.798   687  1585 W ActivityManager: pid 1627 com.google.android.gms sent binder code 31 with flags 2 to frozen apps and got error -32
06-02 04:44:43.799   687  1585 D ActivityManager: Too many transaction errors, throttling freezer binder callback.
06-02 04:44:43.799   687  1585 W ActivityManager: pid 1341 com.google.android.apps.wellbeing sent binder code 2 with flags 2 to frozen apps and got error -32
06-02 04:44:43.799   687  1585 D ActivityManager: Too many transaction errors, throttling freezer binder callback.
06-02 04:44:43.881   687   900 D BackgroundInstallControlService: Package event received: 0
06-02 04:44:44.146   687   721 E PackageManager: Optimistic bind failed.
06-02 04:44:44.146   687   721 E PackageManager: java.util.concurrent.TimeoutException: [Optimistic Bind] Didn't bind to resolver in time!
06-02 04:44:44.146   687   721 E PackageManager: 	at com.android.server.pm.InstantAppResolverConnection.waitForBindLocked(InstantAppResolverConnection.java:160)
06-02 04:44:44.146   687   721 E PackageManager: 	at com.android.server.pm.InstantAppResolverConnection.bind(InstantAppResolverConnection.java:230)
06-02 04:44:44.146   687   721 E PackageManager: 	at com.android.server.pm.InstantAppResolverConnection.lambda$optimisticBind$0(InstantAppResolverConnection.java:260)
06-02 04:44:44.146   687   721 E PackageManager: 	at com.android.server.pm.InstantAppResolverConnection.$r8$lambda$66W2s2mMKe4pk_xXCScH9RCqav8(InstantAppResolverConnection.java:0)
06-02 04:44:44.146   687   721 E PackageManager: 	at com.android.server.pm.InstantAppResolverConnection$$ExternalSyntheticLambda0.run(R8$$SyntheticClass:0)
06-02 04:44:44.146   687   721 E PackageManager: 	at android.os.Handler.handleCallback(Handler.java:995)
06-02 04:44:44.146   687   721 E PackageManager: 	at android.os.Handler.dispatchMessage(Handler.java:103)
06-02 04:44:44.146   687   721 E PackageManager: 	at android.os.Looper.loopOnce(Looper.java:248)
06-02 04:44:44.146   687   721 E PackageManager: 	at android.os.Looper.loop(Looper.java:338)
06-02 04:44:44.146   687   721 E PackageManager: 	at android.os.HandlerThread.run(HandlerThread.java:85)
06-02 04:44:44.199   687  1458 W AppOpService: Ignored setUidMode call for runtime permission app op: uid = 10143, code = READ_CELL_BROADCASTS, mode = allow, callingUid = 1001, oldMode = allow
06-02 04:44:44.287   687   769 W ActivityManager: pid 2105 com.google.android.gms.unstable sent binder code 46 with flags 2 to frozen apps and got error -32
06-02 04:44:44.287   687   769 D ActivityManager: Too many transaction errors, throttling freezer binder callback.
06-02 04:44:44.329   687   769 W AppOpService: Ignored setUidMode call for runtime permission app op: uid = 1001, code = READ_SMS, mode = allow, callingUid = 1001, oldMode = allow
