06-02 04:47:57.788   687   712 W Looper  : Slow dispatch took 545ms android.fg app=system_server main=false group=FOREGROUND h=android.os.Handler c=com.android.server.location.injector.SystemAppForegroundHelper$$ExternalSyntheticLambda1@d337f65 m=0
06-02 04:47:57.789   687   769 W ContentProviderHelper: Slow operation: 775ms so far, now at getContentProviderImpl: after checkContentProviderPermission
06-02 04:47:57.789   687   769 W ContentProviderHelper: Slow operation: 775ms so far, now at getContentProviderImpl: incProviderCountLocked
06-02 04:47:57.789   687   769 W ContentProviderHelper: Slow operation: 775ms so far, now at getContentProviderImpl: before updateLruProcess
06-02 04:47:57.789   687   769 W ContentProviderHelper: Slow operation: 775ms so far, now at getContentProviderImpl: after updateLruProcess
06-02 04:47:57.789   687   769 W ContentProviderHelper: Slow operation: 775ms so far, now at getContentProviderImpl: before updateOomAdj
06-02 04:47:57.789   687   769 W ContentProviderHelper: Slow operation: 775ms so far, now at getContentProviderImpl: after updateOomAdj
06-02 04:47:57.789   687   769 W ContentProviderHelper: Slow operation: 776ms so far, now at getContentProviderImpl: done!
06-02 04:47:58.185   687  1012 D OomAdjuster: Not killing cached processes
06-02 04:47:58.291   687  1943 W ContentProviderHelper: Slow operation: 106ms so far, now at getContentProviderImpl: before checkContentProviderPermission
06-02 04:47:58.291   687  1943 W ContentProviderHelper: Slow operation: 106ms so far, now at getContentProviderImpl: after checkContentProviderPermission
06-02 04:47:58.292   687  1943 W ContentProviderHelper: Slow operation: 106ms so far, now at getContentProviderImpl: incProviderCountLocked
06-02 04:47:58.292   687  1943 W ContentProviderHelper: Slow operation: 106ms so far, now at getContentProviderImpl: before updateLruProcess
06-02 04:47:58.292   687  1943 W ContentProviderHelper: Slow operation: 106ms so far, now at getContentProviderImpl: after updateLruProcess
06-02 04:47:58.292   687  1943 W ContentProviderHelper: Slow operation: 106ms so far, now at getContentProviderImpl: before updateOomAdj
06-02 04:47:58.293   687  1943 W ContentProviderHelper: Slow operation: 108ms so far, now at getContentProviderImpl: after updateOomAdj
06-02 04:47:58.293   687  1943 W ContentProviderHelper: Slow operation: 108ms so far, now at getContentProviderImpl: done!
06-02 04:47:58.374   687   722 I ActivityManager: Waited long enough for: ServiceRecord{4187bc3 u0 com.google.android.gms/.chimera.UiIntentOperationService c:com.google.android.gms}
06-02 04:47:58.396   687   795 D ActivityManager: freezing 3933 com.google.android.marvin.talkback
06-02 04:47:58.460   687   687 W Looper  : Slow dispatch took 1739ms main app=system_server main=true group=FOREGROUND h=com.android.server.alarm.AlarmManagerService$AlarmHandler c=android.app.ActivityManager$2$$ExternalSyntheticLambda0@557d649 m=0
06-02 04:47:58.839   687   687 W Looper  : Slow delivery took 1719ms main app=system_server main=true group=FOREGROUND h=android.app.ActivityThread$H c=android.app.LoadedApk$ServiceDispatcher$RunConnection@aa18f20 m=0
06-02 04:47:58.839   687   687 W Looper  : Slow dispatch took 377ms main app=system_server main=true group=FOREGROUND h=android.app.ActivityThread$H c=android.app.LoadedApk$ServiceDispatcher$RunConnection@aa18f20 m=0
06-02 04:47:58.869   687   712 W Looper  : Drained
06-02 04:47:59.080   687   687 W Looper  : Slow dispatch took 221ms main app=system_server main=true group=FOREGROUND h=com.android.server.alarm.AlarmManagerService$AlarmHandler c=android.app.ActivityManager$2$$ExternalSyntheticLambda0@1fc2a05 m=0
06-02 04:47:59.115   687  1583 W AppOpService: Ignored setUidMode call for runtime permission app op: uid = 10143, code = READ_CELL_BROADCASTS, mode = allow, callingUid = 1001, oldMode = allow
06-02 04:47:59.129   687   779 W ActivityManager: Slow operation: 652ms so far, now at finishAttachApplicationInner: after mServices.attachApplicationLocked
06-02 04:47:59.129   687   779 W ActivityManager: Slow operation: 652ms so far, now at finishAttachApplicationInner: after dispatching broadcasts
06-02 04:47:59.166   687   712 W Looper  : Slow delivery took 202ms android.fg app=system_server main=false group=FOREGROUND h=android.os.Handler c=com.android.internal.content.PackageMonitor$$ExternalSyntheticLambda0@31a6181 m=0
06-02 04:47:59.322   687   900 D BackgroundInstallControlService: Package event received: 0
06-02 04:47:59.335   687   915 W AppOpService: Ignored setUidMode call for runtime permission app op: uid = 1001, code = READ_SMS, mode = allow, callingUid = 1001, oldMode = allow
06-02 04:47:59.408   687   915 W AppOpService: Ignored setUidMode call for runtime permission app op: uid = 1001, code = RECEIVE_SMS, mode = allow, callingUid = 1001, oldMode = allow
06-02 04:47:59.462   687  2256 W AppOpService: Ignored setUidMode call for runtime permission app op: uid = 1001, code = RECEIVE_WAP_PUSH, mode = allow, callingUid = 1001, oldMode = allow
06-02 04:47:59.484   687   915 W AppOpService: Ignored setUidMode call for runtime permission app op: uid = 1001, code = SEND_SMS, mode = allow, callingUid = 1001, oldMode = allow
06-02 04:47:59.487   687   687 W Looper  : Drained
06-02 04:47:59.571   687  1595 W AppOpService: Ignored setUidMode call for runtime permission app op: uid = 1001, code = READ_CELL_BROADCASTS, mode = allow, callingUid = 1001, oldMode = allow
06-02 04:48:00.116   687   722 I ActivityManager: Extending process start timeout by 9363ms for ProcessRecord{4d3a7a9 4061:com.google.android.apps.messaging/u0a143}
06-02 04:48:00.160   687   922 W Looper  : Slow dispatch took 673ms android.perm app=system_server main=false group=FOREGROUND h=android.os.Handler c=com.android.internal.infra.ServiceConnector$Impl$$ExternalSyntheticLambda0@a01ec74 m=0
06-02 04:48:00.426   687   712 W Looper  : Drained
06-02 04:48:01.114   687   795 D ActivityManager: freezing 3813 com.google.android.accessibility.switchaccess
06-02 04:48:01.138   687   795 D ActivityManager: freezing 2908 com.google.android.rkpdapp
06-02 04:48:01.753   687   900 D BackgroundInstallControlService: Package event received: 0
06-02 04:48:01.790   687   687 W Looper  : Slow delivery took 348ms main app=system_server main=true group=FOREGROUND h=com.android.server.alarm.AlarmManagerService$AlarmHandler c=android.app.ActivityManager$2$$ExternalSyntheticLambda0@cb0604c m=0
06-02 04:48:01.897   687  1458 W AppOpService: Ignored setUidMode call for runtime permission app op: uid = 10143, code = READ_CELL_BROADCASTS, mode = allow, callingUid = 1001, oldMode = allow
06-02 04:48:02.071   687   687 W Looper  : Drained
06-02 04:48:02.243   687   815 V AccessibilityManagerService: onUserStateChangedLocked for userId: 0, forceUpdate: false
06-02 04:48:02.555   687   722 I ActivityManager: Extending process start timeout by 10276ms for ProcessRecord{a47f172 4094:com.google.android.googlequicksearchbox:search/u0a149}
06-02 04:48:02.679   687  1192 W AppOpService: Ignored setUidMode call for runtime permission app op: uid = 1001, code = READ_SMS, mode = allow, callingUid = 1001, oldMode = allow
06-02 04:48:02.812   687   687 W Looper  : Slow dispatch took 128ms main app=system_server main=true group=FOREGROUND h=com.android.server.alarm.AlarmManagerService$AlarmHandler c=android.app.PendingIntent$FinishedDispatcher@104fe96 m=0
06-02 04:48:02.844   687  1944 W AppOpService: Ignored setUidMode call for runtime permission app op: uid = 1001, code = RECEIVE_SMS, mode = allow, callingUid = 1001, oldMode = allow
06-02 04:48:02.894   687  1944 W AppOpService: Ignored setUidMode call for runtime permission app op: uid = 1001, code = RECEIVE_WAP_PUSH, mode = allow, callingUid = 1001, oldMode = allow
06-02 04:48:02.908   687  1944 W AppOpService: Ignored setUidMode call for runtime permission app op: uid = 1001, code = SEND_SMS, mode = allow, callingUid = 1001, oldMode = allow
06-02 04:48:02.926   687   815 W MagnificationConnectionManager: requestConnection duplicated request: connect=false, mConnectionState=DISCONNECTED
06-02 04:48:02.929   687   769 W AppOpService: Ignored setUidMode call for runtime permission app op: uid = 1001, code = READ_CELL_BROADCASTS, mode = allow, callingUid = 1001, oldMode = allow
06-02 04:48:02.942   687   795 D ActivityManager: freezing 3136 android.process.acore
06-02 04:48:02.983   942  1055 W Looper  : Drained
06-02 04:48:03.035   687  1192 W ActivityManager: Background start not allowed: service Intent { xflg=0x4 cmp=com.google.android.apps.messaging/.shared.datamodel.action.execution.ActionExecutorImpl$EmptyService } to com.google.android.apps.messaging/.shared.datamodel.action.execution.ActionExecutorImpl$EmptyService from pid=4061 uid=10143 pkg=com.google.android.apps.messaging startFg?=false
06-02 04:48:03.208   687   900 D BackgroundInstallControlService: Package event received: 0
06-02 04:48:03.208   687   749 I AppsFilter: interaction: PackageSetting{cbc886c com.android.microdroid.empty_payload/10204} -> PackageSetting{46a97ce com.google.android.apps.messaging/10143} BLOCKED
06-02 04:48:03.587   687  2256 W ActivityManager: Background start not allowed: service Intent { xflg=0x4 cmp=com.google.android.apps.messaging/.shared.datamodel.action.execution.ActionExecutorImpl$EmptyService } to com.google.android.apps.messaging/.shared.datamodel.action.execution.ActionExecutorImpl$EmptyService from pid=4061 uid=10143 pkg=com.google.android.apps.messaging startFg?=false
06-02 04:48:03.639   687   779 D OomAdjuster: Not killing cached processes
06-02 04:48:03.674   687  1192 W AppOpService: Ignored setUidMode call for runtime permission app op: uid = 10143, code = READ_CELL_BROADCASTS, mode = allow, callingUid = 1001, oldMode = allow
06-02 04:48:03.945   687   712 W Looper  : Slow delivery took 500ms android.fg app=system_server main=false group=FOREGROUND h=android.os.Handler c=com.android.internal.content.PackageMonitor$$ExternalSyntheticLambda0@950725c m=0
06-02 04:48:04.127   249  4052 I keystore2: system/security/keystore2/watchdog/src/lib.rs:377 - Watchdog thread idle -> terminating. Have a great day.
06-02 04:48:04.500   687   712 W Looper  : Drained
06-02 04:48:04.690   687   786 W JobServiceContext: Timed out while trying to bind for 3c5b540 #u0a149/-353 com.google.android.googlequicksearchbox/com.google.android.apps.gsa.tasks.BackgroundTasksJobService
06-02 04:48:04.728   687  1592 I BroadcastQueue: BOOT_COMPLETED_BROADCAST_COMPLETION_LATENCY_REPORTED action:android.intent.action.BOOT_COMPLETED dispatchLatency:4382 completeLatency:36245 dispatchRealLatency:4382 completeRealLatency:36245 receiversSize:2 userId:0 userType:android.os.usertype.full.SYSTEM
06-02 04:48:04.751   687   897 D ShortcutService: received package broadcast intent: Intent { act=android.intent.action.PACKAGE_CHANGED dat=package: flg=0x45000010 pkg=android (has extras) }
06-02 04:48:04.751   687   897 D ShortcutService: changing package: com.google.android.gms userId=0
06-02 04:48:04.891   687   712 W Looper  : Slow dispatch took 128ms android.fg app=system_server main=false group=FOREGROUND h=android.os.Handler c=com.android.server.am.SameProcessApplicationThread$$ExternalSyntheticLambda1@47902b5 m=0
06-02 04:48:04.925   687   687 W Looper  : Slow dispatch took 136ms main app=system_server main=true group=FOREGROUND h=android.app.ActivityThread$H c=android.app.LoadedApk$ReceiverDispatcher$Args$$ExternalSyntheticLambda0@e4a4197 m=0
06-02 04:48:05.299   687   712 W Looper  : Slow dispatch took 406ms android.fg app=system_server main=false group=FOREGROUND h=android.os.Handler c=com.android.server.am.SameProcessApplicationThread$$ExternalSyntheticLambda1@b676033 m=0
06-02 04:48:05.305   687   712 W Looper  : Slow delivery took 558ms android.fg app=system_server main=false group=FOREGROUND h=android.os.Handler c=com.android.server.am.SameProcessApplicationThread$$ExternalSyntheticLambda1@4c5aff0 m=0
06-02 04:48:05.360   687  1595 W AppOpService: Ignored setUidMode call for runtime permission app op: uid = 1001, code = READ_SMS, mode = allow, callingUid = 1001, oldMode = allow
06-02 04:48:05.361   687  1595 W AppOpService: Ignored setUidMode call for runtime permission app op: uid = 1001, code = RECEIVE_SMS, mode = allow, callingUid = 1001, oldMode = allow
06-02 04:48:05.362   687  1595 W AppOpService: Ignored setUidMode call for runtime permission app op: uid = 1001, code = RECEIVE_WAP_PUSH, mode = allow, callingUid = 1001, oldMode = allow
06-02 04:48:05.372   687  1595 W AppOpService: Ignored setUidMode call for runtime permission app op: uid = 1001, code = SEND_SMS, mode = allow, callingUid = 1001, oldMode = allow
06-02 04:48:05.373   687  1595 W AppOpService: Ignored setUidMode call for runtime permission app op: uid = 1001, code = READ_CELL_BROADCASTS, mode = allow, callingUid = 1001, oldMode = allow
06-02 04:48:05.418   687   712 W Looper  : Slow dispatch took 112ms android.fg app=system_server main=false group=FOREGROUND h=android.os.Handler c=com.android.server.am.SameProcessApplicationThread$$ExternalSyntheticLambda1@10b8d08 m=0
06-02 04:48:05.747   942  1055 W Looper  : Slow delivery took 1894ms SysUiBg app=com.android.systemui main=false group=FOREGROUND h=android.os.Handler c=com.android.internal.content.PackageMonitor$$ExternalSyntheticLambda0@7c79bbe m=0
06-02 04:48:05.788   687  1943 W AppOpService: Ignored setUidMode call for runtime permission app op: uid = 10143, code = READ_CELL_BROADCASTS, mode = allow, callingUid = 1001, oldMode = allow
06-02 04:48:05.793   687   712 W Looper  : Slow dispatch took 306ms android.fg app=system_server main=false group=FOREGROUND h=android.os.Handler c=com.android.server.am.SameProcessApplicationThread$$ExternalSyntheticLambda1@5cdafe4 m=0
06-02 04:48:05.799   687   712 W Looper  : Drained
06-02 04:48:05.893   687  1943 W AppOpService: Ignored setUidMode call for runtime permission app op: uid = 1001, code = READ_SMS, mode = allow, callingUid = 1001, oldMode = allow
06-02 04:48:05.895   687  1134 W AppOpService: Ignored setUidMode call for runtime permission app op: uid = 1001, code = RECEIVE_SMS, mode = allow, callingUid = 1001, oldMode = allow
06-02 04:48:05.895   687  1134 W AppOpService: Ignored setUidMode call for runtime permission app op: uid = 1001, code = RECEIVE_WAP_PUSH, mode = allow, callingUid = 1001, oldMode = allow
06-02 04:48:05.896   687  1134 W AppOpService: Ignored setUidMode call for runtime permission app op: uid = 1001, code = SEND_SMS, mode = allow, callingUid = 1001, oldMode = allow
06-02 04:48:05.896   687  1134 W AppOpService: Ignored setUidMode call for runtime permission app op: uid = 1001, code = READ_CELL_BROADCASTS, mode = allow, callingUid = 1001, oldMode = allow
06-02 04:48:06.148   687  1590 W AppOpService: Ignored setUidMode call for runtime permission app op: uid = 10143, code = READ_CELL_BROADCASTS, mode = allow, callingUid = 1001, oldMode = allow
06-02 04:48:06.208   687  1943 W AppOpService: Ignored setUidMode call for runtime permission app op: uid = 1001, code = READ_SMS, mode = allow, callingUid = 1001, oldMode = allow
06-02 04:48:06.216   687  1943 W AppOpService: Ignored setUidMode call for runtime permission app op: uid = 1001, code = RECEIVE_SMS, mode = allow, callingUid = 1001, oldMode = allow
06-02 04:48:06.218   687  1943 W AppOpService: Ignored setUidMode call for runtime permission app op: uid = 1001, code = RECEIVE_WAP_PUSH, mode = allow, callingUid = 1001, oldMode = allow
06-02 04:48:06.220   687   897 D ShortcutService: received package broadcast intent: Intent { act=android.intent.action.PACKAGE_CHANGED dat=package: flg=0x45000010 pkg=android (has extras) }
06-02 04:48:06.220   687   897 D ShortcutService: changing package: com.google.android.gms userId=0
06-02 04:48:06.222   687  1943 W AppOpService: Ignored setUidMode call for runtime permission app op: uid = 1001, code = SEND_SMS, mode = allow, callingUid = 1001, oldMode = allow
06-02 04:48:06.245   687  2247 W AppOpService: Ignored setUidMode call for runtime permission app op: uid = 1001, code = READ_CELL_BROADCASTS, mode = allow, callingUid = 1001, oldMode = allow
06-02 04:48:06.289   687   722 I ActivityManager: Extending process start timeout by 10291ms for ProcessRecord{7b26a8e 4124:com.google.android.dialer/u0a142}
06-02 04:48:06.366   687   786 D CompatChangeReporter: Compat change id reported: 311208629; UID 10149; state: ENABLED
06-02 04:48:06.407   687   687 W Looper  : Slow dispatch took 1481ms main app=system_server main=true group=FOREGROUND h=android.app.ActivityThread$H c=android.app.LoadedApk$ReceiverDispatcher$Args$$ExternalSyntheticLambda0@bc58a62 m=0
06-02 04:48:06.421   687   687 W Looper  : Slow delivery took 1674ms main app=system_server main=true group=FOREGROUND h=android.app.ActivityThread$H c=android.app.LoadedApk$ReceiverDispatcher$Args$$ExternalSyntheticLambda0@324ccb0 m=0
06-02 04:48:06.544   687   687 V ConditionProviders: enabling condition provider for 0: ComponentInfo{com.google.android.apps.wellbeing/com.google.android.apps.wellbeing.azr.impl.AzrConditionProviderService}
06-02 04:48:06.544   687   687 V ConditionProviders: Not registering ComponentInfo{com.google.android.apps.wellbeing/com.google.android.apps.wellbeing.azr.impl.AzrConditionProviderService} is already bound
06-02 04:48:06.653   687   897 D ShortcutService: received package broadcast intent: Intent { act=android.intent.action.PACKAGE_CHANGED dat=package: flg=0x45000010 (has extras) }
06-02 04:48:06.655   687   897 D ShortcutService: changing package: com.google.android.gms userId=0
06-02 04:48:06.692   687   687 W Looper  : Slow dispatch took 110ms main app=system_server main=true group=FOREGROUND h=android.app.ActivityThread$H c=android.app.LoadedApk$ReceiverDispatcher$Args$$ExternalSyntheticLambda0@64e4aca m=0
06-02 04:48:06.902   687   712 W Looper  : Slow dispatch took 134ms android.fg app=system_server main=false group=FOREGROUND h=android.os.Handler c=android.app.LoadedApk$ReceiverDispatcher$Args$$ExternalSyntheticLambda0@c8e955c m=0
06-02 04:48:06.974   687   687 W Looper  : Slow dispatch took 111ms main app=system_server main=true group=FOREGROUND h=android.app.ActivityThread$H c=android.app.LoadedApk$ReceiverDispatcher$Args$$ExternalSyntheticLambda0@bb21363 m=0
06-02 04:48:07.111   687  1590 W ActivityManager: Slow operation: 371ms so far, now at finishAttachApplicationInner: after mServices.attachApplicationLocked
06-02 04:48:07.111   687  1590 W ActivityManager: Slow operation: 372ms so far, now at finishAttachApplicationInner: after dispatching broadcasts
06-02 04:48:07.137   687  1301 W AppOpService: Ignored setUidMode call for runtime permission app op: uid = 10143, code = READ_CELL_BROADCASTS, mode = allow, callingUid = 1001, oldMode = allow
06-02 04:48:07.154   687  1590 W ActivityManager: Slow operation: 415ms so far, now at finishAttachApplicationInner: after updateOomAdjLocked
06-02 04:48:07.291   687   779 W ActivityManager: Background start not allowed: service Intent { xflg=0x4 cmp=com.google.android.apps.messaging/.shared.datamodel.action.execution.ActionExecutorImpl$EmptyService } to com.google.android.apps.messaging/.shared.datamodel.action.execution.ActionExecutorImpl$EmptyService from pid=4061 uid=10143 pkg=com.google.android.apps.messaging startFg?=false
06-02 04:48:07.343   687  2102 W AppOpService: Ignored setUidMode call for runtime permission app op: uid = 1001, code = READ_SMS, mode = allow, callingUid = 1001, oldMode = allow
06-02 04:48:07.373   687   712 W Looper  : Slow dispatch took 189ms android.fg app=system_server main=false group=FOREGROUND h=android.os.Handler c=com.android.server.am.SameProcessApplicationThread$$ExternalSyntheticLambda1@41ddcf2 m=0
06-02 04:48:07.374   687   712 W Looper  : Slow delivery took 526ms android.fg app=system_server main=false group=FOREGROUND h=android.os.Handler c=com.android.server.am.SameProcessApplicationThread$$ExternalSyntheticLambda1@2949c0 m=0
06-02 04:48:07.403   687   687 W Looper  : Slow dispatch took 193ms main app=system_server main=true group=FOREGROUND h=android.app.ActivityThread$H c=android.app.LoadedApk$ReceiverDispatcher$Args$$ExternalSyntheticLambda0@358184a m=0
06-02 04:48:07.423   687   704 W AppOpService: Ignored setUidMode call for runtime permission app op: uid = 1001, code = RECEIVE_SMS, mode = allow, callingUid = 1001, oldMode = allow
06-02 04:48:07.459   687   922 W Looper  : Slow dispatch took 836ms android.perm app=system_server main=false group=FOREGROUND h=android.os.Handler c=com.android.internal.infra.ServiceConnector$Impl$$ExternalSyntheticLambda2@906fe1c m=0
06-02 04:48:07.460   687   922 W Looper  : Slow delivery took 878ms android.perm app=system_server main=false group=FOREGROUND h=android.os.Handler c=com.android.internal.infra.ServiceConnector$Impl$$ExternalSyntheticLambda2@f0eea25 m=0
06-02 04:48:07.506   687  2102 W AppOpService: Ignored setUidMode call for runtime permission app op: uid = 1001, code = RECEIVE_WAP_PUSH, mode = allow, callingUid = 1001, oldMode = allow
06-02 04:48:07.512   687   687 V ConditionProviders: enabling condition provider for 0: ComponentInfo{com.google.android.apps.wellbeing/com.google.android.apps.wellbeing.azr.impl.AzrConditionProviderService}
06-02 04:48:07.513   687   687 V ConditionProviders: Not registering ComponentInfo{com.google.android.apps.wellbeing/com.google.android.apps.wellbeing.azr.impl.AzrConditionProviderService} is already bound
06-02 04:48:07.516   687   712 W Looper  : Slow dispatch took 141ms android.fg app=system_server main=false group=FOREGROUND h=android.os.Handler c=com.android.server.am.SameProcessApplicationThread$$ExternalSyntheticLambda1@e57c9c6 m=0
06-02 04:48:07.528   687   897 D ShortcutService: received package broadcast intent: Intent { act=android.intent.action.PACKAGE_CHANGED dat=package: flg=0x45000010 pkg=android (has extras) }
06-02 04:48:07.529   687   897 D ShortcutService: changing package: com.google.android.gms userId=0
06-02 04:48:07.530   687   897 D ShortcutService: received package broadcast intent: Intent { act=android.intent.action.PACKAGE_CHANGED dat=package: flg=0x45000010 (has extras) }
06-02 04:48:07.530   687   897 D ShortcutService: changing package: com.google.android.gms userId=0
06-02 04:48:07.540   687  1590 W AppOpService: Ignored setUidMode call for runtime permission app op: uid = 1001, code = SEND_SMS, mode = allow, callingUid = 1001, oldMode = allow
06-02 04:48:07.617   687   922 W Looper  : Slow dispatch took 157ms android.perm app=system_server main=false group=FOREGROUND h=android.os.Handler c=android.app.LoadedApk$ServiceDispatcher$RunConnection@58c3076 m=0
06-02 04:48:07.667   687   687 W Looper  : Slow dispatch took 193ms main app=system_server main=true group=FOREGROUND h=com.android.server.notification.NotificationManagerService$WorkerHandler c=null m=8
06-02 04:48:07.693   687   769 W AppOpService: Ignored setUidMode call for runtime permission app op: uid = 1001, code = READ_CELL_BROADCASTS, mode = allow, callingUid = 1001, oldMode = allow
06-02 04:48:07.824   687   687 W Looper  : Slow dispatch took 156ms main app=system_server main=true group=FOREGROUND h=com.android.server.power.Notifier$NotifierHandler c=com.android.server.power.Notifier$$ExternalSyntheticLambda2@dbfa326 m=0
06-02 04:48:07.971   687   687 W Looper  : Slow dispatch took 102ms main app=system_server main=true group=FOREGROUND h=android.app.ActivityThread$H c=android.app.LoadedApk$ReceiverDispatcher$Args$$ExternalSyntheticLambda0@a841f0a m=0
06-02 04:48:07.973   687   687 V ConditionProviders: enabling condition provider for 0: ComponentInfo{com.google.android.apps.wellbeing/com.google.android.apps.wellbeing.azr.impl.AzrConditionProviderService}
06-02 04:48:07.973   687   687 V ConditionProviders: Not registering ComponentInfo{com.google.android.apps.wellbeing/com.google.android.apps.wellbeing.azr.impl.AzrConditionProviderService} is already bound
06-02 04:48:07.990   687   712 W Looper  : Drained
06-02 04:48:07.991   687   712 W Looper  : Slow dispatch took 384ms android.fg app=system_server main=false group=FOREGROUND h=android.os.Handler c=android.app.LoadedApk$ReceiverDispatcher$Args$$ExternalSyntheticLambda0@dc5b344 m=0
06-02 04:48:08.377   687   687 W Looper  : Slow dispatch took 403ms main app=system_server main=true group=FOREGROUND h=android.app.ActivityThread$H c=android.app.LoadedApk$ReceiverDispatcher$Args$$ExternalSyntheticLambda0@1e7574 m=0
06-02 04:48:08.408   687   815 V AccessibilityManagerService: onUserStateChangedLocked for userId: 0, forceUpdate: false
06-02 04:48:08.453   687  1944 D CompatChangeReporter: Compat change id reported: 297989574; UID 10142; state: ENABLED
06-02 04:48:08.518   687   687 W Looper  : Slow dispatch took 136ms main app=system_server main=true group=FOREGROUND h=android.app.ActivityThread$H c=android.app.LoadedApk$ReceiverDispatcher$Args$$ExternalSyntheticLambda0@246433c m=0
06-02 04:48:08.618   687   687 V ConditionProviders: enabling condition provider for 0: ComponentInfo{com.google.android.apps.wellbeing/com.google.android.apps.wellbeing.azr.impl.AzrConditionProviderService}
06-02 04:48:08.678   687   687 V ConditionProviders: Not registering ComponentInfo{com.google.android.apps.wellbeing/com.google.android.apps.wellbeing.azr.impl.AzrConditionProviderService} is already bound
06-02 04:48:08.680   687  2247 D OomAdjuster: Not killing cached processes
06-02 04:48:08.682   687   723 W ActivityManager: Slow operation: 399ms so far, now at startProcess: returned from zygote!
06-02 04:48:08.682   687   723 W ActivityManager: Slow operation: 399ms so far, now at startProcess: done updating battery stats
06-02 04:48:08.682   687   723 W ActivityManager: Slow operation: 399ms so far, now at startProcess: building log message
06-02 04:48:08.682   687   723 I ActivityManager: Start proc 4283:com.google.android.apps.safetyhub/u0a144 for broadcast {com.google.android.apps.safetyhub/com.google.android.apps.safetyhub.startup.StartupBroadcastReceiver_Receiver}
06-02 04:48:08.682   687   723 W ActivityManager: Slow operation: 399ms so far, now at startProcess: starting to update pids map
06-02 04:48:08.721   687   723 I ActivityManager: ProcessObserver broadcast disabled
06-02 04:48:08.721   687   723 W ActivityManager: Slow operation: 438ms so far, now at startProcess: done updating pids map
06-02 04:48:08.856   687   815 W MagnificationConnectionManager: requestConnection duplicated request: connect=false, mConnectionState=DISCONNECTED
06-02 04:48:09.719   687   687 W Looper  : Slow dispatch took 114ms main app=system_server main=true group=FOREGROUND h=android.app.ActivityThread$H c=android.app.LoadedApk$ReceiverDispatcher$Args$$ExternalSyntheticLambda0@2708d3d m=0
06-02 04:48:09.722   687   687 V ConditionProviders: enabling condition provider for 0: ComponentInfo{com.google.android.apps.wellbeing/com.google.android.apps.wellbeing.azr.impl.AzrConditionProviderService}
06-02 04:48:09.722   687   687 V ConditionProviders: Not registering ComponentInfo{com.google.android.apps.wellbeing/com.google.android.apps.wellbeing.azr.impl.AzrConditionProviderService} is already bound
06-02 04:48:09.728   687   922 W Looper  : Drained
06-02 04:48:10.181   687   687 W Looper  : Slow dispatch took 458ms main app=system_server main=true group=FOREGROUND h=android.app.ActivityThread$H c=android.app.LoadedApk$ReceiverDispatcher$Args$$ExternalSyntheticLambda0@ba19f18 m=0
06-02 04:48:10.208   687   687 V ConditionProviders: enabling condition provider for 0: ComponentInfo{com.google.android.apps.wellbeing/com.google.android.apps.wellbeing.azr.impl.AzrConditionProviderService}
06-02 04:48:10.208   687   687 V ConditionProviders: Not registering ComponentInfo{com.google.android.apps.wellbeing/com.google.android.apps.wellbeing.azr.impl.AzrConditionProviderService} is already bound
06-02 04:48:10.250   687   687 V ConditionProviders: enabling condition provider for 0: ComponentInfo{com.google.android.apps.wellbeing/com.google.android.apps.wellbeing.azr.impl.AzrConditionProviderService}
06-02 04:48:10.250   687   687 V ConditionProviders: Not registering ComponentInfo{com.google.android.apps.wellbeing/com.google.android.apps.wellbeing.azr.impl.AzrConditionProviderService} is already bound
06-02 04:48:10.259   687   687 V ConditionProviders: enabling condition provider for 0: ComponentInfo{com.google.android.apps.wellbeing/com.google.android.apps.wellbeing.azr.impl.AzrConditionProviderService}
06-02 04:48:10.260   687   687 V ConditionProviders: Not registering ComponentInfo{com.google.android.apps.wellbeing/com.google.android.apps.wellbeing.azr.impl.AzrConditionProviderService} is already bound
06-02 04:48:10.266   687   687 V ConditionProviders: enabling condition provider for 0: ComponentInfo{com.google.android.apps.wellbeing/com.google.android.apps.wellbeing.azr.impl.AzrConditionProviderService}
06-02 04:48:10.270   687   687 V ConditionProviders: Not registering ComponentInfo{com.google.android.apps.wellbeing/com.google.android.apps.wellbeing.azr.impl.AzrConditionProviderService} is already bound
06-02 04:48:10.285   687  1583 D CompatChangeReporter: Compat change id reported: 311402873; UID 10149; state: ENABLED
06-02 04:48:10.285   687  1583 D CompatChangeReporter: Compat change id reported: 323349338; UID 10149; state: ENABLED
06-02 04:48:10.298   687   687 V ConditionProviders: enabling condition provider for 0: ComponentInfo{com.google.android.apps.wellbeing/com.google.android.apps.wellbeing.azr.impl.AzrConditionProviderService}
06-02 04:48:10.298   687   687 V ConditionProviders: Not registering ComponentInfo{com.google.android.apps.wellbeing/com.google.android.apps.wellbeing.azr.impl.AzrConditionProviderService} is already bound
06-02 04:48:10.306   687   687 V ConditionProviders: enabling condition provider for 0: ComponentInfo{com.google.android.apps.wellbeing/com.google.android.apps.wellbeing.azr.impl.AzrConditionProviderService}
06-02 04:48:10.306   687   687 V ConditionProviders: Not registering ComponentInfo{com.google.android.apps.wellbeing/com.google.android.apps.wellbeing.azr.impl.AzrConditionProviderService} is already bound
06-02 04:48:10.309   687  1947 W ActivityManager: Slow operation: 706ms so far, now at finishAttachApplicationInner: after mServices.attachApplicationLocked
06-02 04:48:10.309   687  1947 W ActivityManager: Slow operation: 706ms so far, now at finishAttachApplicationInner: after dispatching broadcasts
06-02 04:48:10.365   687   815 V AccessibilityManagerService: onUserStateChangedLocked for userId: 0, forceUpdate: false
06-02 04:48:10.373   687   815 W MagnificationConnectionManager: requestConnection duplicated request: connect=false, mConnectionState=DISCONNECTED
06-02 04:48:10.380   687   687 W Looper  : Drained
06-02 04:48:10.432   687   815 V AccessibilityManagerService: onUserStateChangedLocked for userId: 0, forceUpdate: false
06-02 04:48:10.853   687   815 W MagnificationConnectionManager: requestConnection duplicated request: connect=false, mConnectionState=DISCONNECTED
06-02 04:48:11.021   687   705 W ContextImpl: Calling a method in the system process without a qualified user: android.app.ContextImpl.sendBroadcastMultiplePermissions:1352 android.content.Context.sendBroadcastMultiplePermissions:2529 android.content.Context.sendBroadcastMultiplePermissions:2517 com.android.server.TelephonyRegistry.broadcastDataConnectionStateChanged:4378 com.android.server.TelephonyRegistry.notifyDataConnectionForSubscriber:2321 
06-02 04:48:11.135   687   897 D ShortcutService: received package broadcast intent: Intent { act=android.intent.action.PACKAGE_CHANGED dat=package: flg=0x45000010 pkg=android (has extras) }
06-02 04:48:11.135   687   897 D ShortcutService: changing package: com.google.android.gms userId=0
06-02 04:48:11.428   942  1055 W Looper  : Drained
06-02 04:48:11.529   687   815 V AccessibilityManagerService: onUserStateChangedLocked for userId: 0, forceUpdate: false
06-02 04:48:11.531   687   815 W MagnificationConnectionManager: requestConnection duplicated request: connect=false, mConnectionState=DISCONNECTED
06-02 04:48:11.539   687   815 V AccessibilityManagerService: onUserStateChangedLocked for userId: 0, forceUpdate: false
06-02 04:48:11.543   687   815 W MagnificationConnectionManager: requestConnection duplicated request: connect=false, mConnectionState=DISCONNECTED
06-02 04:48:11.582   687   815 V AccessibilityManagerService: onUserStateChangedLocked for userId: 0, forceUpdate: false
06-02 04:48:11.592   687   815 W MagnificationConnectionManager: requestConnection duplicated request: connect=false, mConnectionState=DISCONNECTED
06-02 04:48:12.023   687   687 W Looper  : Slow delivery took 225ms main app=system_server main=true group=FOREGROUND h=com.android.server.accessibility.AccessibilityManagerService$MainHandler c=<recycled PooledLambda@3620e36> m=0
06-02 04:48:12.107   687   795 D ActivityManager: freezing 4150 com.google.android.adservices.api
06-02 04:48:12.116   687   687 V ConditionProviders: enabling condition provider for 0: ComponentInfo{com.google.android.apps.wellbeing/com.google.android.apps.wellbeing.azr.impl.AzrConditionProviderService}
06-02 04:48:12.116   687   687 V ConditionProviders: Not registering ComponentInfo{com.google.android.apps.wellbeing/com.google.android.apps.wellbeing.azr.impl.AzrConditionProviderService} is already bound
06-02 04:48:12.127   687   687 W Looper  : Drained
06-02 04:48:12.129   687   687 V ConditionProviders: enabling condition provider for 0: ComponentInfo{com.google.android.apps.wellbeing/com.google.android.apps.wellbeing.azr.impl.AzrConditionProviderService}
06-02 04:48:12.129   687   687 V ConditionProviders: Not registering ComponentInfo{com.google.android.apps.wellbeing/com.google.android.apps.wellbeing.azr.impl.AzrConditionProviderService} is already bound
06-02 04:48:12.349   687   815 V AccessibilityManagerService: onUserStateChangedLocked for userId: 0, forceUpdate: false
06-02 04:48:12.442   687   687 W Looper  : Slow dispatch took 124ms main app=system_server main=true group=FOREGROUND h=com.android.server.alarm.AlarmManagerService$AlarmHandler c=android.app.ActivityManager$2$$ExternalSyntheticLambda0@93f83ef m=0
06-02 04:48:12.495   687   815 W MagnificationConnectionManager: requestConnection duplicated request: connect=false, mConnectionState=DISCONNECTED
06-02 04:48:12.547   687  1592 W AppOpService: Ignored setUidMode call for runtime permission app op: uid = 10143, code = READ_CELL_BROADCASTS, mode = allow, callingUid = 1001, oldMode = allow
06-02 04:48:13.131   687  1590 W AppOpService: Ignored setUidMode call for runtime permission app op: uid = 1001, code = READ_SMS, mode = allow, callingUid = 1001, oldMode = allow
06-02 04:48:13.150   687  1592 W AppOpService: Ignored setUidMode call for runtime permission app op: uid = 1001, code = RECEIVE_SMS, mode = allow, callingUid = 1001, oldMode = allow
06-02 04:48:13.159   687  2247 W AppOpService: Ignored setUidMode call for runtime permission app op: uid = 1001, code = RECEIVE_WAP_PUSH, mode = allow, callingUid = 1001, oldMode = allow
06-02 04:48:13.162   687  2247 W AppOpService: Ignored setUidMode call for runtime permission app op: uid = 1001, code = SEND_SMS, mode = allow, callingUid = 1001, oldMode = allow
06-02 04:48:13.197   687  1458 W AppOpService: Ignored setUidMode call for runtime permission app op: uid = 1001, code = READ_CELL_BROADCASTS, mode = allow, callingUid = 1001, oldMode = allow
06-02 04:48:13.467   687   900 D BackgroundInstallControlService: Package event received: 0
06-02 04:48:13.497   687  2102 W ActivityManager: Slow operation: 153ms so far, now at attachApplicationLocked: immediately after bindApplication
06-02 04:48:13.568   687  2102 W ActivityManager: Slow operation: 224ms so far, now at attachApplicationLocked: after updateLruProcessLocked
06-02 04:48:13.571   687   900 D BackgroundInstallControlService: Package event received: 0
06-02 04:48:13.571   687   900 D BackgroundInstallControlService: Package event received: 0
06-02 04:48:13.639   687  2102 W ActivityManager: Slow operation: 295ms so far, now at attachApplicationLocked: after updateOomAdjLocked
06-02 04:48:13.653   687   900 D BackgroundInstallControlService: Package event received: 0
06-02 04:48:13.707   687   900 D BackgroundInstallControlService: Package event received: 0
06-02 04:48:13.920   687   897 D ShortcutService: received package broadcast intent: Intent { act=android.intent.action.PACKAGE_CHANGED dat=package: flg=0x45000010 (has extras) }
06-02 04:48:13.921   687   897 D ShortcutService: changing package: com.google.android.gms userId=0
06-02 04:48:14.526   687  2256 W AppOpService: Ignored setUidMode call for runtime permission app op: uid = 10143, code = READ_CELL_BROADCASTS, mode = allow, callingUid = 1001, oldMode = allow
06-02 04:48:14.849   687   712 W Looper  : Slow dispatch took 122ms android.fg app=system_server main=false group=FOREGROUND h=android.os.Handler c=com.android.server.am.SameProcessApplicationThread$$ExternalSyntheticLambda1@ce92f88 m=0
06-02 04:48:14.850   687   712 W Looper  : Slow delivery took 716ms android.fg app=system_server main=false group=FOREGROUND h=android.os.Handler c=com.android.server.am.SameProcessApplicationThread$$ExternalSyntheticLambda1@a286546 m=0
06-02 04:48:14.854   687   712 W Looper  : Drained
06-02 04:48:14.858   687   687 W Looper  : Slow dispatch took 344ms main app=system_server main=true group=FOREGROUND h=android.app.ActivityThread$H c=android.app.LoadedApk$ReceiverDispatcher$Args$$ExternalSyntheticLambda0@3212a5d m=0
06-02 04:48:15.429   687   687 W Looper  : Slow delivery took 941ms main app=system_server main=true group=FOREGROUND h=android.app.ActivityThread$H c=android.app.LoadedApk$ReceiverDispatcher$Args$$ExternalSyntheticLambda0@3cb0f59 m=0
06-02 04:48:15.547   687  1458 D OomAdjuster: Not killing cached processes
06-02 04:48:15.801   687   712 W Looper  : Slow dispatch took 302ms android.fg app=system_server main=false group=FOREGROUND h=android.os.Handler c=com.android.internal.content.PackageMonitor$$ExternalSyntheticLambda0@d67ceda m=0
06-02 04:48:15.814   687   687 V ConditionProviders: enabling condition provider for 0: ComponentInfo{com.google.android.apps.wellbeing/com.google.android.apps.wellbeing.azr.impl.AzrConditionProviderService}
06-02 04:48:15.814   687   687 V ConditionProviders: Not registering ComponentInfo{com.google.android.apps.wellbeing/com.google.android.apps.wellbeing.azr.impl.AzrConditionProviderService} is already bound
06-02 04:48:15.815   687   687 W Looper  : Slow dispatch took 226ms main app=system_server main=true group=FOREGROUND h=com.android.server.notification.NotificationManagerService$WorkerHandler c=null m=8
06-02 04:48:15.880   687   712 W Looper  : Slow delivery took 443ms android.fg app=system_server main=false group=FOREGROUND h=android.os.Handler c=com.android.internal.content.PackageMonitor$$ExternalSyntheticLambda0@6ae30e7 m=0
06-02 04:48:15.897   687   704 W AppOpService: Ignored setUidMode call for runtime permission app op: uid = 1001, code = READ_SMS, mode = allow, callingUid = 1001, oldMode = allow
06-02 04:48:15.933   687   712 W Looper  : Drained
06-02 04:48:16.084   687  1592 W AppOpService: Ignored setUidMode call for runtime permission app op: uid = 1001, code = RECEIVE_SMS, mode = allow, callingUid = 1001, oldMode = allow
06-02 04:48:16.141   687  1590 W AppOpService: Ignored setUidMode call for runtime permission app op: uid = 1001, code = RECEIVE_WAP_PUSH, mode = allow, callingUid = 1001, oldMode = allow
06-02 04:48:16.573   687   897 D ShortcutService: received package broadcast intent: Intent { act=android.intent.action.PACKAGE_CHANGED dat=package: flg=0x45000010 pkg=android (has extras) }
06-02 04:48:16.626   687   915 W AppOpService: Ignored setUidMode call for runtime permission app op: uid = 1001, code = SEND_SMS, mode = allow, callingUid = 1001, oldMode = allow
06-02 04:48:16.636   687   897 D ShortcutService: changing package: com.google.android.gms userId=0
06-02 04:48:16.650   687  1592 W AppOpService: Ignored setUidMode call for runtime permission app op: uid = 1001, code = READ_CELL_BROADCASTS, mode = allow, callingUid = 1001, oldMode = allow
06-02 04:48:16.662   687   687 W Looper  : Drained
06-02 04:48:16.850   687   687 V ConditionProviders: enabling condition provider for 0: ComponentInfo{com.google.android.apps.wellbeing/com.google.android.apps.wellbeing.azr.impl.AzrConditionProviderService}
06-02 04:48:16.851   687   687 V ConditionProviders: Not registering ComponentInfo{com.google.android.apps.wellbeing/com.google.android.apps.wellbeing.azr.impl.AzrConditionProviderService} is already bound
06-02 04:48:16.882   687   712 W Looper  : Slow delivery took 762ms android.fg app=system_server main=false group=FOREGROUND h=android.os.Handler c=com.android.server.am.SameProcessApplicationThread$$ExternalSyntheticLambda1@a34c12e m=0
06-02 04:48:16.977   687   721 W Looper  : Slow dispatch took 11229ms android.bg app=system_server main=false group=FOREGROUND h=android.os.Handler c=android.app.LoadedApk$ReceiverDispatcher$Args$$ExternalSyntheticLambda0@4b6fc1d m=0
06-02 04:48:16.978   687   721 W Looper  : Slow delivery took 36572ms android.bg app=system_server main=false group=FOREGROUND h=android.os.Handler c=android.app.LoadedApk$ReceiverDispatcher$Args$$ExternalSyntheticLambda0@aecf063 m=0
06-02 04:48:16.979   687   897 D ShortcutService: received package broadcast intent: Intent { act=android.intent.action.PACKAGE_CHANGED dat=package: flg=0x45000010 (has extras) }
06-02 04:48:16.979   687   897 D ShortcutService: changing package: com.google.android.gms userId=0
06-02 04:48:16.982   687   897 D ShortcutService: received package broadcast intent: Intent { act=android.intent.action.PACKAGE_CHANGED dat=package: flg=0x45000010 (has extras) }
06-02 04:48:16.982   687   897 D ShortcutService: changing package: com.google.android.apps.messaging userId=0
06-02 04:48:17.281   687   712 W Looper  : Drained
06-02 04:48:17.319   942  1055 W Looper  : Slow delivery took 1295ms SysUiBg app=com.android.systemui main=false group=FOREGROUND h=android.os.Handler c=com.android.systemui.qs.external.TileLifecycleManager$$ExternalSyntheticLambda11@56807b1 m=0
06-02 04:48:17.328   942  1055 W Looper  : Slow dispatch took 1475ms SysUiBg app=com.android.systemui main=false group=FOREGROUND h=android.os.Handler c=com.android.systemui.qs.external.TileLifecycleManager$$ExternalSyntheticLambda11@56807b1 m=0
06-02 04:48:18.313   687   687 W Looper  : Slow dispatch took 1463ms main app=system_server main=true group=FOREGROUND h=com.android.server.notification.NotificationManagerService$WorkerHandler c=null m=8
06-02 04:48:18.384   687   687 W Looper  : Slow delivery took 1438ms main app=system_server main=true group=FOREGROUND h=android.app.ActivityThread$H c=android.app.LoadedApk$ReceiverDispatcher$Args$$ExternalSyntheticLambda0@8727131 m=0
06-02 04:48:18.646   687   687 W Looper  : Drained
06-02 04:48:19.057   687   900 D BackgroundInstallControlService: Package event received: 0
06-02 04:48:23.592   687   687 W Looper  : Slow delivery took 871ms main app=system_server main=true group=FOREGROUND h=com.android.server.pm.SnapshotStatistics$1 c=null m=0
06-02 04:48:23.615   687   722 D OomAdjuster: Not killing cached processes
06-02 04:48:24.517   687   687 W Looper  : Drained
06-02 04:48:24.519   687   687 W Looper  : Slow dispatch took 258ms main app=system_server main=true group=FOREGROUND h=com.android.server.notification.NotificationManagerService$WorkerHandler c=com.android.server.notification.NotificationManagerService$CancelNotificationRunnable@abd7662 m=0
06-02 04:48:24.532   687   687 W Looper  : Slow delivery took 233ms main app=system_server main=true group=FOREGROUND h=com.android.server.power.Notifier$NotifierHandler c=null m=7
06-02 04:48:27.035   687   722 W ActivityManager: Timeout executing service: ServiceRecord{adbbf28 u0 com.google.android.gms/.magictether.host.TetherListenerService c:com.google.android.gms}
06-02 04:48:27.252   461   493 E NetlinkEvent: NetlinkEvent::FindParam(): Parameter 'INTERFACE' not found
06-02 04:48:27.252   461   493 E NetlinkEvent: NetlinkEvent::FindParam(): Parameter 'STATE' not found
06-02 04:48:27.252   461   493 E NetlinkEvent: NetlinkEvent::FindParam(): Parameter 'TIME_NS' not found
06-02 04:48:27.252   461   493 E NetlinkEvent: NetlinkEvent::FindParam(): Parameter 'UID' not found
06-02 04:48:27.356   687   815 V AccessibilityManagerService: onUserStateChangedLocked for userId: 0, forceUpdate: false
06-02 04:48:27.381   687   722 D CompatChangeReporter: Compat change id reported: 313677553; UID 10148; state: ENABLED
06-02 04:48:27.381   687   722 D CompatChangeReporter: Compat change id reported: 311208749; UID 10148; state: ENABLED
06-02 04:48:27.434   687   769 W AppOpService: Ignored setUidMode call for runtime permission app op: uid = 10143, code = READ_CELL_BROADCASTS, mode = allow, callingUid = 1001, oldMode = allow
06-02 04:48:27.654   687   721 W Looper  : Slow dispatch took 10676ms android.bg app=system_server main=false group=FOREGROUND h=android.os.Handler c=android.app.LoadedApk$ReceiverDispatcher$Args$$ExternalSyntheticLambda0@86d2c08 m=0
06-02 04:48:27.679   687   687 W Looper  : Drained
06-02 04:48:27.685   687   815 W MagnificationConnectionManager: requestConnection duplicated request: connect=false, mConnectionState=DISCONNECTED
06-02 04:48:27.846   687  4384 D ActivityManager: created ANR temporary file:/data/anr/temp_anr_600386898184709237.txt
06-02 04:48:27.846   687  4384 I ActivityManager: Collecting stacks for pid 2198 into temporary file temp_anr_600386898184709237.txt
06-02 04:48:27.860   687  1583 W AppOpService: Ignored setUidMode call for runtime permission app op: uid = 1001, code = READ_SMS, mode = allow, callingUid = 1001, oldMode = allow
06-02 04:48:27.993   687  1943 W ContentProviderHelper: Slow operation: 68ms so far, now at getContentProviderImpl: after resolveContentProvider
06-02 04:48:28.011   687   915 W AppOpService: Ignored setUidMode call for runtime permission app op: uid = 1001, code = RECEIVE_SMS, mode = allow, callingUid = 1001, oldMode = allow
06-02 04:48:28.151   687  1585 W AppOpService: Ignored setUidMode call for runtime permission app op: uid = 1001, code = RECEIVE_WAP_PUSH, mode = allow, callingUid = 1001, oldMode = allow
06-02 04:48:28.154   687  1585 W AppOpService: Ignored setUidMode call for runtime permission app op: uid = 1001, code = SEND_SMS, mode = allow, callingUid = 1001, oldMode = allow
06-02 04:48:28.154   687  1585 W AppOpService: Ignored setUidMode call for runtime permission app op: uid = 1001, code = READ_CELL_BROADCASTS, mode = allow, callingUid = 1001, oldMode = allow
06-02 04:48:28.165  4124  4356 E ActivityThread: Failed to find provider info for androidx.car.app.connection
06-02 04:48:28.281   687   687 W Looper  : Slow delivery took 239ms main app=system_server main=true group=FOREGROUND h=com.android.server.power.Notifier$NotifierHandler c=null m=7
06-02 04:48:28.365   687   687 W Looper  : Drained
06-02 04:48:28.405   687   897 D ShortcutService: received package broadcast intent: Intent { act=android.intent.action.PACKAGE_CHANGED dat=package: flg=0x45000010 pkg=android (has extras) }
06-02 04:48:28.405   687   897 D ShortcutService: changing package: com.google.android.gms userId=0
06-02 04:48:28.432   687   897 D ShortcutService: received package broadcast intent: Intent { act=android.intent.action.PACKAGE_CHANGED dat=package: flg=0x45000010 (has extras) }
06-02 04:48:28.432   687   897 D ShortcutService: changing package: com.google.android.gms userId=0
06-02 04:48:28.445   687   897 D ShortcutService: received package broadcast intent: Intent { act=android.intent.action.PACKAGE_CHANGED dat=package: flg=0x45000010 pkg=android (has extras) }
06-02 04:48:28.446   687   897 D ShortcutService: changing package: com.google.android.gms userId=0
06-02 04:48:28.458   687   897 D ShortcutService: received package broadcast intent: Intent { act=android.intent.action.PACKAGE_CHANGED dat=package: flg=0x45000010 (has extras) }
06-02 04:48:28.458   687   897 D ShortcutService: changing package: com.google.android.gms userId=0
06-02 04:48:28.468   687   897 D ShortcutService: received package broadcast intent: Intent { act=android.intent.action.PACKAGE_CHANGED dat=package: flg=0x45000010 pkg=android (has extras) }
06-02 04:48:28.468   687   897 D ShortcutService: changing package: com.google.android.gms userId=0
06-02 04:48:28.483   687   897 D ShortcutService: received package broadcast intent: Intent { act=android.intent.action.PACKAGE_CHANGED dat=package: flg=0x45000010 (has extras) }
06-02 04:48:28.483   687   897 D ShortcutService: changing package: com.google.android.gms userId=0
06-02 04:48:28.704   687  1458 D OomAdjuster: Not killing cached processes
06-02 04:48:28.706  1627  3949 W FileUtils: Failed to chmod(/data/user/0/com.google.android.gsf/files): android.system.ErrnoException: chmod failed: ENOENT (No such file or directory)
06-02 04:48:28.874   687   712 W Looper  : Slow dispatch took 251ms android.fg app=system_server main=false group=FOREGROUND h=android.net.ConnectivityManager$CallbackHandler c=null m=2
06-02 04:48:29.167   942  1055 W Looper  : Slow dispatch took 7439ms SysUiBg app=com.android.systemui main=false group=FOREGROUND h=android.os.Handler c=android.telephony.TelephonyCallback$IPhoneStateListenerStub$$ExternalSyntheticLambda52@a49404 m=0
06-02 04:48:29.197   687  4385 I ActivityManager: dumpStackTraces pids=null
06-02 04:48:29.259   687   722 I ActivityManager: Extending process start timeout by 12357ms for ProcessRecord{1c695ae 4283:com.google.android.apps.safetyhub/u0a144}
06-02 04:48:29.288   687  2247 D ActivityManager: sync unfroze 3136 android.process.acore for 7
